Component: ARM Compiler 5.05 update 1 (build 106) Tool: armlink [4d0efa]

==============================================================================

Section Cross References

    event_groups.o(i.vEventGroupClearBitsCallback) refers to event_groups.o(i.xEventGroupClearBits) for xEventGroupClearBits
    event_groups.o(i.vEventGroupDelete) refers to tasks.o(i.vTaskSuspendAll) for vTaskSuspendAll
    event_groups.o(i.vEventGroupDelete) refers to tasks.o(i.xTaskRemoveFromUnorderedEventList) for xTaskRemoveFromUnorderedEventList
    event_groups.o(i.vEventGroupDelete) refers to heap_4.o(i.vPortFree) for vPortFree
    event_groups.o(i.vEventGroupDelete) refers to tasks.o(i.xTaskResumeAll) for xTaskResumeAll
    event_groups.o(i.vEventGroupSetBitsCallback) refers to event_groups.o(i.xEventGroupSetBits) for xEventGroupSetBits
    event_groups.o(i.xEventGroupClearBits) refers to port.o(i.vPortEnterCritical) for vPortEnterCritical
    event_groups.o(i.xEventGroupClearBits) refers to port.o(i.vPortExitCritical) for vPortExitCritical
    event_groups.o(i.xEventGroupCreate) refers to heap_4.o(i.pvPortMalloc) for pvPortMalloc
    event_groups.o(i.xEventGroupCreate) refers to list.o(i.vListInitialise) for vListInitialise
    event_groups.o(i.xEventGroupSetBits) refers to tasks.o(i.vTaskSuspendAll) for vTaskSuspendAll
    event_groups.o(i.xEventGroupSetBits) refers to tasks.o(i.xTaskRemoveFromUnorderedEventList) for xTaskRemoveFromUnorderedEventList
    event_groups.o(i.xEventGroupSetBits) refers to tasks.o(i.xTaskResumeAll) for xTaskResumeAll
    event_groups.o(i.xEventGroupSync) refers to tasks.o(i.vTaskSuspendAll) for vTaskSuspendAll
    event_groups.o(i.xEventGroupSync) refers to event_groups.o(i.xEventGroupSetBits) for xEventGroupSetBits
    event_groups.o(i.xEventGroupSync) refers to tasks.o(i.vTaskPlaceOnUnorderedEventList) for vTaskPlaceOnUnorderedEventList
    event_groups.o(i.xEventGroupSync) refers to tasks.o(i.xTaskResumeAll) for xTaskResumeAll
    event_groups.o(i.xEventGroupSync) refers to tasks.o(i.uxTaskResetEventItemValue) for uxTaskResetEventItemValue
    event_groups.o(i.xEventGroupSync) refers to port.o(i.vPortEnterCritical) for vPortEnterCritical
    event_groups.o(i.xEventGroupSync) refers to port.o(i.vPortExitCritical) for vPortExitCritical
    event_groups.o(i.xEventGroupWaitBits) refers to tasks.o(i.vTaskSuspendAll) for vTaskSuspendAll
    event_groups.o(i.xEventGroupWaitBits) refers to event_groups.o(i.prvTestWaitCondition) for prvTestWaitCondition
    event_groups.o(i.xEventGroupWaitBits) refers to tasks.o(i.vTaskPlaceOnUnorderedEventList) for vTaskPlaceOnUnorderedEventList
    event_groups.o(i.xEventGroupWaitBits) refers to tasks.o(i.xTaskResumeAll) for xTaskResumeAll
    event_groups.o(i.xEventGroupWaitBits) refers to tasks.o(i.uxTaskResetEventItemValue) for uxTaskResetEventItemValue
    event_groups.o(i.xEventGroupWaitBits) refers to port.o(i.vPortEnterCritical) for vPortEnterCritical
    event_groups.o(i.xEventGroupWaitBits) refers to port.o(i.vPortExitCritical) for vPortExitCritical
    port.o(.emb_text) refers to tasks.o(i.vTaskSwitchContext) for vTaskSwitchContext
    port.o(.emb_text) refers to tasks.o(.data) for pxCurrentTCB
    port.o(i.pxPortInitialiseStack) refers to port.o(i.prvTaskExitError) for prvTaskExitError
    port.o(i.vPortEnterCritical) refers to port.o(.data) for uxCriticalNesting
    port.o(i.vPortExitCritical) refers to port.o(.data) for uxCriticalNesting
    port.o(i.vPortSetupTimerInterrupt) refers to system_stm32f4xx.o(.data) for SystemCoreClock
    port.o(i.xPortStartScheduler) refers to port.o(i.vPortSetupTimerInterrupt) for vPortSetupTimerInterrupt
    port.o(i.xPortStartScheduler) refers to port.o(.emb_text) for __asm___6_port_c_39a90d8d__prvEnableVFP
    port.o(i.xPortStartScheduler) refers to port.o(.data) for uxCriticalNesting
    port.o(i.xPortSysTickHandler) refers to tasks.o(i.xTaskIncrementTick) for xTaskIncrementTick
    queue.o(i.pcQueueGetName) refers to queue.o(.bss) for xQueueRegistry
    queue.o(i.prvCopyDataFromQueue) refers to memcpya.o(.text) for __aeabi_memcpy
    queue.o(i.prvCopyDataToQueue) refers to tasks.o(i.xTaskPriorityDisinherit) for xTaskPriorityDisinherit
    queue.o(i.prvCopyDataToQueue) refers to memcpya.o(.text) for __aeabi_memcpy
    queue.o(i.prvInitialiseMutex) refers to queue.o(i.xQueueGenericSend) for xQueueGenericSend
    queue.o(i.prvInitialiseNewQueue) refers to queue.o(i.xQueueGenericReset) for xQueueGenericReset
    queue.o(i.prvIsQueueEmpty) refers to port.o(i.vPortEnterCritical) for vPortEnterCritical
    queue.o(i.prvIsQueueEmpty) refers to port.o(i.vPortExitCritical) for vPortExitCritical
    queue.o(i.prvIsQueueFull) refers to port.o(i.vPortEnterCritical) for vPortEnterCritical
    queue.o(i.prvIsQueueFull) refers to port.o(i.vPortExitCritical) for vPortExitCritical
    queue.o(i.prvUnlockQueue) refers to port.o(i.vPortEnterCritical) for vPortEnterCritical
[...]
    data_master_IN                           0x20019adc   Data         300  modbus_master.o(.bss)
    data_master_OUT                          0x20019c08   Data          20  modbus_master.o(.bss)
    data_com3_IN                             0x20019c1c   Data        1200  modbus_master.o(.bss)
    data_com3_OUT                            0x2001a0cc   Data        2000  modbus_master.o(.bss)
    smsMSG                                   0x2001a89c   Data         867  modbus_master.o(.bss)
    smsMSGutf8                               0x2001abff   Data        1700  modbus_master.o(.bss)
    Phones                                   0x2001b2a3   Data         130  modbus_master.o(.bss)
    cyrbuf                                   0x2001b325   Data         600  modbus_master.o(.bss)
    pdu1                                     0x2001b57d   Data         150  modbus_master.o(.bss)
    pdu3                                     0x2001b613   Data         400  modbus_master.o(.bss)
    data_com1                                0x2001b7a3   Data         300  modbus_slave.o(.bss)
    FTPReplyBuff                             0x2001b8d0   Data         160  ftp.o(.bss)
    SDFatFs                                  0x2001b970   Data         572  ftp.o(.bss)
    fstat                                    0x2001bbac   Data          64  ftp.o(.bss)
    StructQwAdr                              0x2001bc18   Data          80  logsd.o(.bss)
    strbuf                                   0x2001bc68   Data        1200  logsd.o(.bss)
    buf123                                   0x2001c118   Data        2000  logsd.o(.bss)
    StructEventAdr                           0x2001c8e8   Data         200  event.o(.bss)
    file4                                    0x2001c9b0   Data         556  event.o(.bss)
    bufSD                                    0x2001cbdc   Data         300  event.o(.bss)
    buflog                                   0x2001cd08   Data         100  event.o(.bss)
    hhcd_USB_OTG_HS                          0x2001cd6c   Data         664  usbh_conf.o(.bss)
    __initial_sp                             0x2001d408   Data           0  startup_stm32f407xx.o(STACK)



==============================================================================

Memory Map of the image

  Image Entry point : 0x0800c189

  Load Region LR_IROM1 (Base: 0x0800c000, Size: 0x000797fc, Max: 0x000f4000, ABSOLUTE, COMPRESSED[0x0007943c])

    Execution Region ER_IROM1 (Base: 0x0800c000, Size: 0x00079204, Max: 0x000f4000, ABSOLUTE)

    Base Addr    Size         Type   Attr      Idx    E Section Name        Object

    0x0800c000   0x00000188   Data   RO         7152    RESET               startup_stm32f407xx.o
    0x0800c188   0x00000000   Code   RO        12055  * .ARM.Collect$$$$00000000  mc_w.l(entry.o)
    0x0800c188   0x00000004   Code   RO        12382    .ARM.Collect$$$$00000001  mc_w.l(entry2.o)
    0x0800c18c   0x00000004   Code   RO        12385    .ARM.Collect$$$$00000004  mc_w.l(entry5.o)
    0x0800c190   0x00000000   Code   RO        12387    .ARM.Collect$$$$00000008  mc_w.l(entry7b.o)
    0x0800c190   0x00000000   Code   RO        12389    .ARM.Collect$$$$0000000A  mc_w.l(entry8b.o)
    0x0800c190   0x00000008   Code   RO        12390    .ARM.Collect$$$$0000000B  mc_w.l(entry9a.o)
    0x0800c198   0x00000000   Code   RO        12392    .ARM.Collect$$$$0000000D  mc_w.l(entry10a.o)
    0x0800c198   0x00000000   Code   RO        12394    .ARM.Collect$$$$0000000F  mc_w.l(entry11a.o)
    0x0800c198   0x00000004   Code   RO        12383    .ARM.Collect$$$$00002712  mc_w.l(entry2.o)
    0x0800c19c   0x000000ba   Code   RO          121    .emb_text           port.o
    0x0800c256   0x00000002   PAD
    0x0800c258   0x00000024   Code   RO         7153    .text               startup_stm32f407xx.o
    0x0800c27c   0x00000024   Code   RO        12058    .text               mc_w.l(memcpya.o)
    0x0800c2a0   0x00000024   Code   RO        12060    .text               mc_w.l(memseta.o)
    0x0800c2c4   0x00000018   Code   RO        12062    .text               mc_w.l(strcat.o)
    0x0800c2dc   0x00000024   Code   RO        12064    .text               mc_w.l(strstr.o)
    0x0800c300   0x00000018   Code   RO        12066    .text               mc_w.l(strncpy.o)
    0x0800c318   0x00000014   Code   RO        12068    .text               mc_w.l(strchr.o)
    0x0800c32c   0x0000000e   Code   RO        12070    .text               mc_w.l(strlen.o)
    0x0800c33a   0x0000001c   Code   RO        12072    .text               mc_w.l(strcmp.o)
    0x0800c356   0x0000001a   Code   RO        12074    .text               mc_w.l(memcmp.o)
    0x0800c370   0x00000012   Code   RO        12076    .text               mc_w.l(strcpy.o)
    0x0800c382   0x0000001e   Code   RO        12078    .text               mc_w.l(strncmp.o)
    0x0800c3a0   0x00000044   Code   RO        12080    .text               mc_w.l(strtok_r.o)
    0x0800c3e4   0x0000002a   Code   RO        12085    .text               mc_w.l(strcasecmp.o)
    0x0800c40e   0x0000001a   Code   RO        12376    .text               mc_w.l(atoi.o)
    0x0800c428   0x00000026   Code   RO        12378    .text               mf_w.l(f2d.o)
    0x0800c44e   0x00000038   Code   RO        12380    .text               mf_w.l(d2f.o)
    0x0800c486   0x0000002c   Code   RO        12399    .text               mc_w.l(uidiv.o)
    0x0800c4b2   0x00000062   Code   RO        12401    .text               mc_w.l(uldiv.o)
    0x0800c514   0x0000000c   Code   RO        12403    .text               mc_w.l(tolower.o)
    0x0800c520   0x0000009c   Code   RO        12414    .text               mc_w.l(strtod.o)
    0x0800c5bc   0x00000070   Code   RO        12416    .text               mc_w.l(strtol.o)
    0x0800c62c   0x00000000   Code   RO        12418    .text               mc_w.l(iusefp.o)
    0x0800c62c   0x0000006e   Code   RO        12419    .text               mf_w.l(fepilogue.o)
    0x0800c69a   0x0000014e   Code   RO        12421    .text               mf_w.l(dadd.o)
    0x0800c7e8   0x000000e4   Code   RO        12423    .text               mf_w.l(dmul.o)
    0x0800c8cc   0x000000de   Code   RO        12425    .text               mf_w.l(ddiv.o)
    0x0800c9aa   0x00000030   Code   RO        12427    .text               mf_w.l(dfixul.o)
    0x0800c9da   0x00000002   PAD
    0x0800c9dc   0x00000030   Code   RO        12429    .text               mf_w.l(cdrcmple.o)
    0x0800ca0c   0x00000024   Code   RO        12431    .text               mc_w.l(init.o)
    0x0800ca30   0x0000001e   Code   RO        12434    .text               mc_w.l(llshl.o)
    0x0800ca4e   0x00000020   Code   RO        12436    .text               mc_w.l(llushr.o)
    0x0800ca6e   0x00000024   Code   RO        12438    .text               mc_w.l(llsshr.o)
    0x0800ca92   0x00000002   PAD
    0x0800ca94   0x00000008   Code   RO        12442    .text               mc_w.l(ctype_o.o)
    0x0800ca9c   0x00000012   Code   RO        12464    .text               mc_w.l(isspace_o.o)
    0x0800caae   0x00000002   PAD
    0x0800cab0   0x00000338   Code   RO        12470    .text               mc_w.l(scanf_fp.o)
    0x0800cde8   0x00000040   Code   RO        12474    .text               mc_w.l(_sgetc.o)
    0x0800ce28   0x0000009e   Code   RO        12476    .text               mc_w.l(_strtoul.o)
    0x0800cec6   0x000000ba   Code   RO        12479    .text               mf_w.l(depilogue.o)
    0x0800cf80   0x0000001c   Code   RO        12484    .text               mc_w.l(_chval.o)
    0x0800cf9c   0x00000018   Code   RO        12486    .text               mf_w.l(dfltul.o)
    0x0800cfb4   0x00000056   Code   RO        12496    .text               mc_w.l(__dczerorl2.o)
    0x0800d00a   0x00000002   PAD
    0x0800d00c   0x00000078   Code   RO         3136    i.AUTORIZ           httpserver-netconn.o
    0x0800d084   0x00000014   Code   RO         3032    i.BSP_SD_GetCardInfo  bsp_driver_sd.o
    0x0800d098   0x00000018   Code   RO         3033    i.BSP_SD_GetCardState  bsp_driver_sd.o
    0x0800d0b0   0x00000030   Code   RO         3036    i.BSP_SD_Init       bsp_driver_sd.o
    0x0800d0e0   0x0000000c   Code   RO         3037    i.BSP_SD_IsDetected  bsp_driver_sd.o
    0x0800d0ec   0x00000030   Code   RO         3038    i.BSP_SD_ReadBlocks  bsp_driver_sd.o
    0x0800d11c   0x00000030   Code   RO         3040    i.BSP_SD_WriteBlocks  bsp_driver_sd.o
    0x0800d14c   0x00000004   Code   RO         2789    i.BusFault_Handler  stm32f4xx_it.o
    0x0800d150   0x0000004c   Code   RO        11028    i.CRC16_1           modbus_slave.o
    0x0800d19c   0x00000042   Code   RO        10866    i.CRC16_M           modbus_master.o
    0x0800d1de   0x00000002   PAD
    0x0800d1e0   0x00000028   Code   RO        11146    i.CheckUpdates      logsd.o
    0x0800d208   0x000003fc   Code   RO        11147    i.CreateLOG         logsd.o
    0x0800d604   0x000003b0   Code   RO        11148    i.CreateMSlaveTask  logsd.o
    0x0800d9b4   0x00000020   Code   RO        11328    i.CreatingEventTask  event.o
    0x0800d9d4   0x00000002   Code   RO         2790    i.DebugMon_Handler  stm32f4xx_it.o
    0x0800d9d6   0x00000002   PAD
    0x0800d9d8   0x00000030   Code   RO        10867    i.DeleteAllSMS      modbus_master.o
    0x0800da08   0x00000094   Code   RO        11149    i.DeleteGSMFile     logsd.o
    0x0800da9c   0x00000504   Code   RO        11150    i.DownloadBoot      logsd.o
    0x0800dfa0   0x000000f4   Code   RO        11151    i.DownloadFromGSMtoSD  logsd.o
    0x0800e094   0x000002c8   Code   RO         3137    i.DynWebPage        httpserver-netconn.o
    0x0800e35c   0x00000016   Code   RO         3263    i.ETH_DMAReceptionDisable  stm32f4xx_hal_eth.o
    0x0800e372   0x00000016   Code   RO         3264    i.ETH_DMAReceptionEnable  stm32f4xx_hal_eth.o
    0x0800e388   0x00000016   Code   RO         3265    i.ETH_DMATransmissionDisable  stm32f4xx_hal_eth.o
    0x0800e39e   0x00000016   Code   RO         3266    i.ETH_DMATransmissionEnable  stm32f4xx_hal_eth.o
    0x0800e3b4   0x00000028   Code   RO         3267    i.ETH_Delay         stm32f4xx_hal_eth.o
    0x0800e3dc   0x00000038   Code   RO         3268    i.ETH_FlushTransmitFIFO  stm32f4xx_hal_eth.o
    0x0800e414   0x00000010   Code   RO         2791    i.ETH_IRQHandler    stm32f4xx_it.o
    0x0800e424   0x00000034   Code   RO         3269    i.ETH_MACAddressConfig  stm32f4xx_hal_eth.o
    0x0800e458   0x00000244   Code   RO         3270    i.ETH_MACDMAConfig  stm32f4xx_hal_eth.o
    0x0800e69c   0x00000028   Code   RO         3271    i.ETH_MACReceptionDisable  stm32f4xx_hal_eth.o
    0x0800e6c4   0x00000028   Code   RO         3272    i.ETH_MACReceptionEnable  stm32f4xx_hal_eth.o
    0x0800e6ec   0x00000028   Code   RO         3273    i.ETH_MACTransmissionDisable  stm32f4xx_hal_eth.o
    0x0800e714   0x00000028   Code   RO         3274    i.ETH_MACTransmissionEnable  stm32f4xx_hal_eth.o
    0x0800e73c   0x00000224   Code   RO         3138    i.EVENTLIST         httpserver-netconn.o
    0x0800e960   0x000001dc   Code   RO         3139    i.EVENTLOG          httpserver-netconn.o
    0x0800eb3c   0x0000000c   Code   RO         2792    i.EXTI9_5_IRQHandler  stm32f4xx_it.o
    0x0800eb48   0x00000ddc   Code   RO        11329    i.EventTask         event.o
    0x0800f924   0x00000012   Code   RO         1787    i.FATFS_LinkDriver  ff_gen_drv.o
    0x0800f936   0x00000002   PAD
    0x0800f938   0x00000054   Code   RO         1788    i.FATFS_LinkDriverEx  ff_gen_drv.o
    0x0800f98c   0x00000068   Code   RO         5641    i.FLASH_Erase_Sector  stm32f4xx_hal_flash_ex.o
    0x0800f9f4   0x00000024   Code   RO         3617    i.FLASH_Program_Byte  stm32f4xx_hal_flash.o
    0x0800fa18   0x0000002c   Code   RO         3618    i.FLASH_Program_DoubleWord  stm32f4xx_hal_flash.o
    0x0800fa44   0x00000028   Code   RO         3619    i.FLASH_Program_HalfWord  stm32f4xx_hal_flash.o
    0x0800fa6c   0x00000028   Code   RO         3620    i.FLASH_Program_Word  stm32f4xx_hal_flash.o
    0x0800fa94   0x00000006   Code   RO         2248    i.FLASH_Read        main.o
    0x0800fa9a   0x00000002   PAD
    0x0800fa9c   0x00000098   Code   RO         3621    i.FLASH_SetErrorCode  stm32f4xx_hal_flash.o
    0x0800fb34   0x00000064   Code   RO         3622    i.FLASH_WaitForLastOperation  stm32f4xx_hal_flash.o
    0x0800fb98   0x00000078   Code   RO        11066    i.FTP_Accept_thread  ftp.o
    0x0800fc10   0x00000138   Code   RO        11067    i.FTP_Command_thread  ftp.o
    0x0800fd48   0x00000de8   Code   RO        11068    i.FTP_Execute       ftp.o
    0x08010b30   0x00000058   Code   RO        11069    i.FTP_Init          ftp.o
    0x08010b88   0x00000348   Code   RO        11070    i.FTP_SendList      ftp.o
    0x08010ed0   0x00000034   Code   RO        11071    i.FTP_SendReply     ftp.o
    0x08010f04   0x0000005c   Code   RO        10868    i.GSMQ              modbus_master.o
    0x08010f60   0x00000028   Code   RO         5750    i.HAL_DMA_Abort_IT  stm32f4xx_hal_dma.o
    0x08010f88   0x0000001e   Code   RO         4449    i.HAL_Delay         stm32f4xx_hal.o
    0x08010fa6   0x00000002   PAD
    0x08010fa8   0x00000140   Code   RO         3276    i.HAL_ETH_ConfigMAC  stm32f4xx_hal_eth.o
    0x080110e8   0x0000008c   Code   RO         3277    i.HAL_ETH_DMARxDescListInit  stm32f4xx_hal_eth.o
    0x08011174   0x00000084   Code   RO         3278    i.HAL_ETH_DMATxDescListInit  stm32f4xx_hal_eth.o
    0x080111f8   0x00000002   Code   RO         3280    i.HAL_ETH_ErrorCallback  stm32f4xx_hal_eth.o
    0x080111fa   0x000000ba   Code   RO         3282    i.HAL_ETH_GetReceivedFrame_IT  stm32f4xx_hal_eth.o
    0x080112b4   0x000000a4   Code   RO         3284    i.HAL_ETH_IRQHandler  stm32f4xx_hal_eth.o
    0x08011358   0x000002a0   Code   RO         3285    i.HAL_ETH_Init      stm32f4xx_hal_eth.o
    0x080115f8   0x000001c4   Code   RO         2918    i.HAL_ETH_MspInit   ethernetif.o
    0x080117bc   0x00000092   Code   RO         3288    i.HAL_ETH_ReadPHYRegister  stm32f4xx_hal_eth.o
    0x0801184e   0x00000002   PAD
    0x08011850   0x00000014   Code   RO         2919    i.HAL_ETH_RxCpltCallback  ethernetif.o
    0x08011864   0x00000052   Code   RO         3290    i.HAL_ETH_Start     stm32f4xx_hal_eth.o
    0x080118b6   0x00000052   Code   RO         3291    i.HAL_ETH_Stop      stm32f4xx_hal_eth.o
    0x08011908   0x0000013e   Code   RO         3292    i.HAL_ETH_TransmitFrame  stm32f4xx_hal_eth.o
    0x08011a46   0x00000002   Code   RO         3293    i.HAL_ETH_TxCpltCallback  stm32f4xx_hal_eth.o
    0x08011a48   0x00000090   Code   RO         3294    i.HAL_ETH_WritePHYRegister  stm32f4xx_hal_eth.o
    0x08011ad8   0x00000014   Code   RO         3626    i.HAL_FLASH_Lock    stm32f4xx_hal_flash.o
    0x08011aec   0x00000098   Code   RO         3631    i.HAL_FLASH_Program  stm32f4xx_hal_flash.o
    0x08011b84   0x0000002c   Code   RO         3633    i.HAL_FLASH_Unlock  stm32f4xx_hal_flash.o
    0x08011bb0   0x00000020   Code   RO         2249    i.HAL_GPIO_EXTI_Callback  main.o
    0x08011bd0   0x0000001c   Code   RO         3737    i.HAL_GPIO_EXTI_IRQHandler  stm32f4xx_hal_gpio.o
    0x08011bec   0x00000200   Code   RO         3738    i.HAL_GPIO_Init     stm32f4xx_hal_gpio.o
    0x08011dec   0x00000010   Code   RO         3740    i.HAL_GPIO_ReadPin  stm32f4xx_hal_gpio.o
    0x08011dfc   0x0000000c   Code   RO         3742    i.HAL_GPIO_WritePin  stm32f4xx_hal_gpio.o
    0x08011e08   0x0000000c   Code   RO         4455    i.HAL_GetTick       stm32f4xx_hal.o
    0x08011e14   0x0000000e   Code   RO        11774    i.HAL_HCD_Connect_Callback  usbh_conf.o
    0x08011e22   0x0000000e   Code   RO        11775    i.HAL_HCD_Disconnect_Callback  usbh_conf.o
    0x08011e30   0x00000012   Code   RO        11776    i.HAL_HCD_HC_NotifyURBChange_Callback  usbh_conf.o
    0x08011e42   0x00000166   Code   RO         6677    i.HAL_HCD_IRQHandler  stm32f4xx_hal_hcd.o
    0x08011fa8   0x0000000e   Code   RO        11779    i.HAL_HCD_SOF_Callback  usbh_conf.o
    0x08011fb6   0x00000036   Code   RO         6683    i.HAL_HCD_Start     stm32f4xx_hal_hcd.o
    0x08011fec   0x0000002e   Code   RO         6684    i.HAL_HCD_Stop      stm32f4xx_hal_hcd.o
    0x0801201a   0x00000050   Code   RO         6634    i.HAL_IWDG_Init     stm32f4xx_hal_iwdg.o
    0x0801206a   0x0000000e   Code   RO         6635    i.HAL_IWDG_Refresh  stm32f4xx_hal_iwdg.o
    0x08012078   0x00000010   Code   RO         4457    i.HAL_IncTick       stm32f4xx_hal.o
    0x08012088   0x0000003c   Code   RO         4458    i.HAL_Init          stm32f4xx_hal.o
    0x080120c4   0x00000028   Code   RO         4459    i.HAL_InitTick      stm32f4xx_hal.o
    0x080120ec   0x00000056   Code   RO         2110    i.HAL_MspInit       stm32f4xx_hal_msp.o
    0x08012142   0x00000002   PAD
    0x08012144   0x0000001c   Code   RO         5856    i.HAL_NVIC_DisableIRQ  stm32f4xx_hal_cortex.o
    0x08012160   0x0000001a   Code   RO         5857    i.HAL_NVIC_EnableIRQ  stm32f4xx_hal_cortex.o
    0x0801217a   0x0000007c   Code   RO         5863    i.HAL_NVIC_SetPriority  stm32f4xx_hal_cortex.o
    0x080121f6   0x00000002   PAD
    0x080121f8   0x00000028   Code   RO         5864    i.HAL_NVIC_SetPriorityGrouping  stm32f4xx_hal_cortex.o
    0x08012220   0x000001b8   Code   RO         4597    i.HAL_RCCEx_PeriphCLKConfig  stm32f4xx_hal_rcc_ex.o
    0x080123d8   0x000001d0   Code   RO         3462    i.HAL_RCC_ClockConfig  stm32f4xx_hal_rcc.o
    0x080125a8   0x0000000c   Code   RO         3467    i.HAL_RCC_GetHCLKFreq  stm32f4xx_hal_rcc.o
    0x080125b4   0x0000002c   Code   RO         3469    i.HAL_RCC_GetPCLK1Freq  stm32f4xx_hal_rcc.o
    0x080125e0   0x0000002c   Code   RO         3470    i.HAL_RCC_GetPCLK2Freq  stm32f4xx_hal_rcc.o
    0x0801260c   0x000000b4   Code   RO         3471    i.HAL_RCC_GetSysClockFreq  stm32f4xx_hal_rcc.o
    0x080126c0   0x0000044c   Code   RO         3474    i.HAL_RCC_OscConfig  stm32f4xx_hal_rcc.o
    0x08012b0c   0x00000012   Code   RO         6407    i.HAL_RTCEx_BKUPRead  stm32f4xx_hal_rtc_ex.o
    0x08012b1e   0x00000012   Code   RO         6408    i.HAL_RTCEx_BKUPWrite  stm32f4xx_hal_rtc_ex.o
    0x08012b30   0x0000004c   Code   RO         6273    i.HAL_RTC_GetDate   stm32f4xx_hal_rtc.o
    0x08012b7c   0x00000060   Code   RO         6275    i.HAL_RTC_GetTime   stm32f4xx_hal_rtc.o
    0x08012bdc   0x000000b4   Code   RO         6276    i.HAL_RTC_Init      stm32f4xx_hal_rtc.o
    0x08012c90   0x00000018   Code   RO         2112    i.HAL_RTC_MspInit   stm32f4xx_hal_msp.o
    0x08012ca8   0x00000114   Code   RO         6282    i.HAL_RTC_SetDate   stm32f4xx_hal_rtc.o
    0x08012dbc   0x00000134   Code   RO         6283    i.HAL_RTC_SetTime   stm32f4xx_hal_rtc.o
    0x08012ef0   0x0000003a   Code   RO         6284    i.HAL_RTC_WaitForSynchro  stm32f4xx_hal_rtc.o
    0x08012f2a   0x00000002   Code   RO         4638    i.HAL_SD_AbortCallback  stm32f4xx_hal_sd.o
    0x08012f2c   0x000000a8   Code   RO         4640    i.HAL_SD_ConfigWideBusOperation  stm32f4xx_hal_sd.o
    0x08012fd4   0x00000002   Code   RO         4643    i.HAL_SD_ErrorCallback  stm32f4xx_hal_sd.o
    0x08012fd6   0x000001f0   Code   RO         4645    i.HAL_SD_GetCardCSD  stm32f4xx_hal_sd.o
    0x080131c6   0x00000026   Code   RO         4646    i.HAL_SD_GetCardInfo  stm32f4xx_hal_sd.o
    0x080131ec   0x00000028   Code   RO         4647    i.HAL_SD_GetCardState  stm32f4xx_hal_sd.o
    0x08013214   0x00000200   Code   RO         4651    i.HAL_SD_IRQHandler  stm32f4xx_hal_sd.o
    0x08013414   0x00000036   Code   RO         4652    i.HAL_SD_Init       stm32f4xx_hal_sd.o
    0x0801344a   0x00000002   PAD
    0x0801344c   0x00000084   Code   RO         4653    i.HAL_SD_InitCard   stm32f4xx_hal_sd.o
    0x080134d0   0x0000008c   Code   RO         2114    i.HAL_SD_MspInit    stm32f4xx_hal_msp.o
    0x0801355c   0x0000024c   Code   RO         4656    i.HAL_SD_ReadBlocks  stm32f4xx_hal_sd.o
    0x080137a8   0x00000002   Code   RO         4659    i.HAL_SD_RxCpltCallback  stm32f4xx_hal_sd.o
    0x080137aa   0x00000002   Code   RO         4660    i.HAL_SD_TxCpltCallback  stm32f4xx_hal_sd.o
    0x080137ac   0x00000204   Code   RO         4661    i.HAL_SD_WriteBlocks  stm32f4xx_hal_sd.o
    0x080139b0   0x00000028   Code   RO         5866    i.HAL_SYSTICK_CLKSourceConfig  stm32f4xx_hal_cortex.o
    0x080139d8   0x00000034   Code   RO         5868    i.HAL_SYSTICK_Config  stm32f4xx_hal_cortex.o
    0x08013a0c   0x00000002   Code   RO         5012    i.HAL_TIMEx_BreakCallback  stm32f4xx_hal_tim_ex.o
    0x08013a0e   0x00000002   Code   RO         5013    i.HAL_TIMEx_CommutationCallback  stm32f4xx_hal_tim_ex.o
    0x08013a10   0x00000062   Code   RO         5029    i.HAL_TIMEx_MasterConfigSynchronization  stm32f4xx_hal_tim_ex.o
    0x08013a72   0x00000034   Code   RO         3803    i.HAL_TIM_Base_Init  stm32f4xx_hal_tim.o
    0x08013aa6   0x00000002   PAD
    0x08013aa8   0x00000104   Code   RO         2116    i.HAL_TIM_Base_MspInit  stm32f4xx_hal_msp.o
    0x08013bac   0x0000001e   Code   RO         3806    i.HAL_TIM_Base_Start  stm32f4xx_hal_tim.o
    0x08013bca   0x0000001e   Code   RO         3808    i.HAL_TIM_Base_Start_IT  stm32f4xx_hal_tim.o
    0x08013be8   0x00000002   Code   RO         3832    i.HAL_TIM_IC_CaptureCallback  stm32f4xx_hal_tim.o
    0x08013bea   0x00000196   Code   RO         3845    i.HAL_TIM_IRQHandler  stm32f4xx_hal_tim.o
    0x08013d80   0x00000002   Code   RO         3848    i.HAL_TIM_OC_DelayElapsedCallback  stm32f4xx_hal_tim.o
    0x08013d82   0x00000002   Code   RO         3875    i.HAL_TIM_PWM_PulseFinishedCallback  stm32f4xx_hal_tim.o
    0x08013d84   0x00000002   Code   RO         3882    i.HAL_TIM_PeriodElapsedCallback  stm32f4xx_hal_tim.o
    0x08013d86   0x00000056   Code   RO         3884    i.HAL_TIM_SlaveConfigSynchronization  stm32f4xx_hal_tim.o
    0x08013ddc   0x00000002   Code   RO         3886    i.HAL_TIM_TriggerCallback  stm32f4xx_hal_tim.o
    0x08013dde   0x00000002   Code   RO         5290    i.HAL_UART_ErrorCallback  stm32f4xx_hal_uart.o
    0x08013de0   0x0000014c   Code   RO         5293    i.HAL_UART_IRQHandler  stm32f4xx_hal_uart.o
    0x08013f2c   0x00000072   Code   RO         5294    i.HAL_UART_Init     stm32f4xx_hal_uart.o
    0x08013f9e   0x00000002   PAD
    0x08013fa0   0x000001e8   Code   RO         2118    i.HAL_UART_MspInit  stm32f4xx_hal_msp.o
    0x08014188   0x00000002   Code   RO         5300    i.HAL_UART_RxCpltCallback  stm32f4xx_hal_uart.o
    0x0801418a   0x00000002   Code   RO         5305    i.HAL_UART_TxCpltCallback  stm32f4xx_hal_uart.o
    0x0801418c   0x000004f2   Code   RO         6685    i.HCD_HC_IN_IRQHandler  stm32f4xx_hal_hcd.o
    0x0801467e   0x000004d0   Code   RO         6686    i.HCD_HC_OUT_IRQHandler  stm32f4xx_hal_hcd.o
    0x08014b4e   0x000000d2   Code   RO         6687    i.HCD_Port_IRQHandler  stm32f4xx_hal_hcd.o
    0x08014c20   0x00000108   Code   RO         6688    i.HCD_RXQLVL_IRQHandler  stm32f4xx_hal_hcd.o
    0x08014d28   0x00000054   Code   RO         2491    i.HTTP_Server       freertos.o
    0x08014d7c   0x00000048   Code   RO         2793    i.HardFault_Handler  stm32f4xx_it.o
    0x08014dc4   0x00000594   Code   RO        10870    i.InitGSM           modbus_master.o
    0x08015358   0x000013d0   Code   RO         2492    i.LoadingConf       freertos.o
    0x08016728   0x000003cc   Code   RO         3140    i.MAIN              httpserver-netconn.o
    0x08016af4   0x00000254   Code   RO        11152    i.MBusMasterPlaner  logsd.o
    0x08016d48   0x00000414   Code   RO        11153    i.MBusTCPMasterTask  logsd.o
    0x0801715c   0x000001b0   Code   RO         3141    i.MODBUS            httpserver-netconn.o
    0x0801730c   0x00000294   Code   RO        11154    i.MSlaveTask        logsd.o
    0x080175a0   0x0000001c   Code   RO         2068    i.MX_FATFS_Init     fatfs.o
    0x080175bc   0x00000408   Code   RO         2493    i.MX_FREERTOS_Init  freertos.o
    0x080179c4   0x000001b4   Code   RO         2250    i.MX_GPIO_Init      main.o
    0x08017b78   0x00000040   Code   RO         2251    i.MX_IWDG_Init      main.o
    0x08017bb8   0x00000114   Code   RO         2715    i.MX_LWIP_Init      lwip.o
    0x08017ccc   0x000000c4   Code   RO         2252    i.MX_RTC_Init       main.o
    0x08017d90   0x00000024   Code   RO         2253    i.MX_SDIO_SD_Init   main.o
    0x08017db4   0x00000084   Code   RO         2254    i.MX_TIM2_Init      main.o
    0x08017e38   0x00000084   Code   RO         2255    i.MX_TIM5_Init      main.o
    0x08017ebc   0x00000060   Code   RO         2256    i.MX_TIM6_Init      main.o
    0x08017f1c   0x0000004c   Code   RO         2258    i.MX_USART1_UART_Init  main.o
    0x08017f68   0x00000050   Code   RO         2259    i.MX_USART2_UART_Init  main.o
    0x08017fb8   0x0000004c   Code   RO         2260    i.MX_USART3_UART_Init  main.o
    0x08018004   0x0000002c   Code   RO         2494    i.MbusRTUMaster     freertos.o
    0x08018030   0x00000028   Code   RO         2495    i.MbusRTUSlave      freertos.o
    0x08018058   0x00000004   Code   RO         2794    i.MemManage_Handler  stm32f4xx_it.o
    0x0801805c   0x00000068   Code   RO         2496    i.ModbusTCP_Slave   freertos.o
    0x080180c4   0x0000053c   Code   RO        10872    i.Modbus_TCP_Slave_serve  modbus_master.o
    0x08018600   0x00000056   Code   RO        10873    i.Modbus_TCP_Task   modbus_master.o
    0x08018656   0x00000002   Code   RO         2795    i.NMI_Handler       stm32f4xx_it.o
    0x08018658   0x00000010   Code   RO         5870    i.NVIC_GetPriorityGrouping  stm32f4xx_hal_cortex.o
    0x08018668   0x00000028   Code   RO         5871    i.NVIC_SetPriority  stm32f4xx_hal_cortex.o
    0x08018690   0x00000040   Code   RO         3142    i.NVIC_SystemReset  httpserver-netconn.o
    0x080186d0   0x00000010   Code   RO         2796    i.OTG_HS_IRQHandler  stm32f4xx_it.o
    0x080186e0   0x000002d0   Code   RO        11155    i.ParsingAddr       logsd.o
    0x080189b0   0x000003a0   Code   RO         3143    i.QWESTLIST         httpserver-netconn.o
    0x08018d50   0x00000016   Code   RO         6285    i.RTC_Bcd2ToByte    stm32f4xx_hal_rtc.o
    0x08018d66   0x0000001a   Code   RO         6286    i.RTC_ByteToBcd2    stm32f4xx_hal_rtc.o
    0x08018d80   0x0000003e   Code   RO         6287    i.RTC_EnterInitMode  stm32f4xx_hal_rtc.o
    0x08018dbe   0x00000002   PAD
    0x08018dc0   0x0000019c   Code   RO        10874    i.RTU_M             modbus_master.o
    0x08018f5c   0x0000023c   Code   RO        11029    i.RTU_S             modbus_slave.o
    0x08019198   0x0000007c   Code   RO        10875    i.ReadSMS           modbus_master.o
    0x08019214   0x000003a0   Code   RO         2497    i.ReadingSMS        freertos.o
    0x080195b4   0x000002a4   Code   RO         2498    i.RoundRobin        freertos.o
    0x08019858   0x0000002c   Code   RO         5992    i.SDIO_ConfigData   stm32f4xx_ll_sdmmc.o
    0x08019884   0x00000008   Code   RO         5993    i.SDIO_GetCommandResponse  stm32f4xx_ll_sdmmc.o
    0x0801988c   0x0000000a   Code   RO         5996    i.SDIO_GetPowerState  stm32f4xx_ll_sdmmc.o
    0x08019896   0x00000016   Code   RO         5997    i.SDIO_GetResponse  stm32f4xx_ll_sdmmc.o
    0x080198ac   0x00000010   Code   RO         2797    i.SDIO_IRQHandler   stm32f4xx_it.o
    0x080198bc   0x00000034   Code   RO         5998    i.SDIO_Init         stm32f4xx_ll_sdmmc.o
    0x080198f0   0x0000000a   Code   RO         6000    i.SDIO_PowerState_ON  stm32f4xx_ll_sdmmc.o
    0x080198fa   0x00000008   Code   RO         6001    i.SDIO_ReadFIFO     stm32f4xx_ll_sdmmc.o
    0x08019902   0x00000028   Code   RO         6002    i.SDIO_SendCommand  stm32f4xx_ll_sdmmc.o
    0x0801992a   0x0000000c   Code   RO         6004    i.SDIO_WriteFIFO    stm32f4xx_ll_sdmmc.o
    0x08019936   0x0000003a   Code   RO         6005    i.SDMMC_CmdAppCommand  stm32f4xx_ll_sdmmc.o
    0x08019970   0x0000003c   Code   RO         6006    i.SDMMC_CmdAppOperCommand  stm32f4xx_ll_sdmmc.o
    0x080199ac   0x0000003a   Code   RO         6007    i.SDMMC_CmdBlockLength  stm32f4xx_ll_sdmmc.o
    0x080199e6   0x0000003a   Code   RO         6008    i.SDMMC_CmdBusWidth  stm32f4xx_ll_sdmmc.o
    0x08019a20   0x0000002e   Code   RO         6012    i.SDMMC_CmdGoIdleState  stm32f4xx_ll_sdmmc.o
    0x08019a4e   0x00000036   Code   RO         6014    i.SDMMC_CmdOperCond  stm32f4xx_ll_sdmmc.o
    0x08019a84   0x0000003a   Code   RO         6015    i.SDMMC_CmdReadMultiBlock  stm32f4xx_ll_sdmmc.o
    0x08019abe   0x0000003a   Code   RO         6016    i.SDMMC_CmdReadSingleBlock  stm32f4xx_ll_sdmmc.o
    0x08019af8   0x0000003c   Code   RO         6019    i.SDMMC_CmdSelDesel  stm32f4xx_ll_sdmmc.o
    0x08019b34   0x00000034   Code   RO         6020    i.SDMMC_CmdSendCID  stm32f4xx_ll_sdmmc.o
    0x08019b68   0x00000034   Code   RO         6021    i.SDMMC_CmdSendCSD  stm32f4xx_ll_sdmmc.o
    0x08019b9c   0x0000003a   Code   RO         6022    i.SDMMC_CmdSendSCR  stm32f4xx_ll_sdmmc.o
    0x08019bd6   0x0000003a   Code   RO         6023    i.SDMMC_CmdSendStatus  stm32f4xx_ll_sdmmc.o
    0x08019c10   0x0000003a   Code   RO         6024    i.SDMMC_CmdSetRelAdd  stm32f4xx_ll_sdmmc.o
    0x08019c4a   0x00000002   PAD
    0x08019c4c   0x0000003c   Code   RO         6026    i.SDMMC_CmdStopTransfer  stm32f4xx_ll_sdmmc.o
    0x08019c88   0x0000003a   Code   RO         6028    i.SDMMC_CmdWriteMultiBlock  stm32f4xx_ll_sdmmc.o
    0x08019cc2   0x0000003a   Code   RO         6029    i.SDMMC_CmdWriteSingleBlock  stm32f4xx_ll_sdmmc.o
    0x08019cfc   0x00000040   Code   RO         6030    i.SDMMC_GetCmdError  stm32f4xx_ll_sdmmc.o
    0x08019d3c   0x000001a4   Code   RO         6031    i.SDMMC_GetCmdResp1  stm32f4xx_ll_sdmmc.o
    0x08019ee0   0x0000005c   Code   RO         6032    i.SDMMC_GetCmdResp2  stm32f4xx_ll_sdmmc.o
    0x08019f3c   0x00000050   Code   RO         6033    i.SDMMC_GetCmdResp3  stm32f4xx_ll_sdmmc.o
    0x08019f8c   0x000000b0   Code   RO         6034    i.SDMMC_GetCmdResp6  stm32f4xx_ll_sdmmc.o
    0x0801a03c   0x00000058   Code   RO         6035    i.SDMMC_GetCmdResp7  stm32f4xx_ll_sdmmc.o
    0x0801a094   0x0000004c   Code   RO         4666    i.SD_DMARxAbort     stm32f4xx_hal_sd.o
    0x0801a0e0   0x0000004c   Code   RO         4668    i.SD_DMATxAbort     stm32f4xx_hal_sd.o
    0x0801a12c   0x0000012c   Code   RO         4669    i.SD_FindSCR        stm32f4xx_hal_sd.o
    0x0801a258   0x000000fc   Code   RO         4670    i.SD_InitCard       stm32f4xx_hal_sd.o
    0x0801a354   0x000000ee   Code   RO         4672    i.SD_PowerON        stm32f4xx_hal_sd.o
    0x0801a442   0x00000026   Code   RO         4673    i.SD_Read_IT        stm32f4xx_hal_sd.o
    0x0801a468   0x00000032   Code   RO         4675    i.SD_SendStatus     stm32f4xx_hal_sd.o
    0x0801a49a   0x0000006a   Code   RO         4676    i.SD_WideBus_Disable  stm32f4xx_hal_sd.o
    0x0801a504   0x0000006a   Code   RO         4677    i.SD_WideBus_Enable  stm32f4xx_hal_sd.o
    0x0801a56e   0x00000026   Code   RO         4678    i.SD_Write_IT       stm32f4xx_hal_sd.o
    0x0801a594   0x00000028   Code   RO         1997    i.SD_initialize     sd_diskio.o
    0x0801a5bc   0x00000068   Code   RO         1998    i.SD_ioctl          sd_diskio.o
    0x0801a624   0x00000048   Code   RO         1999    i.SD_read           sd_diskio.o
    0x0801a66c   0x00000028   Code   RO         2000    i.SD_status         sd_diskio.o
    0x0801a694   0x00000048   Code   RO         2001    i.SD_write          sd_diskio.o
    0x0801a6dc   0x0000018c   Code   RO         3144    i.SHOWGRAPH         httpserver-netconn.o
    0x0801a868   0x00000300   Code   RO         2499    i.SaveEvents        freertos.o
    0x0801ab68   0x000004c0   Code   RO         2500    i.SavingConf        freertos.o
    0x0801b028   0x000002e8   Code   RO         2501    i.SavingDevices     freertos.o
    0x0801b310   0x00000094   Code   RO        10876    i.SendGSM           modbus_master.o
    0x0801b3a4   0x00000078   Code   RO        10877    i.SendGSMTrans      modbus_master.o
    0x0801b41c   0x00000344   Code   RO        10881    i.SendSMS5          modbus_master.o
    0x0801b760   0x000000ec   Code   RO         2502    i.SetByModbus       freertos.o
    0x0801b84c   0x000000c0   Code   RO         3145    i.SetDate           httpserver-netconn.o
    0x0801b90c   0x000000a0   Code   RO         3146    i.SetTime           httpserver-netconn.o
    0x0801b9ac   0x00000204   Code   RO         2503    i.StartDefaultTask  freertos.o
    0x0801bbb0   0x000004d8   Code   RO         2504    i.StartGSM          freertos.o
    0x0801c088   0x0000000c   Code   RO         2798    i.SysTick_Handler   stm32f4xx_it.o
    0x0801c094   0x000000fc   Code   RO         2261    i.SystemClock_Config  main.o
    0x0801c190   0x00000064   Code   RO         7117    i.SystemInit        system_stm32f4xx.o
    0x0801c1f4   0x00000a28   Code   RO        11156    i.TCP_GSM           logsd.o
    0x0801cc1c   0x0000016c   Code   RO         2799    i.TIM6_DAC_IRQHandler  stm32f4xx_it.o
    0x0801cd88   0x000000e4   Code   RO         3887    i.TIM_Base_SetConfig  stm32f4xx_hal_tim.o
    0x0801ce6c   0x00000018   Code   RO         3894    i.TIM_ETR_SetConfig  stm32f4xx_hal_tim.o
    0x0801ce84   0x000000a4   Code   RO         3900    i.TIM_SlaveTimer_SetConfig  stm32f4xx_hal_tim.o
    0x0801cf28   0x0000002a   Code   RO         3901    i.TIM_TI1_ConfigInputStage  stm32f4xx_hal_tim.o
    0x0801cf52   0x0000002c   Code   RO         3903    i.TIM_TI2_ConfigInputStage  stm32f4xx_hal_tim.o
    0x0801cf7e   0x00000014   Code   RO         5307    i.UART_DMAAbortOnError  stm32f4xx_hal_uart.o
    0x0801cf92   0x00000020   Code   RO         5317    i.UART_EndRxTransfer  stm32f4xx_hal_uart.o
    0x0801cfb2   0x00000020   Code   RO         5318    i.UART_EndTransmit_IT  stm32f4xx_hal_uart.o
    0x0801cfd2   0x0000009a   Code   RO         5320    i.UART_Receive_IT   stm32f4xx_hal_uart.o
    0x0801d06c   0x00000368   Code   RO         5321    i.UART_SetConfig    stm32f4xx_hal_uart.o
    0x0801d3d4   0x00000068   Code   RO         5322    i.UART_Transmit_IT  stm32f4xx_hal_uart.o
    0x0801d43c   0x000000e0   Code   RO         2800    i.USART1_IRQHandler  stm32f4xx_it.o
    0x0801d51c   0x00000104   Code   RO         2801    i.USART2_IRQHandler  stm32f4xx_it.o
    0x0801d620   0x000000d0   Code   RO         2802    i.USART3_IRQHandler  stm32f4xx_it.o
    0x0801d6f0   0x0000001e   Code   RO        11692    i.USBH_FreePipe     usbh_pipes.o
    0x0801d70e   0x0000001c   Code   RO        11377    i.USBH_HandleSof    usbh_core.o
    0x0801d72a   0x0000003a   Code   RO        11379    i.USBH_LL_Connect   usbh_core.o
    0x0801d764   0x0000004a   Code   RO        11380    i.USBH_LL_Disconnect  usbh_core.o
    0x0801d7ae   0x00000016   Code   RO        11381    i.USBH_LL_IncTimer  usbh_core.o
    0x0801d7c4   0x00000014   Code   RO        11382    i.USBH_LL_NotifyURBChange  usbh_core.o
    0x0801d7d8   0x0000003c   Code   RO        11793    i.USBH_LL_Start     usbh_conf.o
    0x0801d814   0x0000003c   Code   RO        11794    i.USBH_LL_Stop      usbh_conf.o
    0x0801d850   0x0000000e   Code   RO         6839    i.USB_DisableGlobalInt  stm32f4xx_ll_usb.o
    0x0801d85e   0x00000044   Code   RO         6841    i.USB_DriveVbus     stm32f4xx_ll_usb.o
    0x0801d8a2   0x0000000e   Code   RO         6847    i.USB_EnableGlobalInt  stm32f4xx_ll_usb.o
    0x0801d8b0   0x0000002c   Code   RO         6848    i.USB_FlushRxFifo   stm32f4xx_ll_usb.o
    0x0801d8dc   0x00000030   Code   RO         6849    i.USB_FlushTxFifo   stm32f4xx_ll_usb.o
    0x0801d90c   0x0000000a   Code   RO         6853    i.USB_GetMode       stm32f4xx_ll_usb.o
    0x0801d916   0x00000148   Code   RO         6854    i.USB_HC_Halt       stm32f4xx_ll_usb.o
    0x0801da5e   0x0000000c   Code   RO         6856    i.USB_HC_ReadInterrupt  stm32f4xx_ll_usb.o
    0x0801da6a   0x0000003e   Code   RO         6859    i.USB_InitFSLSPClkSel  stm32f4xx_ll_usb.o
    0x0801daa8   0x0000000c   Code   RO         6864    i.USB_ReadInterrupts  stm32f4xx_ll_usb.o
    0x0801dab4   0x00000022   Code   RO         6865    i.USB_ReadPacket    stm32f4xx_ll_usb.o
    0x0801dad6   0x000000ae   Code   RO         6871    i.USB_StopHost      stm32f4xx_ll_usb.o
    0x0801db84   0x00000004   Code   RO         2803    i.UsageFault_Handler  stm32f4xx_it.o
    0x0801db88   0x00000ac4   Code   RO        11160    i.WriteLOG          logsd.o
    0x0801e64c   0x00000002   Code   RO         2262    i._Error_Handler    main.o
    0x0801e64e   0x00000002   PAD
    0x0801e650   0x00000028   Code   RO        12321    i.__0snprintf       mc_w.l(printfa.o)
    0x0801e678   0x00000028   Code   RO        12322    i.__0sprintf        mc_w.l(printfa.o)
    0x0801e6a0   0x00000024   Code   RO        12325    i.__0vsnprintf      mc_w.l(printfa.o)
    0x0801e6c4   0x00000008   Code   RO        12407    i.__aeabi_errno_addr  mc_w.l(errno.o)
    0x0801e6cc   0x00000004   PAD
    0x0801e6d0   0x00000038   Code   RO        12049    i.__hardfp_atof     m_wm.l(atof.o)
    0x0801e708   0x0000000c   Code   RO        12408    i.__read_errno      mc_w.l(errno.o)
    0x0801e714   0x0000000e   Code   RO        12490    i.__scatterload_copy  mc_w.l(handlers.o)
    0x0801e722   0x00000002   Code   RO        12491    i.__scatterload_null  mc_w.l(handlers.o)
    0x0801e724   0x0000000e   Code   RO        12492    i.__scatterload_zeroinit  mc_w.l(handlers.o)
    0x0801e732   0x00000002   PAD
    0x0801e734   0x0000000c   Code   RO        12409    i.__set_errno       mc_w.l(errno.o)
    0x0801e740   0x00000164   Code   RO        12327    i._fp_digits        mc_w.l(printfa.o)
    0x0801e8a4   0x0000000e   Code   RO        12472    i._is_digit         mc_w.l(scanf_fp.o)
    0x0801e8b2   0x00000002   PAD
    0x0801e8b4   0x000006dc   Code   RO        12328    i._printf_core      mc_w.l(printfa.o)
    0x0801ef90   0x00000024   Code   RO        12329    i._printf_post_padding  mc_w.l(printfa.o)
    0x0801efb4   0x0000002e   Code   RO        12330    i._printf_pre_padding  mc_w.l(printfa.o)
    0x0801efe2   0x00000016   Code   RO        12331    i._snputc           mc_w.l(printfa.o)
    0x0801eff8   0x0000000a   Code   RO        12332    i._sputc            mc_w.l(printfa.o)
    0x0801f002   0x00000002   PAD
    0x0801f004   0x000000f0   Code   RO         8821    i.accept_function   api_msg.o
    0x0801f0f4   0x0000007c   Code   RO         1355    i.check_fs          ff.o
    0x0801f170   0x00000014   Code   RO         1356    i.chk_chr           ff.o
    0x0801f184   0x00000032   Code   RO         1357    i.clmt_clust        ff.o
    0x0801f1b6   0x0000001a   Code   RO         1358    i.clust2sect        ff.o
    0x0801f1d0   0x00000098   Code   RO         1359    i.cmp_lfn           ff.o
    0x0801f268   0x000001c6   Code   RO        11161    i.convert_utf8      logsd.o
    0x0801f42e   0x00000002   PAD
    0x0801f430   0x00000274   Code   RO        11162    i.convert_utf8_to_windows1251  logsd.o
    0x0801f6a4   0x000000de   Code   RO         1360    i.create_chain      ff.o
    0x0801f782   0x00000002   PAD
    0x0801f784   0x00000288   Code   RO         1361    i.create_name       ff.o
    0x0801fa0c   0x0000001c   Code   RO        10655    i.cyclic_timer      timeouts.o
    0x0801fa28   0x00000060   Code   RO         1362    i.dir_alloc         ff.o
    0x0801fa88   0x000000fc   Code   RO         1363    i.dir_find          ff.o
    0x0801fb84   0x0000010c   Code   RO         1364    i.dir_next          ff.o
    0x0801fc90   0x000000d2   Code   RO         1365    i.dir_read          ff.o
    0x0801fd62   0x00000142   Code   RO         1366    i.dir_register      ff.o
    0x0801fea4   0x00000060   Code   RO         1367    i.dir_remove        ff.o
    0x0801ff04   0x0000009a   Code   RO         1368    i.dir_sdi           ff.o
    0x0801ff9e   0x00000002   PAD
    0x0801ffa0   0x0000002c   Code   RO         1847    i.disk_initialize   diskio.o
    0x0801ffcc   0x00000028   Code   RO         1848    i.disk_ioctl        diskio.o
    0x0801fff4   0x00000030   Code   RO         1849    i.disk_read         diskio.o
    0x08020024   0x0000001c   Code   RO         1850    i.disk_status       diskio.o
    0x08020040   0x00000030   Code   RO         1851    i.disk_write        diskio.o
    0x08020070   0x00000020   Code   RO         7347    i.do_memp_free_pool  memp.o
    0x08020090   0x00000042   Code   RO         7348    i.do_memp_malloc_pool  memp.o
    0x080200d2   0x00000002   PAD
    0x080200d4   0x0000006c   Code   RO          378    i.eTaskGetState     tasks.o
    0x08020140   0x000000f4   Code   RO         8822    i.err_tcp           api_msg.o
    0x08020234   0x00000038   Code   RO        10556    i.etharp_cleanup_netif  etharp.o
    0x0802026c   0x00000160   Code   RO        10558    i.etharp_find_entry  etharp.o
    0x080203cc   0x00000040   Code   RO        10559    i.etharp_free_entry  etharp.o
    0x0802040c   0x00000108   Code   RO        10561    i.etharp_input      etharp.o
    0x08020514   0x00000144   Code   RO        10562    i.etharp_output     etharp.o
    0x08020658   0x000000b8   Code   RO        10563    i.etharp_output_to_arp_index  etharp.o
    0x08020710   0x00000190   Code   RO        10564    i.etharp_query      etharp.o
    0x080208a0   0x000000b4   Code   RO        10565    i.etharp_raw        etharp.o
    0x08020954   0x00000018   Code   RO        10566    i.etharp_request    etharp.o
    0x0802096c   0x0000002c   Code   RO        10567    i.etharp_request_dst  etharp.o
    0x08020998   0x000000dc   Code   RO        10568    i.etharp_tmr        etharp.o
    0x08020a74   0x000000c0   Code   RO        10569    i.etharp_update_arp_entry  etharp.o
    0x08020b34   0x00000110   Code   RO         9744    i.ethernet_input    ethernet.o
    0x08020c44   0x00000064   Code   RO         9745    i.ethernet_output   ethernet.o
    0x08020ca8   0x00000030   Code   RO         2920    i.ethernet_watchdog  ethernetif.o
    0x08020cd8   0x00000030   Code   RO         2921    i.ethernetif_init   ethernetif.o
    0x08020d08   0x00000040   Code   RO         2922    i.ethernetif_input  ethernetif.o
    0x08020d48   0x00000002   Code   RO         2923    i.ethernetif_notify_conn_changed  ethernetif.o
    0x08020d4a   0x00000002   PAD
    0x08020d4c   0x00000054   Code   RO         2924    i.ethernetif_set_link  ethernetif.o
    0x08020da0   0x000000d4   Code   RO         2925    i.ethernetif_update_config  ethernetif.o
    0x08020e74   0x00000084   Code   RO         1369    i.f_chdir           ff.o
    0x08020ef8   0x00000088   Code   RO         1370    i.f_chmod           ff.o
    0x08020f80   0x0000002a   Code   RO         1371    i.f_close           ff.o
    0x08020faa   0x00000146   Code   RO         1373    i.f_getcwd          ff.o
    0x080210f0   0x00000104   Code   RO         1374    i.f_getfree         ff.o
    0x080211f4   0x0000033c   Code   RO         1376    i.f_lseek           ff.o
    0x08021530   0x0000019e   Code   RO         1377    i.f_mkdir           ff.o
    0x080216ce   0x00000002   PAD
    0x080216d0   0x00000080   Code   RO         1379    i.f_mount           ff.o
    0x08021750   0x00000220   Code   RO         1380    i.f_open            ff.o
    0x08021970   0x00000098   Code   RO         1381    i.f_opendir         ff.o
    0x08021a08   0x00000200   Code   RO         1385    i.f_read            ff.o
    0x08021c08   0x00000076   Code   RO         1386    i.f_readdir         ff.o
    0x08021c7e   0x00000066   Code   RO         1388    i.f_stat            ff.o
    0x08021ce4   0x000000b0   Code   RO         1389    i.f_sync            ff.o
    0x08021d94   0x000000ea   Code   RO         1391    i.f_unlink          ff.o
    0x08021e7e   0x00000244   Code   RO         1393    i.f_write           ff.o
    0x080220c2   0x00000002   PAD
    0x080220c4   0x0000004c   Code   RO         1962    i.ff_convert        unicode.o
    0x08022110   0x00000024   Code   RO         1902    i.ff_cre_syncobj    syscall.o
    0x08022134   0x0000000e   Code   RO         1903    i.ff_del_syncobj    syscall.o
    0x08022142   0x0000000c   Code   RO         1904    i.ff_memalloc       syscall.o
    0x0802214e   0x0000000c   Code   RO         1905    i.ff_memfree        syscall.o
    0x0802215a   0x0000000c   Code   RO         1906    i.ff_rel_grant      syscall.o
    0x08022166   0x00000018   Code   RO         1907    i.ff_req_grant      syscall.o
    0x0802217e   0x00000002   PAD
    0x08022180   0x000000a4   Code   RO         1963    i.ff_wtoupper       unicode.o
    0x08022224   0x00000074   Code   RO        11163    i.fgsm_close        logsd.o
    0x08022298   0x0000009c   Code   RO        11164    i.fgsm_filesize     logsd.o
    0x08022334   0x00000094   Code   RO        11165    i.fgsm_open         logsd.o
    0x080223c8   0x000000d8   Code   RO        11166    i.fgsm_read         logsd.o
    0x080224a0   0x0000030c   Code   RO         1394    i.find_volume       ff.o
    0x080227ac   0x000000d0   Code   RO         1395    i.follow_path       ff.o
    0x0802287c   0x00000002   Code   RO         8464    i.fs_close          fs.o
    0x0802287e   0x00000002   PAD
    0x08022880   0x00000044   Code   RO         8465    i.fs_open           fs.o
    0x080228c4   0x000000b4   Code   RO         1396    i.gen_numname       ff.o
    0x08022978   0x000000e0   Code   RO         1397    i.get_fat           ff.o
    0x08022a58   0x00000050   Code   RO         2069    i.get_fattime       fatfs.o
    0x08022aa8   0x00000142   Code   RO         1398    i.get_fileinfo      ff.o
    0x08022bea   0x00000048   Code   RO         1399    i.get_ldnumber      ff.o
    0x08022c32   0x00000002   PAD
    0x08022c34   0x000020cc   Code   RO         3147    i.http_server_serve  httpserver-netconn.o
    0x08024d00   0x00000012   Code   RO         8299    i.icmp_dest_unreach  icmp.o
    0x08024d12   0x00000002   PAD
    0x08024d14   0x000001dc   Code   RO         8300    i.icmp_input        icmp.o
    0x08024ef0   0x00000088   Code   RO         8301    i.icmp_send_response  icmp.o
    0x08024f78   0x00000012   Code   RO         8302    i.icmp_time_exceeded  icmp.o
    0x08024f8a   0x00000010   Code   RO          895    i.inHandlerMode     cmsis_os.o
    0x08024f9a   0x0000004e   Code   RO         9477    i.ip4_addr_isbroadcast_u32  ip4_addr.o
    0x08024fe8   0x000001d0   Code   RO        10301    i.ip4_frag          ip4_frag.o
    0x080251b8   0x00000230   Code   RO         9150    i.ip4_input         ip4.o
    0x080253e8   0x00000036   Code   RO         9152    i.ip4_output_if     ip4.o
    0x0802541e   0x00000002   PAD
    0x08025420   0x000000e8   Code   RO         9153    i.ip4_output_if_src  ip4.o
    0x08025508   0x000001e8   Code   RO        10302    i.ip4_reass         ip4_frag.o
    0x080256f0   0x000000a4   Code   RO         9154    i.ip4_route         ip4.o
    0x08025794   0x0000000a   Code   RO        10303    i.ip_frag_alloc_pbuf_custom_ref  ip4_frag.o
    0x0802579e   0x00000012   Code   RO        10304    i.ip_frag_free_pbuf_custom_ref  ip4_frag.o
    0x080257b0   0x0000016c   Code   RO        10305    i.ip_reass_chain_frag_into_datagram_and_validate  ip4_frag.o
    0x0802591c   0x0000002c   Code   RO        10306    i.ip_reass_dequeue_datagram  ip4_frag.o
    0x08025948   0x00000064   Code   RO        10307    i.ip_reass_enqueue_new_datagram  ip4_frag.o
    0x080259ac   0x000000a0   Code   RO        10308    i.ip_reass_free_complete_datagram  ip4_frag.o
    0x08025a4c   0x00000088   Code   RO        10309    i.ip_reass_remove_oldest_datagram  ip4_frag.o
    0x08025ad4   0x00000034   Code   RO        10310    i.ip_reass_tmr      ip4_frag.o
    0x08025b08   0x00000020   Code   RO        10311    i.ipfrag_free_pbuf_custom  ip4_frag.o
    0x08025b28   0x00000026   Code   RO         1400    i.ld_clust          ff.o
    0x08025b4e   0x00000018   Code   RO         1401    i.ld_dword          ff.o
    0x08025b66   0x0000000c   Code   RO         1402    i.ld_word           ff.o
    0x08025b72   0x00000016   Code   RO         1403    i.lock_fs           ff.o
    0x08025b88   0x00000148   Code   RO         2926    i.low_level_init    ethernetif.o
    0x08025cd0   0x0000012c   Code   RO         2927    i.low_level_input   ethernetif.o
    0x08025dfc   0x000000e8   Code   RO         2928    i.low_level_output  ethernetif.o
    0x08025ee4   0x0000001a   Code   RO         9404    i.lwip_htonl        def.o
    0x08025efe   0x0000000c   Code   RO         9405    i.lwip_htons        def.o
    0x08025f0a   0x00000024   Code   RO         8397    i.lwip_init         init.o
    0x08025f2e   0x00000064   Code   RO         8823    i.lwip_netconn_do_bind  api_msg.o
    0x08025f92   0x00000002   PAD
    0x08025f94   0x000000ac   Code   RO         8824    i.lwip_netconn_do_close  api_msg.o
    0x08026040   0x000001b8   Code   RO         8825    i.lwip_netconn_do_close_internal  api_msg.o
    0x080261f8   0x000000f4   Code   RO         8826    i.lwip_netconn_do_connect  api_msg.o
    0x080262ec   0x00000096   Code   RO         8827    i.lwip_netconn_do_connected  api_msg.o
    0x08026382   0x00000002   PAD
    0x08026384   0x000000e4   Code   RO         8828    i.lwip_netconn_do_delconn  api_msg.o
    0x08026468   0x000000fc   Code   RO         8831    i.lwip_netconn_do_listen  api_msg.o
    0x08026564   0x00000032   Code   RO         8832    i.lwip_netconn_do_newconn  api_msg.o
    0x08026596   0x00000062   Code   RO         8833    i.lwip_netconn_do_recv  api_msg.o
    0x080265f8   0x000000a4   Code   RO         8835    i.lwip_netconn_do_write  api_msg.o
    0x0802669c   0x000001a8   Code   RO         8836    i.lwip_netconn_do_writemore  api_msg.o
    0x08026844   0x00000040   Code   RO         2263    i.main              main.o
    0x08026884   0x0000000e   Code   RO          897    i.makeFreeRtosPriority  cmsis_os.o
    0x08026892   0x00000024   Code   RO         1404    i.mem_cmp           ff.o
    0x080268b6   0x0000001a   Code   RO         1405    i.mem_cpy           ff.o
    0x080268d0   0x00000090   Code   RO         8341    i.mem_free          mem.o
    0x08026960   0x0000007c   Code   RO         8342    i.mem_init          mem.o
    0x080269dc   0x00000184   Code   RO         8343    i.mem_malloc        mem.o
    0x08026b60   0x00000012   Code   RO         1406    i.mem_set           ff.o
    0x08026b72   0x00000002   PAD
    0x08026b74   0x00000154   Code   RO         8344    i.mem_trim          mem.o
    0x08026cc8   0x00000028   Code   RO         7349    i.memp_free         memp.o
    0x08026cf0   0x00000030   Code   RO         7351    i.memp_init         memp.o
    0x08026d20   0x00000032   Code   RO         7352    i.memp_init_pool    memp.o
    0x08026d52   0x00000002   PAD
    0x08026d54   0x00000024   Code   RO         7353    i.memp_malloc       memp.o
    0x08026d78   0x00000034   Code   RO         1407    i.move_window       ff.o
    0x08026dac   0x00000040   Code   RO        10128    i.netbuf_data       netbuf.o
    0x08026dec   0x00000020   Code   RO        10129    i.netbuf_delete     netbuf.o
    0x08026e0c   0x0000009c   Code   RO         7160    i.netconn_accept    api_lib.o
    0x08026ea8   0x00000086   Code   RO         8837    i.netconn_alloc     api_msg.o
    0x08026f2e   0x00000022   Code   RO         7161    i.netconn_apimsg    api_lib.o
    0x08026f50   0x0000003c   Code   RO         7162    i.netconn_bind      api_lib.o
    0x08026f8c   0x0000000e   Code   RO         7163    i.netconn_close     api_lib.o
    0x08026f9a   0x00000002   PAD
    0x08026f9c   0x00000034   Code   RO         7164    i.netconn_close_shutdown  api_lib.o
    0x08026fd0   0x0000003c   Code   RO         7165    i.netconn_connect   api_lib.o
    0x0802700c   0x00000034   Code   RO         7166    i.netconn_delete    api_lib.o
    0x08027040   0x000000b4   Code   RO         8838    i.netconn_drain     api_msg.o
    0x080270f4   0x0000003a   Code   RO         8839    i.netconn_free      api_msg.o
    0x0802712e   0x00000002   PAD
    0x08027130   0x0000002c   Code   RO         7169    i.netconn_listen_with_backlog  api_lib.o
    0x0802715c   0x00000084   Code   RO         7170    i.netconn_new_with_proto_and_callback  api_lib.o
    0x080271e0   0x00000068   Code   RO         7171    i.netconn_recv      api_lib.o
    0x08027248   0x000000f0   Code   RO         7172    i.netconn_recv_data  api_lib.o
    0x08027338   0x00000026   Code   RO         7173    i.netconn_recv_tcp_pbuf  api_lib.o
    0x0802735e   0x00000002   Code   RO         7174    i.netconn_recved    api_lib.o
    0x08027360   0x00000094   Code   RO         7178    i.netconn_write_partly  api_lib.o
    0x080273f4   0x00000078   Code   RO         8547    i.netif_add         netif.o
    0x0802746c   0x00000002   Code   RO         8549    i.netif_init        netif.o
    0x0802746e   0x00000024   Code   RO         8551    i.netif_issue_reports  netif.o
    0x08027492   0x00000048   Code   RO         8553    i.netif_set_addr    netif.o
    0x080274da   0x00000002   PAD
    0x080274dc   0x0000000c   Code   RO         8554    i.netif_set_default  netif.o
    0x080274e8   0x0000002a   Code   RO         8555    i.netif_set_down    netif.o
    0x08027512   0x0000000c   Code   RO         8556    i.netif_set_gw      netif.o
    0x0802751e   0x00000002   PAD
    0x08027520   0x00000044   Code   RO         8557    i.netif_set_ipaddr  netif.o
    0x08027564   0x00000006   Code   RO         8558    i.netif_set_link_callback  netif.o
    0x0802756a   0x0000002a   Code   RO         8559    i.netif_set_link_down  netif.o
    0x08027594   0x0000003a   Code   RO         8560    i.netif_set_link_up  netif.o
    0x080275ce   0x0000000c   Code   RO         8561    i.netif_set_netmask  netif.o
    0x080275da   0x0000002c   Code   RO         8562    i.netif_set_up      netif.o
    0x08027606   0x00000018   Code   RO          899    i.osDelay           cmsis_os.o
    0x0802761e   0x0000000a   Code   RO          902    i.osKernelStart     cmsis_os.o
    0x08027628   0x00000014   Code   RO          903    i.osKernelSysTick   cmsis_os.o
    0x0802763c   0x00000012   Code   RO          911    i.osMessageCreate   cmsis_os.o
    0x0802764e   0x00000018   Code   RO          912    i.osMessageDelete   cmsis_os.o
    0x08027666   0x00000002   PAD
    0x08027668   0x0000009c   Code   RO          913    i.osMessageGet      cmsis_os.o
    0x08027704   0x00000060   Code   RO          915    i.osMessagePut      cmsis_os.o
    0x08027764   0x0000001a   Code   RO          916    i.osMessageWaiting  cmsis_os.o
    0x0802777e   0x0000000c   Code   RO          917    i.osMutexCreate     cmsis_os.o
    0x0802778a   0x00000002   PAD
    0x0802778c   0x00000050   Code   RO          919    i.osMutexRelease    cmsis_os.o
    0x080277dc   0x0000006c   Code   RO          920    i.osMutexWait       cmsis_os.o
    0x08027848   0x0000002c   Code   RO          928    i.osSemaphoreCreate  cmsis_os.o
    0x08027874   0x00000018   Code   RO          929    i.osSemaphoreDelete  cmsis_os.o
    0x0802788c   0x00000050   Code   RO          931    i.osSemaphoreRelease  cmsis_os.o
    0x080278dc   0x0000006c   Code   RO          932    i.osSemaphoreWait   cmsis_os.o
    0x08027948   0x00000010   Code   RO          935    i.osSystickHandler  cmsis_os.o
    0x08027958   0x00000030   Code   RO          936    i.osThreadCreate    cmsis_os.o
    0x08027988   0x0000000e   Code   RO          939    i.osThreadList      cmsis_os.o
    0x08027996   0x0000000e   Code   RO          945    i.osThreadTerminate  cmsis_os.o
    0x080279a4   0x00000194   Code   RO         9560    i.pbuf_alloc        pbuf.o
    0x08027b38   0x0000006e   Code   RO         9561    i.pbuf_alloced_custom  pbuf.o
    0x08027ba6   0x00000038   Code   RO         9562    i.pbuf_cat          pbuf.o
    0x08027bde   0x00000012   Code   RO         9564    i.pbuf_clen         pbuf.o
    0x08027bf0   0x000000c0   Code   RO         9566    i.pbuf_copy         pbuf.o
    0x08027cb0   0x00000092   Code   RO         9567    i.pbuf_copy_partial  pbuf.o
    0x08027d42   0x00000086   Code   RO         9569    i.pbuf_free         pbuf.o
    0x08027dc8   0x00000034   Code   RO         9570    i.pbuf_free_ooseq   pbuf.o
    0x08027dfc   0x0000000a   Code   RO         9571    i.pbuf_free_ooseq_callback  pbuf.o
    0x08027e06   0x00000012   Code   RO         9573    i.pbuf_header       pbuf.o
    0x08027e18   0x00000012   Code   RO         9574    i.pbuf_header_force  pbuf.o
    0x08027e2a   0x0000008e   Code   RO         9575    i.pbuf_header_impl  pbuf.o
    0x08027eb8   0x00000030   Code   RO         9578    i.pbuf_pool_is_empty  pbuf.o
    0x08027ee8   0x00000080   Code   RO         9580    i.pbuf_realloc      pbuf.o
    0x08027f68   0x0000000e   Code   RO         9581    i.pbuf_ref          pbuf.o
    0x08027f76   0x00000040   Code   RO         8840    i.pcb_new           api_msg.o
    0x08027fb6   0x00000002   PAD
    0x08027fb8   0x00000088   Code   RO         1408    i.pick_lfn          ff.o
    0x08028040   0x00000088   Code   RO         8345    i.plug_holes        mem.o
    0x080280c8   0x00000082   Code   RO         8841    i.poll_tcp          api_msg.o
    0x0802814a   0x00000002   PAD
    0x0802814c   0x00000098   Code   RO          380    i.prvAddCurrentTaskToDelayedList  tasks.o
    0x080281e4   0x000000b8   Code   RO          381    i.prvAddNewTaskToReadyList  tasks.o
    0x0802829c   0x00000064   Code   RO          382    i.prvCheckTasksWaitingTermination  tasks.o
    0x08028300   0x0000002a   Code   RO          200    i.prvCopyDataFromQueue  queue.o
    0x0802832a   0x0000007c   Code   RO          201    i.prvCopyDataToQueue  queue.o
    0x080283a6   0x00000012   Code   RO          383    i.prvDeleteTCB      tasks.o
    0x080283b8   0x0000007c   Code   RO         1303    i.prvHeapInit       heap_4.o
    0x08028434   0x00000074   Code   RO          384    i.prvIdleTask       tasks.o
    0x080284a8   0x0000001c   Code   RO          202    i.prvInitialiseMutex  queue.o
    0x080284c4   0x0000002a   Code   RO          203    i.prvInitialiseNewQueue  queue.o
    0x080284ee   0x00000092   Code   RO          385    i.prvInitialiseNewTask  tasks.o
    0x08028580   0x00000068   Code   RO          386    i.prvInitialiseTaskLists  tasks.o
    0x080285e8   0x00000068   Code   RO         1304    i.prvInsertBlockIntoFreeList  heap_4.o
    0x08028650   0x0000001a   Code   RO          204    i.prvIsQueueEmpty   queue.o
    0x0802866a   0x0000001e   Code   RO          205    i.prvIsQueueFull    queue.o
    0x08028688   0x0000006a   Code   RO          387    i.prvListTasksWithinSingleList  tasks.o
    0x080286f2   0x00000002   PAD
    0x080286f4   0x00000034   Code   RO          388    i.prvResetNextTaskUnblockTime  tasks.o
    0x08028728   0x0000009e   Code   RO          389    i.prvSearchForNameWithinSingleList  tasks.o
    0x080287c6   0x00000016   Code   RO          390    i.prvTaskCheckFreeStackSpace  tasks.o
    0x080287dc   0x00000016   Code   RO          122    i.prvTaskExitError  port.o
    0x080287f2   0x0000007e   Code   RO          206    i.prvUnlockQueue    queue.o
    0x08028870   0x0000002a   Code   RO          392    i.prvWriteNameToBuffer  tasks.o
    0x0802889a   0x00000138   Code   RO         1409    i.put_fat           ff.o
    0x080289d2   0x00000002   PAD
    0x080289d4   0x00000080   Code   RO         1410    i.put_lfn           ff.o
    0x08028a54   0x000000d0   Code   RO         1305    i.pvPortMalloc      heap_4.o
    0x08028b24   0x00000020   Code   RO          393    i.pvTaskIncrementMutexHeldCount  tasks.o
    0x08028b44   0x0000002c   Code   RO          123    i.pxPortInitialiseStack  port.o
    0x08028b70   0x00000086   Code   RO         8842    i.recv_tcp          api_msg.o
    0x08028bf6   0x0000009a   Code   RO         1414    i.remove_chain      ff.o
    0x08028c90   0x0000006a   Code   RO         8843    i.sent_tcp          api_msg.o
    0x08028cfa   0x00000002   PAD
    0x08028cfc   0x00000044   Code   RO         8844    i.setup_tcp         api_msg.o
    0x08028d40   0x00000024   Code   RO         1415    i.st_clust          ff.o
    0x08028d64   0x00000018   Code   RO         1416    i.st_dword          ff.o
    0x08028d7c   0x0000000c   Code   RO         1417    i.st_word           ff.o
    0x08028d88   0x00000002   Code   RO         7779    i.stats_init        stats.o
    0x08028d8a   0x00000020   Code   RO         1418    i.sum_sfn           ff.o
    0x08028daa   0x00000002   PAD
    0x08028dac   0x00000090   Code   RO         1419    i.sync_fs           ff.o
    0x08028e3c   0x00000052   Code   RO         1420    i.sync_window       ff.o
    0x08028e8e   0x0000005e   Code   RO         7471    i.sys_arch_mbox_fetch  sys_arch.o
    0x08028eec   0x00000030   Code   RO         7472    i.sys_arch_mbox_tryfetch  sys_arch.o
    0x08028f1c   0x0000003e   Code   RO         7474    i.sys_arch_sem_wait  sys_arch.o
    0x08028f5a   0x00000002   PAD
    0x08028f5c   0x0000007c   Code   RO        10656    i.sys_check_timeouts  timeouts.o
    0x08028fd8   0x00000018   Code   RO         7476    i.sys_init          sys_arch.o
    0x08028ff0   0x00000038   Code   RO         7477    i.sys_mbox_free     sys_arch.o
    0x08029028   0x00000058   Code   RO         7478    i.sys_mbox_new      sys_arch.o
    0x08029080   0x0000001a   Code   RO         7479    i.sys_mbox_post     sys_arch.o
    0x0802909a   0x00000006   Code   RO         7480    i.sys_mbox_set_invalid  sys_arch.o
    0x080290a0   0x00000034   Code   RO         7481    i.sys_mbox_trypost  sys_arch.o
    0x080290d4   0x0000000e   Code   RO         7482    i.sys_mbox_valid    sys_arch.o
    0x080290e2   0x00000010   Code   RO         7484    i.sys_mutex_lock    sys_arch.o
    0x080290f2   0x00000002   PAD
    0x080290f4   0x00000058   Code   RO         7485    i.sys_mutex_new     sys_arch.o
    0x0802914c   0x0000000c   Code   RO         7486    i.sys_mutex_unlock  sys_arch.o
    0x08029158   0x00000008   Code   RO         2930    i.sys_now           ethernetif.o
    0x08029160   0x00000020   Code   RO         7487    i.sys_sem_free      sys_arch.o
    0x08029180   0x00000068   Code   RO         7488    i.sys_sem_new       sys_arch.o
    0x080291e8   0x00000006   Code   RO         7489    i.sys_sem_set_invalid  sys_arch.o
    0x080291ee   0x0000000c   Code   RO         7490    i.sys_sem_signal    sys_arch.o
    0x080291fa   0x0000000e   Code   RO         7491    i.sys_sem_valid     sys_arch.o
    0x08029208   0x00000036   Code   RO         7492    i.sys_thread_new    sys_arch.o
    0x0802923e   0x00000002   PAD
    0x08029240   0x000000d8   Code   RO        10658    i.sys_timeout       timeouts.o
    0x08029318   0x00000034   Code   RO        10659    i.sys_timeouts_init  timeouts.o
    0x0802934c   0x00000040   Code   RO        10660    i.sys_timeouts_mbox_fetch  timeouts.o
    0x0802938c   0x00000038   Code   RO        10661    i.sys_timeouts_sleeptime  timeouts.o
    0x080293c4   0x000000f4   Code   RO         7816    i.tcp_abandon       tcp.o
    0x080294b8   0x0000000e   Code   RO         7817    i.tcp_abort         tcp.o
    0x080294c6   0x00000010   Code   RO         7818    i.tcp_accept        tcp.o
    0x080294d6   0x00000014   Code   RO         7819    i.tcp_accept_null   tcp.o
    0x080294ea   0x00000002   PAD
    0x080294ec   0x0000011c   Code   RO         7820    i.tcp_alloc         tcp.o
    0x08029608   0x00000006   Code   RO         7821    i.tcp_arg           tcp.o
    0x0802960e   0x00000002   PAD
    0x08029610   0x000000b0   Code   RO         7822    i.tcp_bind          tcp.o
    0x080296c0   0x0000001c   Code   RO         7823    i.tcp_close         tcp.o
    0x080296dc   0x000001b0   Code   RO         7824    i.tcp_close_shutdown  tcp.o
    0x0802988c   0x0000014c   Code   RO         7825    i.tcp_connect       tcp.o
    0x080299d8   0x000000d4   Code   RO         7649    i.tcp_create_segment  tcp_out.o
    0x08029aac   0x0000003a   Code   RO         7827    i.tcp_eff_send_mss_impl  tcp.o
    0x08029ae6   0x00000002   PAD
    0x08029ae8   0x00000144   Code   RO         7650    i.tcp_enqueue_flags  tcp_out.o
    0x08029c2c   0x0000000c   Code   RO         7828    i.tcp_err           tcp.o
    0x08029c38   0x00000078   Code   RO         7829    i.tcp_fasttmr       tcp.o
    0x08029cb0   0x00000058   Code   RO         9056    i.tcp_getoptbyte    tcp_in.o
    0x08029d08   0x00000002   Code   RO         7830    i.tcp_init          tcp.o
    0x08029d0a   0x00000002   PAD
    0x08029d0c   0x000005c4   Code   RO         9057    i.tcp_input         tcp_in.o
    0x0802a2d0   0x0000006c   Code   RO         7651    i.tcp_keepalive     tcp_out.o
    0x0802a33c   0x00000058   Code   RO         7831    i.tcp_kill_prio     tcp.o
    0x0802a394   0x0000004c   Code   RO         7832    i.tcp_kill_state    tcp.o
    0x0802a3e0   0x0000003c   Code   RO         7833    i.tcp_kill_timewait  tcp.o
    0x0802a41c   0x0000002c   Code   RO         7834    i.tcp_listen_closed  tcp.o
    0x0802a448   0x00000154   Code   RO         9058    i.tcp_listen_input  tcp_in.o
    0x0802a59c   0x000000b4   Code   RO         7835    i.tcp_listen_with_backlog  tcp.o
    0x0802a650   0x00000054   Code   RO         7836    i.tcp_netif_ip_addr_changed  tcp.o
    0x0802a6a4   0x0000002a   Code   RO         7837    i.tcp_netif_ip_addr_changed_pcblist  tcp.o
    0x0802a6ce   0x0000000a   Code   RO         7838    i.tcp_new           tcp.o
    0x0802a6d8   0x00000068   Code   RO         7840    i.tcp_new_port      tcp.o
    0x0802a740   0x0000001c   Code   RO         7841    i.tcp_next_iss      tcp.o
    0x0802a75c   0x00000090   Code   RO         9059    i.tcp_oos_insert_segment  tcp_in.o
    0x0802a7ec   0x0000021c   Code   RO         7652    i.tcp_output        tcp_out.o
    0x0802aa08   0x00000078   Code   RO         7653    i.tcp_output_alloc_header  tcp_out.o
    0x0802aa80   0x000000d8   Code   RO         7654    i.tcp_output_segment  tcp_out.o
    0x0802ab58   0x0000009c   Code   RO         9060    i.tcp_parseopt      tcp_in.o
    0x0802abf4   0x00000078   Code   RO         7655    i.tcp_pbuf_prealloc  tcp_out.o
    0x0802ac6c   0x00000048   Code   RO         7842    i.tcp_pcb_purge     tcp.o
    0x0802acb4   0x0000007c   Code   RO         7843    i.tcp_pcb_remove    tcp.o
    0x0802ad30   0x0000000c   Code   RO         7844    i.tcp_poll          tcp.o
    0x0802ad3c   0x000005bc   Code   RO         9061    i.tcp_process       tcp_in.o
    0x0802b2f8   0x00000094   Code   RO         7845    i.tcp_process_refused_data  tcp.o
    0x0802b38c   0x000009b0   Code   RO         9062    i.tcp_receive       tcp_in.o
    0x0802bd3c   0x0000000c   Code   RO         7846    i.tcp_recv          tcp.o
    0x0802bd48   0x0000002e   Code   RO         7847    i.tcp_recv_null     tcp.o
    0x0802bd76   0x0000005e   Code   RO         7848    i.tcp_recved        tcp.o
    0x0802bdd4   0x00000018   Code   RO         7849    i.tcp_remove_listener  tcp.o
    0x0802bdec   0x0000005a   Code   RO         7656    i.tcp_rexmit        tcp_out.o
    0x0802be46   0x00000074   Code   RO         7657    i.tcp_rexmit_fast   tcp_out.o
    0x0802beba   0x0000003a   Code   RO         7658    i.tcp_rexmit_rto    tcp_out.o
    0x0802bef4   0x0000009c   Code   RO         7659    i.tcp_rst           tcp_out.o
    0x0802bf90   0x00000024   Code   RO         7850    i.tcp_seg_copy      tcp.o
    0x0802bfb4   0x0000001a   Code   RO         7851    i.tcp_seg_free      tcp.o
    0x0802bfce   0x00000018   Code   RO         7852    i.tcp_segs_free     tcp.o
    0x0802bfe6   0x00000076   Code   RO         7660    i.tcp_send_empty_ack  tcp_out.o
    0x0802c05c   0x0000004a   Code   RO         7661    i.tcp_send_fin      tcp_out.o
    0x0802c0a6   0x0000000a   Code   RO         7853    i.tcp_sent          tcp.o
    0x0802c0b0   0x00000062   Code   RO         7855    i.tcp_shutdown      tcp.o
    0x0802c112   0x00000002   PAD
    0x0802c114   0x00000368   Code   RO         7856    i.tcp_slowtmr       tcp.o
    0x0802c47c   0x00000038   Code   RO        10663    i.tcp_timer_needed  timeouts.o
    0x0802c4b4   0x000000a4   Code   RO         9063    i.tcp_timewait_input  tcp_in.o
    0x0802c558   0x00000024   Code   RO         7857    i.tcp_tmr           tcp.o
    0x0802c57c   0x00000014   Code   RO         9064    i.tcp_trigger_input_pcb_close  tcp_in.o
    0x0802c590   0x0000004e   Code   RO         7859    i.tcp_update_rcv_ann_wnd  tcp.o
    0x0802c5de   0x00000002   PAD
    0x0802c5e0   0x000003d0   Code   RO         7662    i.tcp_write         tcp_out.o
    0x0802c9b0   0x00000084   Code   RO         7663    i.tcp_write_checks  tcp_out.o
    0x0802ca34   0x000000f0   Code   RO         7664    i.tcp_zero_window_probe  tcp_out.o
    0x0802cb24   0x0000005c   Code   RO        10202    i.tcpip_callback_with_block  tcpip.o
    0x0802cb80   0x00000064   Code   RO        10205    i.tcpip_init        tcpip.o
    0x0802cbe4   0x00000050   Code   RO        10206    i.tcpip_inpkt       tcpip.o
    0x0802cc34   0x00000030   Code   RO        10207    i.tcpip_input       tcpip.o
    0x0802cc64   0x00000020   Code   RO        10208    i.tcpip_send_msg_wait_sem  tcpip.o
    0x0802cc84   0x00000038   Code   RO        10664    i.tcpip_tcp_timer   timeouts.o
    0x0802ccbc   0x00000094   Code   RO        10209    i.tcpip_thread      tcpip.o
    0x0802cd50   0x0000001c   Code   RO         1421    i.unlock_fs         ff.o
    0x0802cd6c   0x00000028   Code   RO         1258    i.uxListRemove      list.o
    0x0802cd94   0x00000012   Code   RO          209    i.uxQueueMessagesWaiting  queue.o
    0x0802cda6   0x00000006   Code   RO          210    i.uxQueueMessagesWaitingFromISR  queue.o
    0x0802cdac   0x000000b4   Code   RO          396    i.uxTaskGetSystemState  tasks.o
    0x0802ce60   0x0000001a   Code   RO         1259    i.vListInitialise   list.o
    0x0802ce7a   0x00000006   Code   RO         1260    i.vListInitialiseItem  list.o
    0x0802ce80   0x00000034   Code   RO         1261    i.vListInsert       list.o
    0x0802ceb4   0x00000018   Code   RO         1262    i.vListInsertEnd    list.o
    0x0802cecc   0x00000024   Code   RO          125    i.vPortEnterCritical  port.o
    0x0802cef0   0x00000020   Code   RO          126    i.vPortExitCritical  port.o
    0x0802cf10   0x00000048   Code   RO         1306    i.vPortFree         heap_4.o
    0x0802cf58   0x00000020   Code   RO          127    i.vPortSetupTimerInterrupt  port.o
    0x0802cf78   0x00000014   Code   RO          213    i.vQueueDelete      queue.o
    0x0802cf8c   0x00000030   Code   RO          215    i.vQueueUnregisterQueue  queue.o
    0x0802cfbc   0x00000034   Code   RO          401    i.vTaskDelay        tasks.o
    0x0802cff0   0x000000cc   Code   RO          402    i.vTaskDelete       tasks.o
    0x0802d0bc   0x00000078   Code   RO          404    i.vTaskGetInfo      tasks.o
    0x0802d134   0x000000d4   Code   RO          405    i.vTaskGetRunTimeStats  tasks.o
    0x0802d208   0x000000e0   Code   RO          406    i.vTaskList         tasks.o
    0x0802d2e8   0x0000000c   Code   RO          407    i.vTaskMissedYield  tasks.o
    0x0802d2f4   0x00000020   Code   RO          409    i.vTaskPlaceOnEventList  tasks.o
    0x0802d314   0x000000b0   Code   RO          411    i.vTaskPriorityInherit  tasks.o
    0x0802d3c4   0x00000018   Code   RO          415    i.vTaskSetTimeOutState  tasks.o
    0x0802d3dc   0x00000068   Code   RO          416    i.vTaskStartScheduler  tasks.o
    0x0802d444   0x00000010   Code   RO          418    i.vTaskSuspendAll   tasks.o
    0x0802d454   0x000000a0   Code   RO          419    i.vTaskSwitchContext  tasks.o
    0x0802d4f4   0x00000048   Code   RO         1422    i.validate          ff.o
    0x0802d53c   0x0000000c   Code   RO         1308    i.xPortGetFreeHeapSize  heap_4.o
    0x0802d548   0x00000048   Code   RO          128    i.xPortStartScheduler  port.o
    0x0802d590   0x00000034   Code   RO          129    i.xPortSysTickHandler  port.o
    0x0802d5c4   0x00000022   Code   RO          216    i.xQueueCreateMutex  queue.o
    0x0802d5e6   0x00000038   Code   RO          217    i.xQueueGenericCreate  queue.o
    0x0802d61e   0x00000002   PAD
    0x0802d620   0x0000015c   Code   RO          218    i.xQueueGenericReceive  queue.o
    0x0802d77c   0x00000080   Code   RO          219    i.xQueueGenericReset  queue.o
    0x0802d7fc   0x00000118   Code   RO          220    i.xQueueGenericSend  queue.o
    0x0802d914   0x00000086   Code   RO          221    i.xQueueGenericSendFromISR  queue.o
    0x0802d99a   0x00000078   Code   RO          222    i.xQueueGiveFromISR  queue.o
    0x0802da12   0x00000082   Code   RO          226    i.xQueueReceiveFromISR  queue.o
    0x0802da94   0x0000005c   Code   RO          420    i.xTaskCheckForTimeOut  tasks.o
    0x0802daf0   0x00000060   Code   RO          421    i.xTaskCreate       tasks.o
    0x0802db50   0x0000007c   Code   RO          425    i.xTaskGetHandle    tasks.o
    0x0802dbcc   0x00000020   Code   RO          426    i.xTaskGetSchedulerState  tasks.o
    0x0802dbec   0x0000000c   Code   RO          427    i.xTaskGetTickCount  tasks.o
    0x0802dbf8   0x0000000c   Code   RO          428    i.xTaskGetTickCountFromISR  tasks.o
    0x0802dc04   0x0000011c   Code   RO          429    i.xTaskIncrementTick  tasks.o
    0x0802dd20   0x00000084   Code   RO          432    i.xTaskPriorityDisinherit  tasks.o
    0x0802dda4   0x00000080   Code   RO          433    i.xTaskRemoveFromEventList  tasks.o
    0x0802de24   0x000000e8   Code   RO          435    i.xTaskResumeAll    tasks.o
    0x0802df0c   0x0000011c   Code   RO        10882    i.zapros_M          modbus_master.o
    0x0802e028   0x00000094   Code   RO        10883    i.zapros_M10        modbus_master.o
    0x0802e0bc   0x000000e4   Code   RO        10884    i.zapros_T          modbus_master.o
    0x0802e1a0   0x000000aa   Data   RO         1423    .constdata          ff.o
    0x0802e24a   0x000003ae   Data   RO         1964    .constdata          unicode.o
    0x0802e5f8   0x00000014   Data   RO         2002    .constdata          sd_diskio.o
    0x0802e60c   0x00000104   Data   RO         2506    .constdata          freertos.o
    0x0802e710   0x00000014   Data   RO         2721    .constdata          lwip.o
    0x0802e724   0x00000014   Data   RO         2932    .constdata          ethernetif.o
    0x0802e738   0x00000018   Data   RO         7118    .constdata          system_stm32f4xx.o
    0x0802e750   0x000000f0   Data   RO         7356    .constdata          memp.o
    0x0802e840   0x0000000c   Data   RO         7493    .constdata          sys_arch.o
    0x0802e84c   0x00000050   Data   RO         7860    .constdata          tcp.o
    0x0802e89c   0x0004e968   Data   RO         8466    .constdata          fs.o
    0x0807d204   0x00000008   Data   RO         9484    .constdata          ip4_addr.o
    0x0807d20c   0x0000000c   Data   RO         9746    .constdata          ethernet.o
    0x0807d218   0x00000018   Data   RO        10665    .constdata          timeouts.o
    0x0807d230   0x0000000f   Data   RO        10886    .constdata          modbus_master.o
    0x0807d23f   0x00000001   PAD
    0x0807d240   0x000000ea   Data   RO        11073    .constdata          ftp.o
    0x0807d32a   0x00000081   Data   RO        12443    .constdata          mc_w.l(ctype_o.o)
    0x0807d3ab   0x00000001   PAD
    0x0807d3ac   0x00000004   Data   RO        12444    .constdata          mc_w.l(ctype_o.o)
    0x0807d3b0   0x0000009e   Data   RO         2507    .conststring        freertos.o
    0x0807d44e   0x00000002   PAD
    0x0807d450   0x00000008   Data   RO         2722    .conststring        lwip.o
    0x0807d458   0x00000006   Data   RO         2933    .conststring        ethernetif.o
    0x0807d45e   0x00000002   PAD
    0x0807d460   0x000077a0   Data   RO         3149    .conststring        httpserver-netconn.o
    0x08084c00   0x00000075   Data   RO         7861    .conststring        tcp.o
    0x08084c75   0x00000003   PAD
    0x08084c78   0x0000000d   Data   RO        10887    .conststring        modbus_master.o
    0x08084c85   0x00000003   PAD
    0x08084c88   0x00000485   Data   RO        11074    .conststring        ftp.o
    0x0808510d   0x00000003   PAD
    0x08085110   0x00000044   Data   RO        11169    .conststring        logsd.o
    0x08085154   0x0000008e   Data   RO        11331    .conststring        event.o
    0x080851e2   0x00000002   PAD
    0x080851e4   0x00000020   Data   RO        12488    Region$$Table       anon$$obj.o


    Execution Region RW_IRAM1 (Base: 0x20000000, Size: 0x0001d408, Max: 0x00020000, ABSOLUTE, COMPRESSED[0x00000238])

    Base Addr    Size         Type   Attr      Idx    E Section Name        Object

    0x20000000   0x00000004   Data   RW          130    .data               port.o
    0x20000004   0x00000048   Data   RW          438    .data               tasks.o
    0x2000004c   0x00000018   Data   RW         1311    .data               heap_4.o
    0x20000064   0x00000006   Data   RW         1424    .data               ff.o
    0x2000006a   0x00000001   Data   RW         2003    .data               sd_diskio.o
    0x2000006b   0x00000005   Data   RW         2071    .data               fatfs.o
    0x20000070   0x00000018   Data   RW         2265    .data               main.o
    0x20000088   0x000000cb   Data   RW         2508    .data               freertos.o
    0x20000153   0x00000001   PAD
    0x20000154   0x00000020   Data   RW         2723    .data               lwip.o
    0x20000174   0x0000000c   Data   RW         2805    .data               stm32f4xx_it.o
    0x20000180   0x0000000c   Data   RW         2934    .data               ethernetif.o
    0x2000018c   0x00000094   Data   RW         3150    .data               httpserver-netconn.o
    0x20000220   0x00000004   Data   RW         4464    .data               stm32f4xx_hal.o
    0x20000224   0x00000004   Data   RW         7119    .data               system_stm32f4xx.o
    0x20000228   0x00000030   Data   RW         7357    .data               memp.o
    0x20000258   0x00000008   Data   RW         7494    .data               sys_arch.o
    0x20000260   0x00000020   Data   RW         7862    .data               tcp.o
    0x20000280   0x00000010   Data   RW         8347    .data               mem.o
    0x20000290   0x00000009   Data   RW         8563    .data               netif.o
    0x20000299   0x00000001   Data   RW         8845    .data               api_msg.o
    0x2000029a   0x00000002   PAD
    0x2000029c   0x00000028   Data   RW         9066    .data               tcp_in.o
    0x200002c4   0x00000002   Data   RW         9155    .data               ip4.o
    0x200002c6   0x00000001   Data   RW         9588    .data               pbuf.o
    0x200002c7   0x00000001   PAD
    0x200002c8   0x00000010   Data   RW        10211    .data               tcpip.o
    0x200002d8   0x00000006   Data   RW        10312    .data               ip4_frag.o
    0x200002de   0x00000001   Data   RW        10571    .data               etharp.o
    0x200002df   0x00000001   PAD
    0x200002e0   0x0000000c   Data   RW        10666    .data               timeouts.o
    0x200002ec   0x00000031   Data   RW        10888    .data               modbus_master.o
    0x2000031d   0x00000003   PAD
    0x20000320   0x00000008   Data   RW        11031    .data               modbus_slave.o
    0x20000328   0x00000088   Data   RW        11075    .data               ftp.o
    0x200003b0   0x00000230   Data   RW        11170    .data               logsd.o
    0x200005e0   0x00000010   Data   RW        11332    .data               event.o
    0x200005f0   0x00000004   Data   RW        12081    .data               mc_w.l(strtok_r.o)
    0x200005f4   0x00000004   Data   RW        12410    .data               mc_w.l(errno.o)
    0x200005f8   0x00000040   Zero   RW          227    .bss                queue.o
    0x20000638   0x000000f0   Zero   RW          437    .bss                tasks.o
    0x20000728   0x00010000   Zero   RW         1310    .bss                heap_4.o
    0x20010728   0x0000000c   Zero   RW         1791    .bss                ff_gen_drv.o
    0x20010734   0x00000878   Zero   RW         2264    .bss                main.o
    0x20010fac   0x0000017e   Zero   RW         2505    .bss                freertos.o
    0x2001112a   0x00000002   PAD
    0x2001112c   0x00000034   Zero   RW         2720    .bss                lwip.o
    0x20011160   0x000030e8   Zero   RW         2931    .bss                ethernetif.o
    0x20014248   0x00000d7c   Zero   RW         3148    .bss                httpserver-netconn.o
    0x20014fc4   0x00000020   Zero   RW         3634    .bss                stm32f4xx_hal_flash.o
    0x20014fe4   0x00003a64   Zero   RW         7355    .bss                memp.o
    0x20018a48   0x000000e0   Zero   RW         7780    .bss                stats.o
    0x20018b28   0x00000018   Zero   RW         8155    .bss                ip.o
    0x20018b40   0x00000e23   Zero   RW         8346    .bss                mem.o
    0x20019963   0x00000001   PAD
    0x20019964   0x00000010   Zero   RW         9065    .bss                tcp_in.o
    0x20019974   0x00000168   Zero   RW        10570    .bss                etharp.o
    0x20019adc   0x00001cc7   Zero   RW        10885    .bss                modbus_master.o
    0x2001b7a3   0x0000012c   Zero   RW        11030    .bss                modbus_slave.o
    0x2001b8cf   0x00000001   PAD
    0x2001b8d0   0x00000345   Zero   RW        11072    .bss                ftp.o
    0x2001bc15   0x00000003   PAD
    0x2001bc18   0x00000cd0   Zero   RW        11168    .bss                logsd.o
    0x2001c8e8   0x00000484   Zero   RW        11330    .bss                event.o
    0x2001cd6c   0x00000298   Zero   RW        11796    .bss                usbh_conf.o
    0x2001d004   0x00000004   PAD
    0x2001d008   0x00000400   Zero   RW         7150    STACK               startup_stm32f407xx.o


==============================================================================

Image component sizes


      Code (inc. data)   RO Data    RW Data    ZI Data      Debug   Object Name

      1136         56          0          0          0      30023   api_lib.o
      3680         70          0          1          0      25382   api_msg.o
       200         26          0          0          0       3820   bsp_driver_sd.o
       952         24          0          0          0      22502   cmsis_os.o
        38          0          0          0          0       1074   def.o
       208         24          0          0          0       3621   diskio.o
      2304         80          0          1        360      11455   etharp.o
       372         14         12          0          0       2618   ethernet.o
      1798        112         26         12      12520       9780   ethernetif.o
      3580        330        142         16       1156       7365   event.o
         0          0          0          0          0      20706   event_groups.o
       108         16          0          5          0       1615   fatfs.o
     10498         84        170          6          0      63125   ff.o
       102          6          0          0         12       3591   ff_gen_drv.o
     12700       1290        418        203        382      73100   freertos.o
        70          4     321896          0          0       4002   fs.o
      4972        792       1391        136        837      24407   ftp.o
       520         68          0         24      65536       4662   heap_4.o
     13396       2686      30624        148       3452      28882   httpserver-netconn.o
       648         14          0          0          0       3814   icmp.o
        36          0          0          0          0        532   init.o
         0          0          0          0         24       2962   ip.o
      1010         40          0          2          0       4828   ip4.o
        78          0          8          0          0       6702   ip4_addr.o
      1868         52          0          6          0      10570   ip4_frag.o
       148          0          0          0          0       3418   list.o
     13774       2334         68        560       3280      37280   logsd.o
       276         54         28         32         52       5412   lwip.o
      1680        278          0         24       2168      43368   main.o
      1132        102          0         16       3619       5273   mem.o
       272         16        240         48      14948      20101   memp.o
      5360       1042         28         49       7367      33072   modbus_master.o
       648         56          0          8        300       2870   modbus_slave.o
        96          0          0          0          0       1710   netbuf.o
       526         20          0          9          0      11087   netif.o
      1490         30          0          1          0      12460   pbuf.o
       476         58          0          4          0      10536   port.o
      1740         20          0          0         64      19741   queue.o
       328         32         20          1          0       8684   sd_diskio.o
        36          8        392          0       1024        784   startup_stm32f407xx.o
         2          0          0          0        224       5318   stats.o
       158         20          0          4          0       4275   stm32f4xx_hal.o
       366         28          0          0          0      31951   stm32f4xx_hal_cortex.o
        40          0          0          0          0       1079   stm32f4xx_hal_dma.o
      3366         58          0          0          0      18219   stm32f4xx_hal_eth.o
       628         62          0          0         32       5734   stm32f4xx_hal_flash.o
       104          6          0          0          0        697   stm32f4xx_hal_flash_ex.o
       568         50          0          0          0       3478   stm32f4xx_hal_gpio.o
      3430          4          0          0          0       5936   stm32f4xx_hal_hcd.o
        94          0          0          0          0       1663   stm32f4xx_hal_iwdg.o
       998         66          0          0          0      17007   stm32f4xx_hal_msp.o
      1844         80          0          0          0       5292   stm32f4xx_hal_rcc.o
       440         20          0          0          0       1348   stm32f4xx_hal_rcc_ex.o
      1104         22          0          0          0       6926   stm32f4xx_hal_rtc.o
        36          0          0          0          0       1699   stm32f4xx_hal_rtc_ex.o
      3832         12          0          0          0      18314   stm32f4xx_hal_sd.o
      1116         52          0          0          0      10197   stm32f4xx_hal_tim.o
       102          0          0          0          0       2250   stm32f4xx_hal_tim_ex.o
      1666         14          0          0          0       7499   stm32f4xx_hal_uart.o
      1216        188          0         12          0      16513   stm32f4xx_it.o
      2090         40          0          0          0      22927   stm32f4xx_ll_sdmmc.o
       820         10          0          0          0       8155   stm32f4xx_ll_usb.o
       808         46         12          8          0      17368   sys_arch.o
       110          0          0          0          0       4475   syscall.o
       100         18         24          4          0       1095   system_stm32f4xx.o
      4000        586          0         72        240     799840   tasks.o
      4172        224        197         32          0      38009   tcp.o
      6336        358          0         40         16      19511   tcp_in.o
      3600         50          0          0          0      16087   tcp_out.o
       500         74          0         16          0       7149   tcpip.o
       652         90         24         12          0       6948   timeouts.o
         0          0          0          0          0       7908   timers.o
       240         24        942          0          0       2035   unicode.o
       180          0          0          0        664       3900   usbh_conf.o
       202          0          0          0          0      11232   usbh_core.o
        30          0          0          0          0        992   usbh_pipes.o

    ----------------------------------------------------------------------
    133312      12040     356710       1520     118288    1719960   Object Totals
         0          0         32          0          0          0   (incl. Generated)
       106          0         16          8         11          0   (incl. Padding)

    ----------------------------------------------------------------------

      Code (inc. data)   RO Data    RW Data    ZI Data      Debug   Library Member Name

        56         12          0          0          0        132   atof.o
        86          0          0          0          0          0   __dczerorl2.o
        28          0          0          0          0         68   _chval.o
        64          0          0          0          0         84   _sgetc.o
       158          0          0          0          0         92   _strtoul.o
        26          0          0          0          0         80   atoi.o
         8          4        133          0          0         68   ctype_o.o
         0          0          0          0          0          0   entry.o
         0          0          0          0          0          0   entry10a.o
         0          0          0          0          0          0   entry11a.o
         8          4          0          0          0          0   entry2.o
         4          0          0          0          0          0   entry5.o
         0          0          0          0          0          0   entry7b.o
         0          0          0          0          0          0   entry8b.o
         8          4          0          0          0          0   entry9a.o
        32         16          0          4          0        204   errno.o
        30          0          0          0          0          0   handlers.o
        36          8          0          0          0         68   init.o
        18          0          0          0          0         76   isspace_o.o
         0          0          0          0          0          0   iusefp.o
        30          0          0          0          0         68   llshl.o
        36          0          0          0          0         68   llsshr.o
        32          0          0          0          0         68   llushr.o
        26          0          0          0          0         80   memcmp.o
        36          0          0          0          0         68   memcpya.o
        36          0          0          0          0        108   memseta.o
      2342         94          0          0          0        744   printfa.o
       838         12          0          0          0        216   scanf_fp.o
        42          0          0          0          0         84   strcasecmp.o
        24          0          0          0          0         68   strcat.o
        20          0          0          0          0         68   strchr.o
        28          0          0          0          0         76   strcmp.o
        18          0          0          0          0         68   strcpy.o
        14          0          0          0          0         68   strlen.o
        30          0          0          0          0         80   strncmp.o
        24          0          0          0          0         76   strncpy.o
        36          0          0          0          0         80   strstr.o
       156         14          0          0          0        120   strtod.o
        68          4          0          4          0         96   strtok_r.o
       112          0          0          0          0         88   strtol.o
        12          0          0          0          0         68   tolower.o
        44          0          0          0          0         80   uidiv.o
        98          0          0          0          0         92   uldiv.o
        48          0          0          0          0         68   cdrcmple.o
        56          0          0          0          0         88   d2f.o
       334          0          0          0          0        148   dadd.o
       222          0          0          0          0        100   ddiv.o
       186          0          0          0          0        176   depilogue.o
        48          0          0          0          0         68   dfixul.o
        24          0          0          0          0         76   dfltul.o
       228          0          0          0          0         96   dmul.o
        38          0          0          0          0         68   f2d.o
       110          0          0          0          0        168   fepilogue.o

    ----------------------------------------------------------------------
      5976        176        134          8          0       4560   Library Totals
        18          4          1          0          0          0   (incl. Padding)

    ----------------------------------------------------------------------

      Code (inc. data)   RO Data    RW Data    ZI Data      Debug   Library Name

        56         12          0          0          0        132   m_wm.l
      4608        160        133          8          0       3372   mc_w.l
      1294          0          0          0          0       1056   mf_w.l

    ----------------------------------------------------------------------
      5976        176        134          8          0       4560   Library Totals

    ----------------------------------------------------------------------

==============================================================================


      Code (inc. data)   RO Data    RW Data    ZI Data      Debug   

    139288      12216     356844       1528     118288    1653108   Grand Totals
    139288      12216     356844        568     118288    1653108   ELF Image Totals (compressed)
    139288      12216     356844        568          0          0   ROM Totals

==============================================================================

    Total RO  Size (Code + RO Data)               496132 ( 484.50kB)
    Total RW  Size (RW Data + ZI Data)            119816 ( 117.01kB)
    Total ROM Size (Code + RO Data + RW Data)     496700 ( 485.06kB)

==============================================================================

