Component: ARM Compiler 5.05 update 1 (build 106) Tool: armlink [4d0efa]

==============================================================================

Section Cross References

    event_groups.o(i.vEventGroupClearBitsCallback) refers to event_groups.o(i.xEventGroupClearBits) for xEventGroupClearBits
    event_groups.o(i.vEventGroupDelete) refers to tasks.o(i.vTaskSuspendAll) for vTaskSuspendAll
    event_groups.o(i.vEventGroupDelete) refers to tasks.o(i.xTaskRemoveFromUnorderedEventList) for xTaskRemoveFromUnorderedEventList
    event_groups.o(i.vEventGroupDelete) refers to heap_4.o(i.vPortFree) for vPortFree
    event_groups.o(i.vEventGroupDelete) refers to tasks.o(i.xTaskResumeAll) for xTaskResumeAll
    event_groups.o(i.vEventGroupSetBitsCallback) refers to event_groups.o(i.xEventGroupSetBits) for xEventGroupSetBits
    event_groups.o(i.xEventGroupClearBits) refers to port.o(i.vPortEnterCritical) for vPortEnterCritical
    event_groups.o(i.xEventGroupClearBits) refers to port.o(i.vPortExitCritical) for vPortExitCritical
    event_groups.o(i.xEventGroupCreate) refers to heap_4.o(i.pvPortMalloc) for pvPortMalloc
    event_groups.o(i.xEventGroupCreate) refers to list.o(i.vListInitialise) for vListInitialise
    event_groups.o(i.xEventGroupSetBits) refers to tasks.o(i.vTaskSuspendAll) for vTaskSuspendAll
    event_groups.o(i.xEventGroupSetBits) refers to tasks.o(i.xTaskRemoveFromUnorderedEventList) for xTaskRemoveFromUnorderedEventList
    event_groups.o(i.xEventGroupSetBits) refers to tasks.o(i.xTaskResumeAll) for xTaskResumeAll
    event_groups.o(i.xEventGroupSync) refers to tasks.o(i.vTaskSuspendAll) for vTaskSuspendAll
    event_groups.o(i.xEventGroupSync) refers to event_groups.o(i.xEventGroupSetBits) for xEventGroupSetBits
    event_groups.o(i.xEventGroupSync) refers to tasks.o(i.vTaskPlaceOnUnorderedEventList) for vTaskPlaceOnUnorderedEventList
    event_groups.o(i.xEventGroupSync) refers to tasks.o(i.xTaskResumeAll) for xTaskResumeAll
    event_groups.o(i.xEventGroupSync) refers to tasks.o(i.uxTaskResetEventItemValue) for uxTaskResetEventItemValue
    event_groups.o(i.xEventGroupSync) refers to port.o(i.vPortEnterCritical) for vPortEnterCritical
    event_groups.o(i.xEventGroupSync) refers to port.o(i.vPortExitCritical) for vPortExitCritical
    event_groups.o(i.xEventGroupWaitBits) refers to tasks.o(i.vTaskSuspendAll) for vTaskSuspendAll
    event_groups.o(i.xEventGroupWaitBits) refers to event_groups.o(i.prvTestWaitCondition) for prvTestWaitCondition
    event_groups.o(i.xEventGroupWaitBits) refers to tasks.o(i.vTaskPlaceOnUnorderedEventList) for vTaskPlaceOnUnorderedEventList
    event_groups.o(i.xEventGroupWaitBits) refers to tasks.o(i.xTaskResumeAll) for xTaskResumeAll
    event_groups.o(i.xEventGroupWaitBits) refers to tasks.o(i.uxTaskResetEventItemValue) for uxTaskResetEventItemValue
    event_groups.o(i.xEventGroupWaitBits) refers to port.o(i.vPortEnterCritical) for vPortEnterCritical
    event_groups.o(i.xEventGroupWaitBits) refers to port.o(i.vPortExitCritical) for vPortExitCritical
    port.o(.emb_text) refers to tasks.o(i.vTaskSwitchContext) for vTaskSwitchContext
    port.o(.emb_text) refers to tasks.o(.data) for pxCurrentTCB
    port.o(i.pxPortInitialiseStack) refers to port.o(i.prvTaskExitError) for prvTaskExitError
    port.o(i.vPortEnterCritical) refers to port.o(.data) for .data
    port.o(i.vPortExitCritical) refers to port.o(.data) for .data
    port.o(i.vPortSetupTimerInterrupt) refers to system_stm32f4xx.o(.data) for SystemCoreClock
    port.o(i.xPortStartScheduler) refers to port.o(i.vPortSetupTimerInterrupt) for vPortSetupTimerInterrupt
    port.o(i.xPortStartScheduler) refers to port.o(.emb_text) for __asm___6_port_c_39a90d8d__prvEnableVFP
    port.o(i.xPortStartScheduler) refers to port.o(.data) for .data
    port.o(i.xPortSysTickHandler) refers to tasks.o(i.xTaskIncrementTick) for xTaskIncrementTick
    queue.o(i.pcQueueGetName) refers to queue.o(.bss) for .bss
    queue.o(i.prvCopyDataFromQueue) refers to memcpya.o(.text) for __aeabi_memcpy
    queue.o(i.prvCopyDataToQueue) refers to memcpya.o(.text) for __aeabi_memcpy
    queue.o(i.prvCopyDataToQueue) refers to tasks.o(i.xTaskPriorityDisinherit) for xTaskPriorityDisinherit
    queue.o(i.prvInitialiseMutex) refers to queue.o(i.xQueueGenericSend) for xQueueGenericSend
    queue.o(i.prvInitialiseNewQueue) refers to queue.o(i.xQueueGenericReset) for xQueueGenericReset
    queue.o(i.prvIsQueueEmpty) refers to port.o(i.vPortEnterCritical) for vPortEnterCritical
    queue.o(i.prvIsQueueEmpty) refers to port.o(i.vPortExitCritical) for vPortExitCritical
    queue.o(i.prvIsQueueFull) refers to port.o(i.vPortEnterCritical) for vPortEnterCritical
    queue.o(i.prvIsQueueFull) refers to port.o(i.vPortExitCritical) for vPortExitCritical
    queue.o(i.prvUnlockQueue) refers to port.o(i.vPortEnterCritical) for vPortEnterCritical
    queue.o(i.prvUnlockQueue) refers to tasks.o(i.xTaskRemoveFromEventList) for xTaskRemoveFromEventList
[...]
    0x0800c9aa   0x00000030   Code   RO        12527    .text               mf_w.l(dfixul.o)
    0x0800c9da   0x00000002   PAD
    0x0800c9dc   0x00000030   Code   RO        12529    .text               mf_w.l(cdrcmple.o)
    0x0800ca0c   0x00000024   Code   RO        12531    .text               mc_w.l(init.o)
    0x0800ca30   0x0000001e   Code   RO        12534    .text               mc_w.l(llshl.o)
    0x0800ca4e   0x00000020   Code   RO        12536    .text               mc_w.l(llushr.o)
    0x0800ca6e   0x00000024   Code   RO        12538    .text               mc_w.l(llsshr.o)
    0x0800ca92   0x00000002   PAD
    0x0800ca94   0x00000008   Code   RO        12542    .text               mc_w.l(ctype_o.o)
    0x0800ca9c   0x00000012   Code   RO        12564    .text               mc_w.l(isspace_o.o)
    0x0800caae   0x00000002   PAD
    0x0800cab0   0x00000338   Code   RO        12570    .text               mc_w.l(scanf_fp.o)
    0x0800cde8   0x00000040   Code   RO        12574    .text               mc_w.l(_sgetc.o)
    0x0800ce28   0x0000009e   Code   RO        12576    .text               mc_w.l(_strtoul.o)
    0x0800cec6   0x000000ba   Code   RO        12579    .text               mf_w.l(depilogue.o)
    0x0800cf80   0x0000001c   Code   RO        12584    .text               mc_w.l(_chval.o)
    0x0800cf9c   0x00000018   Code   RO        12586    .text               mf_w.l(dfltul.o)
    0x0800cfb4   0x00000056   Code   RO        12596    .text               mc_w.l(__dczerorl2.o)
    0x0800d00a   0x00000002   PAD
    0x0800d00c   0x00000058   Code   RO         3155    i.AUTORIZ           httpserver-netconn.o
    0x0800d064   0x0000000c   Code   RO         3051    i.BSP_SD_GetCardInfo  bsp_driver_sd.o
    0x0800d070   0x00000018   Code   RO         3052    i.BSP_SD_GetCardState  bsp_driver_sd.o
    0x0800d088   0x00000030   Code   RO         3055    i.BSP_SD_Init       bsp_driver_sd.o
    0x0800d0b8   0x0000000c   Code   RO         3056    i.BSP_SD_IsDetected  bsp_driver_sd.o
    0x0800d0c4   0x00000020   Code   RO         3057    i.BSP_SD_ReadBlocks  bsp_driver_sd.o
    0x0800d0e4   0x00000020   Code   RO         3059    i.BSP_SD_WriteBlocks  bsp_driver_sd.o
    0x0800d104   0x00000002   Code   RO         2804    i.BusFault_Handler  stm32f4xx_it.o
    0x0800d106   0x00000002   PAD
    0x0800d108   0x0000003c   Code   RO        11114    i.CRC16_1           modbus_slave.o
    0x0800d144   0x0000003a   Code   RO        10948    i.CRC16_M           modbus_master.o
    0x0800d17e   0x00000002   PAD
    0x0800d180   0x00000028   Code   RO        11242    i.CheckUpdates      logsd.o
    0x0800d1a8   0x000002f0   Code   RO        11243    i.CreateLOG         logsd.o
    0x0800d498   0x00000310   Code   RO        11244    i.CreateMSlaveTask  logsd.o
    0x0800d7a8   0x00000020   Code   RO        11427    i.CreatingEventTask  event.o
    0x0800d7c8   0x00000002   Code   RO         2805    i.DebugMon_Handler  stm32f4xx_it.o
    0x0800d7ca   0x00000002   PAD
    0x0800d7cc   0x00000030   Code   RO        10949    i.DeleteAllSMS      modbus_master.o
    0x0800d7fc   0x00000090   Code   RO        11245    i.DeleteGSMFile     logsd.o
    0x0800d88c   0x0000047c   Code   RO        11246    i.DownloadBoot      logsd.o
    0x0800dd08   0x000000e8   Code   RO        11247    i.DownloadFromGSMtoSD  logsd.o
    0x0800ddf0   0x00000294   Code   RO         3156    i.DynWebPage        httpserver-netconn.o
    0x0800e084   0x00000010   Code   RO         3287    i.ETH_DMAReceptionDisable  stm32f4xx_hal_eth.o
    0x0800e094   0x00000010   Code   RO         3288    i.ETH_DMAReceptionEnable  stm32f4xx_hal_eth.o
    0x0800e0a4   0x00000010   Code   RO         3289    i.ETH_DMATransmissionDisable  stm32f4xx_hal_eth.o
    0x0800e0b4   0x00000010   Code   RO         3290    i.ETH_DMATransmissionEnable  stm32f4xx_hal_eth.o
    0x0800e0c4   0x00000024   Code   RO         3291    i.ETH_Delay         stm32f4xx_hal_eth.o
    0x0800e0e8   0x0000002e   Code   RO         3292    i.ETH_FlushTransmitFIFO  stm32f4xx_hal_eth.o
    0x0800e116   0x00000002   PAD
    0x0800e118   0x0000000c   Code   RO         2806    i.ETH_IRQHandler    stm32f4xx_it.o
    0x0800e124   0x0000002c   Code   RO         3293    i.ETH_MACAddressConfig  stm32f4xx_hal_eth.o
    0x0800e150   0x00000190   Code   RO         3294    i.ETH_MACDMAConfig  stm32f4xx_hal_eth.o
    0x0800e2e0   0x00000022   Code   RO         3295    i.ETH_MACReceptionDisable  stm32f4xx_hal_eth.o
    0x0800e302   0x00000022   Code   RO         3296    i.ETH_MACReceptionEnable  stm32f4xx_hal_eth.o
    0x0800e324   0x00000022   Code   RO         3297    i.ETH_MACTransmissionDisable  stm32f4xx_hal_eth.o
    0x0800e346   0x00000022   Code   RO         3298    i.ETH_MACTransmissionEnable  stm32f4xx_hal_eth.o
    0x0800e368   0x000001f8   Code   RO         3157    i.EVENTLIST         httpserver-netconn.o
    0x0800e560   0x00000194   Code   RO         3158    i.EVENTLOG          httpserver-netconn.o
    0x0800e6f4   0x00000008   Code   RO         2807    i.EXTI9_5_IRQHandler  stm32f4xx_it.o
    0x0800e6fc   0x00000c50   Code   RO        11428    i.EventTask         event.o
    0x0800f34c   0x00000006   Code   RO         1788    i.FATFS_LinkDriver  ff_gen_drv.o
    0x0800f352   0x00000002   PAD
    0x0800f354   0x00000040   Code   RO         1789    i.FATFS_LinkDriverEx  ff_gen_drv.o
    0x0800f394   0x0000005c   Code   RO         5665    i.FLASH_Erase_Sector  stm32f4xx_hal_flash_ex.o
    0x0800f3f0   0x00000020   Code   RO         3641    i.FLASH_Program_Byte  stm32f4xx_hal_flash.o
    0x0800f410   0x00000028   Code   RO         3642    i.FLASH_Program_DoubleWord  stm32f4xx_hal_flash.o
    0x0800f438   0x00000024   Code   RO         3643    i.FLASH_Program_HalfWord  stm32f4xx_hal_flash.o
    0x0800f45c   0x00000024   Code   RO         3644    i.FLASH_Program_Word  stm32f4xx_hal_flash.o
    0x0800f480   0x00000004   Code   RO         2250    i.FLASH_Read        main.o
    0x0800f484   0x00000068   Code   RO         3645    i.FLASH_SetErrorCode  stm32f4xx_hal_flash.o
    0x0800f4ec   0x00000054   Code   RO         3646    i.FLASH_WaitForLastOperation  stm32f4xx_hal_flash.o
    0x0800f540   0x00000074   Code   RO        11152    i.FTP_Accept_thread  ftp.o
    0x0800f5b4   0x0000011c   Code   RO        11153    i.FTP_Command_thread  ftp.o
    0x0800f6d0   0x00000ab8   Code   RO        11154    i.FTP_Execute       ftp.o
    0x08010188   0x00000054   Code   RO        11155    i.FTP_Init          ftp.o
    0x080101dc   0x000002e8   Code   RO        11156    i.FTP_SendList      ftp.o
    0x080104c4   0x0000002c   Code   RO        11157    i.FTP_SendReply     ftp.o
    0x080104f0   0x00000054   Code   RO        10950    i.GSMQ              modbus_master.o
    0x08010544   0x00000024   Code   RO         5774    i.HAL_DMA_Abort_IT  stm32f4xx_hal_dma.o
    0x08010568   0x0000001c   Code   RO         4473    i.HAL_Delay         stm32f4xx_hal.o
    0x08010584   0x00000130   Code   RO         3300    i.HAL_ETH_ConfigMAC  stm32f4xx_hal_eth.o
    0x080106b4   0x0000006e   Code   RO         3301    i.HAL_ETH_DMARxDescListInit  stm32f4xx_hal_eth.o
    0x08010722   0x0000007a   Code   RO         3302    i.HAL_ETH_DMATxDescListInit  stm32f4xx_hal_eth.o
    0x0801079c   0x00000002   Code   RO         3304    i.HAL_ETH_ErrorCallback  stm32f4xx_hal_eth.o
    0x0801079e   0x0000008e   Code   RO         3306    i.HAL_ETH_GetReceivedFrame_IT  stm32f4xx_hal_eth.o
    0x0801082c   0x00000082   Code   RO         3308    i.HAL_ETH_IRQHandler  stm32f4xx_hal_eth.o
    0x080108ae   0x00000002   PAD
    0x080108b0   0x0000023c   Code   RO         3309    i.HAL_ETH_Init      stm32f4xx_hal_eth.o
    0x08010aec   0x0000011c   Code   RO         2937    i.HAL_ETH_MspInit   ethernetif.o
    0x08010c08   0x00000082   Code   RO         3312    i.HAL_ETH_ReadPHYRegister  stm32f4xx_hal_eth.o
    0x08010c8a   0x00000002   PAD
    0x08010c8c   0x0000000c   Code   RO         2938    i.HAL_ETH_RxCpltCallback  ethernetif.o
    0x08010c98   0x00000044   Code   RO         3314    i.HAL_ETH_Start     stm32f4xx_hal_eth.o
    0x08010cdc   0x00000044   Code   RO         3315    i.HAL_ETH_Stop      stm32f4xx_hal_eth.o
    0x08010d20   0x00000112   Code   RO         3316    i.HAL_ETH_TransmitFrame  stm32f4xx_hal_eth.o
    0x08010e32   0x00000002   Code   RO         3317    i.HAL_ETH_TxCpltCallback  stm32f4xx_hal_eth.o
    0x08010e34   0x0000007a   Code   RO         3318    i.HAL_ETH_WritePHYRegister  stm32f4xx_hal_eth.o
    0x08010eae   0x00000002   PAD
    0x08010eb0   0x00000014   Code   RO         3650    i.HAL_FLASH_Lock    stm32f4xx_hal_flash.o
    0x08010ec4   0x0000007c   Code   RO         3655    i.HAL_FLASH_Program  stm32f4xx_hal_flash.o
    0x08010f40   0x00000028   Code   RO         3657    i.HAL_FLASH_Unlock  stm32f4xx_hal_flash.o
    0x08010f68   0x00000018   Code   RO         2251    i.HAL_GPIO_EXTI_Callback  main.o
    0x08010f80   0x00000018   Code   RO         3761    i.HAL_GPIO_EXTI_IRQHandler  stm32f4xx_hal_gpio.o
    0x08010f98   0x000001c4   Code   RO         3762    i.HAL_GPIO_Init     stm32f4xx_hal_gpio.o
    0x0801115c   0x0000000e   Code   RO         3764    i.HAL_GPIO_ReadPin  stm32f4xx_hal_gpio.o
    0x0801116a   0x0000000e   Code   RO         3766    i.HAL_GPIO_WritePin  stm32f4xx_hal_gpio.o
    0x08011178   0x0000000c   Code   RO         4479    i.HAL_GetTick       stm32f4xx_hal.o
    0x08011184   0x00000008   Code   RO        11874    i.HAL_HCD_Connect_Callback  usbh_conf.o
    0x0801118c   0x00000008   Code   RO        11875    i.HAL_HCD_Disconnect_Callback  usbh_conf.o
    0x08011194   0x00000008   Code   RO        11876    i.HAL_HCD_HC_NotifyURBChange_Callback  usbh_conf.o
    0x0801119c   0x00000130   Code   RO         6696    i.HAL_HCD_IRQHandler  stm32f4xx_hal_hcd.o
    0x080112cc   0x00000008   Code   RO        11879    i.HAL_HCD_SOF_Callback  usbh_conf.o
    0x080112d4   0x0000002c   Code   RO         6702    i.HAL_HCD_Start     stm32f4xx_hal_hcd.o
    0x08011300   0x00000024   Code   RO         6703    i.HAL_HCD_Stop      stm32f4xx_hal_hcd.o
    0x08011324   0x00000052   Code   RO         6653    i.HAL_IWDG_Init     stm32f4xx_hal_iwdg.o
    0x08011376   0x0000000c   Code   RO         6654    i.HAL_IWDG_Refresh  stm32f4xx_hal_iwdg.o
    0x08011382   0x00000002   PAD
    0x08011384   0x00000010   Code   RO         4481    i.HAL_IncTick       stm32f4xx_hal.o
    0x08011394   0x00000034   Code   RO         4482    i.HAL_Init          stm32f4xx_hal.o
    0x080113c8   0x00000028   Code   RO         4483    i.HAL_InitTick      stm32f4xx_hal.o
    0x080113f0   0x00000058   Code   RO         2112    i.HAL_MspInit       stm32f4xx_hal_msp.o
    0x08011448   0x00000016   Code   RO         5880    i.HAL_NVIC_DisableIRQ  stm32f4xx_hal_cortex.o
    0x0801145e   0x00000016   Code   RO         5881    i.HAL_NVIC_EnableIRQ  stm32f4xx_hal_cortex.o
    0x08011474   0x00000040   Code   RO         5887    i.HAL_NVIC_SetPriority  stm32f4xx_hal_cortex.o
    0x080114b4   0x00000024   Code   RO         5888    i.HAL_NVIC_SetPriorityGrouping  stm32f4xx_hal_cortex.o
    0x080114d8   0x00000160   Code   RO         4621    i.HAL_RCCEx_PeriphCLKConfig  stm32f4xx_hal_rcc_ex.o
    0x08011638   0x00000184   Code   RO         3486    i.HAL_RCC_ClockConfig  stm32f4xx_hal_rcc.o
    0x080117bc   0x0000000c   Code   RO         3491    i.HAL_RCC_GetHCLKFreq  stm32f4xx_hal_rcc.o
    0x080117c8   0x0000002c   Code   RO         3493    i.HAL_RCC_GetPCLK1Freq  stm32f4xx_hal_rcc.o
    0x080117f4   0x0000002c   Code   RO         3494    i.HAL_RCC_GetPCLK2Freq  stm32f4xx_hal_rcc.o
    0x08011820   0x00000084   Code   RO         3495    i.HAL_RCC_GetSysClockFreq  stm32f4xx_hal_rcc.o
    0x080118a4   0x0000038c   Code   RO         3498    i.HAL_RCC_OscConfig  stm32f4xx_hal_rcc.o
    0x08011c30   0x0000000c   Code   RO         6426    i.HAL_RTCEx_BKUPRead  stm32f4xx_hal_rtc_ex.o
    0x08011c3c   0x0000000c   Code   RO         6427    i.HAL_RTCEx_BKUPWrite  stm32f4xx_hal_rtc_ex.o
    0x08011c48   0x00000044   Code   RO         6292    i.HAL_RTC_GetDate   stm32f4xx_hal_rtc.o
    0x08011c8c   0x00000058   Code   RO         6294    i.HAL_RTC_GetTime   stm32f4xx_hal_rtc.o
    0x08011ce4   0x000000a0   Code   RO         6295    i.HAL_RTC_Init      stm32f4xx_hal_rtc.o
    0x08011d84   0x00000018   Code   RO         2114    i.HAL_RTC_MspInit   stm32f4xx_hal_msp.o
    0x08011d9c   0x000000e4   Code   RO         6301    i.HAL_RTC_SetDate   stm32f4xx_hal_rtc.o
    0x08011e80   0x00000100   Code   RO         6302    i.HAL_RTC_SetTime   stm32f4xx_hal_rtc.o
    0x08011f80   0x00000034   Code   RO         6303    i.HAL_RTC_WaitForSynchro  stm32f4xx_hal_rtc.o
    0x08011fb4   0x00000002   Code   RO         4662    i.HAL_SD_AbortCallback  stm32f4xx_hal_sd.o
    0x08011fb6   0x000000a2   Code   RO         4664    i.HAL_SD_ConfigWideBusOperation  stm32f4xx_hal_sd.o
    0x08012058   0x00000002   Code   RO         4667    i.HAL_SD_ErrorCallback  stm32f4xx_hal_sd.o
    0x0801205a   0x000001de   Code   RO         4669    i.HAL_SD_GetCardCSD  stm32f4xx_hal_sd.o
    0x08012238   0x00000024   Code   RO         4670    i.HAL_SD_GetCardInfo  stm32f4xx_hal_sd.o
    0x0801225c   0x00000020   Code   RO         4671    i.HAL_SD_GetCardState  stm32f4xx_hal_sd.o
    0x0801227c   0x000001a4   Code   RO         4675    i.HAL_SD_IRQHandler  stm32f4xx_hal_sd.o
    0x08012420   0x00000038   Code   RO         4676    i.HAL_SD_Init       stm32f4xx_hal_sd.o
    0x08012458   0x00000074   Code   RO         4677    i.HAL_SD_InitCard   stm32f4xx_hal_sd.o
    0x080124cc   0x00000074   Code   RO         2116    i.HAL_SD_MspInit    stm32f4xx_hal_msp.o
    0x08012540   0x000001f4   Code   RO         4680    i.HAL_SD_ReadBlocks  stm32f4xx_hal_sd.o
    0x08012734   0x00000002   Code   RO         4683    i.HAL_SD_RxCpltCallback  stm32f4xx_hal_sd.o
    0x08012736   0x00000002   Code   RO         4684    i.HAL_SD_TxCpltCallback  stm32f4xx_hal_sd.o
    0x08012738   0x000001c8   Code   RO         4685    i.HAL_SD_WriteBlocks  stm32f4xx_hal_sd.o
    0x08012900   0x0000001c   Code   RO         5890    i.HAL_SYSTICK_CLKSourceConfig  stm32f4xx_hal_cortex.o
    0x0801291c   0x00000028   Code   RO         5892    i.HAL_SYSTICK_Config  stm32f4xx_hal_cortex.o
    0x08012944   0x00000002   Code   RO         5036    i.HAL_TIMEx_BreakCallback  stm32f4xx_hal_tim_ex.o
    0x08012946   0x00000002   Code   RO         5037    i.HAL_TIMEx_CommutationCallback  stm32f4xx_hal_tim_ex.o
    0x08012948   0x00000050   Code   RO         5053    i.HAL_TIMEx_MasterConfigSynchronization  stm32f4xx_hal_tim_ex.o
    0x08012998   0x00000038   Code   RO         3827    i.HAL_TIM_Base_Init  stm32f4xx_hal_tim.o
    0x080129d0   0x000000a8   Code   RO         2118    i.HAL_TIM_Base_MspInit  stm32f4xx_hal_msp.o
    0x08012a78   0x0000001a   Code   RO         3830    i.HAL_TIM_Base_Start  stm32f4xx_hal_tim.o
    0x08012a92   0x00000018   Code   RO         3832    i.HAL_TIM_Base_Start_IT  stm32f4xx_hal_tim.o
    0x08012aaa   0x00000002   Code   RO         3856    i.HAL_TIM_IC_CaptureCallback  stm32f4xx_hal_tim.o
    0x08012aac   0x0000016e   Code   RO         3869    i.HAL_TIM_IRQHandler  stm32f4xx_hal_tim.o
    0x08012c1a   0x00000002   Code   RO         3872    i.HAL_TIM_OC_DelayElapsedCallback  stm32f4xx_hal_tim.o
    0x08012c1c   0x00000002   Code   RO         3899    i.HAL_TIM_PWM_PulseFinishedCallback  stm32f4xx_hal_tim.o
    0x08012c1e   0x00000002   Code   RO         3906    i.HAL_TIM_PeriodElapsedCallback  stm32f4xx_hal_tim.o
    0x08012c20   0x00000042   Code   RO         3908    i.HAL_TIM_SlaveConfigSynchronization  stm32f4xx_hal_tim.o
    0x08012c62   0x00000002   Code   RO         3910    i.HAL_TIM_TriggerCallback  stm32f4xx_hal_tim.o
    0x08012c64   0x00000002   Code   RO         5314    i.HAL_UART_ErrorCallback  stm32f4xx_hal_uart.o
    0x08012c66   0x00000002   PAD
    0x08012c68   0x00000114   Code   RO         5317    i.HAL_UART_IRQHandler  stm32f4xx_hal_uart.o
    0x08012d7c   0x00000064   Code   RO         5318    i.HAL_UART_Init     stm32f4xx_hal_uart.o
    0x08012de0   0x00000184   Code   RO         2120    i.HAL_UART_MspInit  stm32f4xx_hal_msp.o
    0x08012f64   0x00000002   Code   RO         5324    i.HAL_UART_RxCpltCallback  stm32f4xx_hal_uart.o
    0x08012f66   0x00000002   Code   RO         5329    i.HAL_UART_TxCpltCallback  stm32f4xx_hal_uart.o
    0x08012f68   0x0000022c   Code   RO         6704    i.HCD_HC_IN_IRQHandler  stm32f4xx_hal_hcd.o
    0x08013194   0x0000020a   Code   RO         6705    i.HCD_HC_OUT_IRQHandler  stm32f4xx_hal_hcd.o
    0x0801339e   0x000000b8   Code   RO         6706    i.HCD_Port_IRQHandler  stm32f4xx_hal_hcd.o
    0x08013456   0x00000002   PAD
    0x08013458   0x00000070   Code   RO         6707    i.HCD_RXQLVL_IRQHandler  stm32f4xx_hal_hcd.o
    0x080134c8   0x0000004c   Code   RO         2501    i.HTTP_Server       freertos.o
    0x08013514   0x00000024   Code   RO         2808    i.HardFault_Handler  stm32f4xx_it.o
    0x08013538   0x00000518   Code   RO        10952    i.InitGSM           modbus_master.o
    0x08013a50   0x00000f7c   Code   RO         2502    i.LoadingConf       freertos.o
    0x080149cc   0x00000330   Code   RO         3159    i.MAIN              httpserver-netconn.o
    0x08014cfc   0x000001a0   Code   RO        11248    i.MBusMasterPlaner  logsd.o
    0x08014e9c   0x00000394   Code   RO        11249    i.MBusTCPMasterTask  logsd.o
    0x08015230   0x0000013c   Code   RO         3160    i.MODBUS            httpserver-netconn.o
    0x0801536c   0x00000194   Code   RO        11250    i.MSlaveTask        logsd.o
    0x08015500   0x0000001c   Code   RO         2069    i.MX_FATFS_Init     fatfs.o
    0x0801551c   0x000002d8   Code   RO         2503    i.MX_FREERTOS_Init  freertos.o
    0x080157f4   0x00000154   Code   RO         2252    i.MX_GPIO_Init      main.o
    0x08015948   0x00000044   Code   RO         2253    i.MX_IWDG_Init      main.o
    0x0801598c   0x000000ec   Code   RO         2730    i.MX_LWIP_Init      lwip.o
    0x08015a78   0x000000bc   Code   RO         2254    i.MX_RTC_Init       main.o
    0x08015b34   0x00000020   Code   RO         2255    i.MX_SDIO_SD_Init   main.o
    0x08015b54   0x0000007c   Code   RO         2256    i.MX_TIM2_Init      main.o
    0x08015bd0   0x0000007c   Code   RO         2257    i.MX_TIM5_Init      main.o
    0x08015c4c   0x0000005c   Code   RO         2258    i.MX_TIM6_Init      main.o
    0x08015ca8   0x0000004c   Code   RO         2260    i.MX_USART1_UART_Init  main.o
    0x08015cf4   0x00000050   Code   RO         2261    i.MX_USART2_UART_Init  main.o
    0x08015d44   0x00000050   Code   RO         2262    i.MX_USART3_UART_Init  main.o
    0x08015d94   0x00000028   Code   RO         2504    i.MbusRTUMaster     freertos.o
    0x08015dbc   0x00000028   Code   RO         2505    i.MbusRTUSlave      freertos.o
    0x08015de4   0x00000002   Code   RO         2809    i.MemManage_Handler  stm32f4xx_it.o
    0x08015de6   0x00000002   PAD
    0x08015de8   0x0000006c   Code   RO         2506    i.ModbusTCP_Slave   freertos.o
    0x08015e54   0x00000444   Code   RO        10954    i.Modbus_TCP_Slave_serve  modbus_master.o
    0x08016298   0x0000004e   Code   RO        10955    i.Modbus_TCP_Task   modbus_master.o
    0x080162e6   0x00000002   Code   RO         2810    i.NMI_Handler       stm32f4xx_it.o
    0x080162e8   0x00000020   Code   RO         5894    i.NVIC_SetPriority  stm32f4xx_hal_cortex.o
    0x08016308   0x00000024   Code   RO         3161    i.NVIC_SystemReset  httpserver-netconn.o
    0x0801632c   0x0000000c   Code   RO         2811    i.OTG_HS_IRQHandler  stm32f4xx_it.o
    0x08016338   0x0000025c   Code   RO        11251    i.ParsingAddr       logsd.o
    0x08016594   0x00000338   Code   RO         3162    i.QWESTLIST         httpserver-netconn.o
    0x080168cc   0x00000012   Code   RO         6304    i.RTC_Bcd2ToByte    stm32f4xx_hal_rtc.o
    0x080168de   0x00000016   Code   RO         6305    i.RTC_ByteToBcd2    stm32f4xx_hal_rtc.o
    0x080168f4   0x00000038   Code   RO         6306    i.RTC_EnterInitMode  stm32f4xx_hal_rtc.o
    0x0801692c   0x00000150   Code   RO        10956    i.RTU_M             modbus_master.o
    0x08016a7c   0x000001bc   Code   RO        11115    i.RTU_S             modbus_slave.o
    0x08016c38   0x00000074   Code   RO        10957    i.ReadSMS           modbus_master.o
    0x08016cac   0x00000324   Code   RO         2507    i.ReadingSMS        freertos.o
    0x08016fd0   0x00000234   Code   RO         2508    i.RoundRobin        freertos.o
    0x08017204   0x00000024   Code   RO         6011    i.SDIO_ConfigData   stm32f4xx_ll_sdmmc.o
    0x08017228   0x00000006   Code   RO         6012    i.SDIO_GetCommandResponse  stm32f4xx_ll_sdmmc.o
    0x0801722e   0x00000008   Code   RO         6015    i.SDIO_GetPowerState  stm32f4xx_ll_sdmmc.o
    0x08017236   0x0000000e   Code   RO         6016    i.SDIO_GetResponse  stm32f4xx_ll_sdmmc.o
    0x08017244   0x0000000c   Code   RO         2812    i.SDIO_IRQHandler   stm32f4xx_it.o
    0x08017250   0x0000002a   Code   RO         6017    i.SDIO_Init         stm32f4xx_ll_sdmmc.o
    0x0801727a   0x00000008   Code   RO         6019    i.SDIO_PowerState_ON  stm32f4xx_ll_sdmmc.o
    0x08017282   0x00000006   Code   RO         6020    i.SDIO_ReadFIFO     stm32f4xx_ll_sdmmc.o
    0x08017288   0x00000020   Code   RO         6021    i.SDIO_SendCommand  stm32f4xx_ll_sdmmc.o
    0x080172a8   0x0000000a   Code   RO         6023    i.SDIO_WriteFIFO    stm32f4xx_ll_sdmmc.o
    0x080172b2   0x00000032   Code   RO         6024    i.SDMMC_CmdAppCommand  stm32f4xx_ll_sdmmc.o
    0x080172e4   0x00000034   Code   RO         6025    i.SDMMC_CmdAppOperCommand  stm32f4xx_ll_sdmmc.o
    0x08017318   0x00000032   Code   RO         6026    i.SDMMC_CmdBlockLength  stm32f4xx_ll_sdmmc.o
    0x0801734a   0x00000032   Code   RO         6027    i.SDMMC_CmdBusWidth  stm32f4xx_ll_sdmmc.o
    0x0801737c   0x00000028   Code   RO         6031    i.SDMMC_CmdGoIdleState  stm32f4xx_ll_sdmmc.o
    0x080173a4   0x00000030   Code   RO         6033    i.SDMMC_CmdOperCond  stm32f4xx_ll_sdmmc.o
    0x080173d4   0x00000032   Code   RO         6034    i.SDMMC_CmdReadMultiBlock  stm32f4xx_ll_sdmmc.o
    0x08017406   0x00000032   Code   RO         6035    i.SDMMC_CmdReadSingleBlock  stm32f4xx_ll_sdmmc.o
    0x08017438   0x00000032   Code   RO         6038    i.SDMMC_CmdSelDesel  stm32f4xx_ll_sdmmc.o
    0x0801746a   0x0000002c   Code   RO         6039    i.SDMMC_CmdSendCID  stm32f4xx_ll_sdmmc.o
    0x08017496   0x0000002c   Code   RO         6040    i.SDMMC_CmdSendCSD  stm32f4xx_ll_sdmmc.o
    0x080174c2   0x00000030   Code   RO         6041    i.SDMMC_CmdSendSCR  stm32f4xx_ll_sdmmc.o
    0x080174f2   0x00000032   Code   RO         6042    i.SDMMC_CmdSendStatus  stm32f4xx_ll_sdmmc.o
    0x08017524   0x00000030   Code   RO         6043    i.SDMMC_CmdSetRelAdd  stm32f4xx_ll_sdmmc.o
    0x08017554   0x00000034   Code   RO         6045    i.SDMMC_CmdStopTransfer  stm32f4xx_ll_sdmmc.o
    0x08017588   0x00000032   Code   RO         6047    i.SDMMC_CmdWriteMultiBlock  stm32f4xx_ll_sdmmc.o
    0x080175ba   0x00000032   Code   RO         6048    i.SDMMC_CmdWriteSingleBlock  stm32f4xx_ll_sdmmc.o
    0x080175ec   0x00000034   Code   RO         6049    i.SDMMC_GetCmdError  stm32f4xx_ll_sdmmc.o
    0x08017620   0x00000124   Code   RO         6050    i.SDMMC_GetCmdResp1  stm32f4xx_ll_sdmmc.o
    0x08017744   0x00000050   Code   RO         6051    i.SDMMC_GetCmdResp2  stm32f4xx_ll_sdmmc.o
    0x08017794   0x00000044   Code   RO         6052    i.SDMMC_GetCmdResp3  stm32f4xx_ll_sdmmc.o
    0x080177d8   0x0000008c   Code   RO         6053    i.SDMMC_GetCmdResp6  stm32f4xx_ll_sdmmc.o
    0x08017864   0x00000048   Code   RO         6054    i.SDMMC_GetCmdResp7  stm32f4xx_ll_sdmmc.o
    0x080178ac   0x0000004a   Code   RO         4690    i.SD_DMARxAbort     stm32f4xx_hal_sd.o
    0x080178f6   0x0000004a   Code   RO         4692    i.SD_DMATxAbort     stm32f4xx_hal_sd.o
    0x08017940   0x00000118   Code   RO         4693    i.SD_FindSCR        stm32f4xx_hal_sd.o
    0x08017a58   0x000000e2   Code   RO         4694    i.SD_InitCard       stm32f4xx_hal_sd.o
    0x08017b3a   0x000000c4   Code   RO         4696    i.SD_PowerON        stm32f4xx_hal_sd.o
    0x08017bfe   0x00000022   Code   RO         4697    i.SD_Read_IT        stm32f4xx_hal_sd.o
    0x08017c20   0x0000002e   Code   RO         4699    i.SD_SendStatus     stm32f4xx_hal_sd.o
    0x08017c4e   0x00000052   Code   RO         4700    i.SD_WideBus_Disable  stm32f4xx_hal_sd.o
    0x08017ca0   0x00000052   Code   RO         4701    i.SD_WideBus_Enable  stm32f4xx_hal_sd.o
    0x08017cf2   0x00000022   Code   RO         4702    i.SD_Write_IT       stm32f4xx_hal_sd.o
    0x08017d14   0x00000020   Code   RO         1998    i.SD_initialize     sd_diskio.o
    0x08017d34   0x00000058   Code   RO         1999    i.SD_ioctl          sd_diskio.o
    0x08017d8c   0x00000038   Code   RO         2000    i.SD_read           sd_diskio.o
    0x08017dc4   0x00000020   Code   RO         2001    i.SD_status         sd_diskio.o
    0x08017de4   0x00000038   Code   RO         2002    i.SD_write          sd_diskio.o
    0x08017e1c   0x00000148   Code   RO         3163    i.SHOWGRAPH         httpserver-netconn.o
    0x08017f64   0x00000278   Code   RO         2509    i.SaveEvents        freertos.o
    0x080181dc   0x00000394   Code   RO         2510    i.SavingConf        freertos.o
    0x08018570   0x00000260   Code   RO         2511    i.SavingDevices     freertos.o
    0x080187d0   0x0000007c   Code   RO        10958    i.SendGSM           modbus_master.o
    0x0801884c   0x00000060   Code   RO        10959    i.SendGSMTrans      modbus_master.o
    0x080188ac   0x00000304   Code   RO        10963    i.SendSMS5          modbus_master.o
    0x08018bb0   0x000000c0   Code   RO         2512    i.SetByModbus       freertos.o
    0x08018c70   0x000000a8   Code   RO         3164    i.SetDate           httpserver-netconn.o
    0x08018d18   0x00000090   Code   RO         3165    i.SetTime           httpserver-netconn.o
    0x08018da8   0x000001e8   Code   RO         2513    i.StartDefaultTask  freertos.o
    0x08018f90   0x000003e4   Code   RO         2514    i.StartGSM          freertos.o
    0x08019374   0x0000000e   Code   RO         2813    i.SysTick_Handler   stm32f4xx_it.o
    0x08019382   0x00000002   PAD
    0x08019384   0x000000dc   Code   RO         2263    i.SystemClock_Config  main.o
    0x08019460   0x00000054   Code   RO         7136    i.SystemInit        system_stm32f4xx.o
    0x080194b4   0x0000094c   Code   RO        11252    i.TCP_GSM           logsd.o
    0x08019e00   0x00000110   Code   RO         2814    i.TIM6_DAC_IRQHandler  stm32f4xx_it.o
    0x08019f10   0x000000c4   Code   RO         3911    i.TIM_Base_SetConfig  stm32f4xx_hal_tim.o
    0x08019fd4   0x00000014   Code   RO         3918    i.TIM_ETR_SetConfig  stm32f4xx_hal_tim.o
    0x08019fe8   0x0000007c   Code   RO         3924    i.TIM_SlaveTimer_SetConfig  stm32f4xx_hal_tim.o
    0x0801a064   0x00000022   Code   RO         3925    i.TIM_TI1_ConfigInputStage  stm32f4xx_hal_tim.o
    0x0801a086   0x00000024   Code   RO         3927    i.TIM_TI2_ConfigInputStage  stm32f4xx_hal_tim.o
    0x0801a0aa   0x00000010   Code   RO         5331    i.UART_DMAAbortOnError  stm32f4xx_hal_uart.o
    0x0801a0ba   0x0000001c   Code   RO         5341    i.UART_EndRxTransfer  stm32f4xx_hal_uart.o
    0x0801a0d6   0x0000001a   Code   RO         5342    i.UART_EndTransmit_IT  stm32f4xx_hal_uart.o
    0x0801a0f0   0x00000092   Code   RO         5344    i.UART_Receive_IT   stm32f4xx_hal_uart.o
    0x0801a182   0x00000002   PAD
    0x0801a184   0x00000314   Code   RO         5345    i.UART_SetConfig    stm32f4xx_hal_uart.o
    0x0801a498   0x00000066   Code   RO         5346    i.UART_Transmit_IT  stm32f4xx_hal_uart.o
    0x0801a4fe   0x00000002   PAD
    0x0801a500   0x000000ac   Code   RO         2815    i.USART1_IRQHandler  stm32f4xx_it.o
    0x0801a5ac   0x000000d4   Code   RO         2816    i.USART2_IRQHandler  stm32f4xx_it.o
    0x0801a680   0x0000009c   Code   RO         2817    i.USART3_IRQHandler  stm32f4xx_it.o
    0x0801a71c   0x00000018   Code   RO        11792    i.USBH_FreePipe     usbh_pipes.o
    0x0801a734   0x00000014   Code   RO        11477    i.USBH_HandleSof    usbh_core.o
    0x0801a748   0x0000003a   Code   RO        11479    i.USBH_LL_Connect   usbh_core.o
    0x0801a782   0x00000046   Code   RO        11480    i.USBH_LL_Disconnect  usbh_core.o
    0x0801a7c8   0x0000000e   Code   RO        11481    i.USBH_LL_IncTimer  usbh_core.o
    0x0801a7d6   0x00000012   Code   RO        11482    i.USBH_LL_NotifyURBChange  usbh_core.o
    0x0801a7e8   0x0000002c   Code   RO        11893    i.USBH_LL_Start     usbh_conf.o
    0x0801a814   0x0000002c   Code   RO        11894    i.USBH_LL_Stop      usbh_conf.o
    0x0801a840   0x0000000c   Code   RO         6858    i.USB_DisableGlobalInt  stm32f4xx_ll_usb.o
    0x0801a84c   0x0000003a   Code   RO         6860    i.USB_DriveVbus     stm32f4xx_ll_usb.o
    0x0801a886   0x0000000c   Code   RO         6866    i.USB_EnableGlobalInt  stm32f4xx_ll_usb.o
    0x0801a892   0x00000002   PAD
    0x0801a894   0x00000020   Code   RO         6867    i.USB_FlushRxFifo   stm32f4xx_ll_usb.o
    0x0801a8b4   0x00000024   Code   RO         6868    i.USB_FlushTxFifo   stm32f4xx_ll_usb.o
    0x0801a8d8   0x00000008   Code   RO         6872    i.USB_GetMode       stm32f4xx_ll_usb.o
    0x0801a8e0   0x00000148   Code   RO         6873    i.USB_HC_Halt       stm32f4xx_ll_usb.o
    0x0801aa28   0x0000000c   Code   RO         6875    i.USB_HC_ReadInterrupt  stm32f4xx_ll_usb.o
    0x0801aa34   0x0000003a   Code   RO         6878    i.USB_InitFSLSPClkSel  stm32f4xx_ll_usb.o
    0x0801aa6e   0x00000008   Code   RO         6883    i.USB_ReadInterrupts  stm32f4xx_ll_usb.o
    0x0801aa76   0x00000020   Code   RO         6884    i.USB_ReadPacket    stm32f4xx_ll_usb.o
    0x0801aa96   0x000000ae   Code   RO         6890    i.USB_StopHost      stm32f4xx_ll_usb.o
    0x0801ab44   0x00000002   Code   RO         2818    i.UsageFault_Handler  stm32f4xx_it.o
    0x0801ab46   0x00000002   PAD
    0x0801ab48   0x000008cc   Code   RO        11256    i.WriteLOG          logsd.o
    0x0801b414   0x00000002   Code   RO         2264    i._Error_Handler    main.o
    0x0801b416   0x00000002   PAD
    0x0801b418   0x00000028   Code   RO        12421    i.__0snprintf       mc_w.l(printfa.o)
    0x0801b440   0x00000028   Code   RO        12422    i.__0sprintf        mc_w.l(printfa.o)
    0x0801b468   0x00000024   Code   RO        12425    i.__0vsnprintf      mc_w.l(printfa.o)
    0x0801b48c   0x00000008   Code   RO        12507    i.__aeabi_errno_addr  mc_w.l(errno.o)
    0x0801b494   0x00000004   PAD
    0x0801b498   0x00000038   Code   RO        12149    i.__hardfp_atof     m_wm.l(atof.o)
    0x0801b4d0   0x0000000c   Code   RO        12508    i.__read_errno      mc_w.l(errno.o)
    0x0801b4dc   0x0000000e   Code   RO        12590    i.__scatterload_copy  mc_w.l(handlers.o)
    0x0801b4ea   0x00000002   Code   RO        12591    i.__scatterload_null  mc_w.l(handlers.o)
    0x0801b4ec   0x0000000e   Code   RO        12592    i.__scatterload_zeroinit  mc_w.l(handlers.o)
    0x0801b4fa   0x00000002   PAD
    0x0801b4fc   0x0000000c   Code   RO        12509    i.__set_errno       mc_w.l(errno.o)
    0x0801b508   0x00000164   Code   RO        12427    i._fp_digits        mc_w.l(printfa.o)
    0x0801b66c   0x0000000e   Code   RO        12572    i._is_digit         mc_w.l(scanf_fp.o)
    0x0801b67a   0x00000002   PAD
    0x0801b67c   0x000006dc   Code   RO        12428    i._printf_core      mc_w.l(printfa.o)
    0x0801bd58   0x00000024   Code   RO        12429    i._printf_post_padding  mc_w.l(printfa.o)
    0x0801bd7c   0x0000002e   Code   RO        12430    i._printf_pre_padding  mc_w.l(printfa.o)
    0x0801bdaa   0x00000016   Code   RO        12431    i._snputc           mc_w.l(printfa.o)
    0x0801bdc0   0x0000000a   Code   RO        12432    i._sputc            mc_w.l(printfa.o)
    0x0801bdca   0x00000002   PAD
    0x0801bdcc   0x000000e8   Code   RO         8901    i.accept_function   api_msg.o
    0x0801beb4   0x00000074   Code   RO         1356    i.check_fs          ff.o
    0x0801bf28   0x00000010   Code   RO         1357    i.chk_chr           ff.o
    0x0801bf38   0x00000026   Code   RO         1358    i.clmt_clust        ff.o
    0x0801bf5e   0x00000018   Code   RO         1359    i.clust2sect        ff.o
    0x0801bf76   0x00000002   PAD
    0x0801bf78   0x00000094   Code   RO         1360    i.cmp_lfn           ff.o
    0x0801c00c   0x0000015a   Code   RO        11257    i.convert_utf8      logsd.o
    0x0801c166   0x00000002   PAD
    0x0801c168   0x000001e8   Code   RO        11258    i.convert_utf8_to_windows1251  logsd.o
    0x0801c350   0x000000b0   Code   RO         1361    i.create_chain      ff.o
    0x0801c400   0x0000023c   Code   RO         1362    i.create_name       ff.o
    0x0801c63c   0x0000001c   Code   RO        10737    i.cyclic_timer      timeouts.o
    0x0801c658   0x0000004a   Code   RO         1363    i.dir_alloc         ff.o
    0x0801c6a2   0x000000d2   Code   RO         1364    i.dir_find          ff.o
    0x0801c774   0x0000010a   Code   RO         1365    i.dir_next          ff.o
    0x0801c87e   0x000000bc   Code   RO         1366    i.dir_read          ff.o
    0x0801c93a   0x0000011e   Code   RO         1367    i.dir_register      ff.o
    0x0801ca58   0x00000054   Code   RO         1368    i.dir_remove        ff.o
    0x0801caac   0x00000094   Code   RO         1369    i.dir_sdi           ff.o
    0x0801cb40   0x0000002c   Code   RO         1848    i.disk_initialize   diskio.o
    0x0801cb6c   0x0000001c   Code   RO         1849    i.disk_ioctl        diskio.o
    0x0801cb88   0x0000001c   Code   RO         1850    i.disk_read         diskio.o
    0x0801cba4   0x00000018   Code   RO         1851    i.disk_status       diskio.o
    0x0801cbbc   0x0000001c   Code   RO         1852    i.disk_write        diskio.o
    0x0801cbd8   0x00000014   Code   RO         7367    i.do_memp_free_pool  memp.o
    0x0801cbec   0x00000030   Code   RO         7368    i.do_memp_malloc_pool  memp.o
    0x0801cc1c   0x00000058   Code   RO          378    i.eTaskGetState     tasks.o
    0x0801cc74   0x000000c4   Code   RO         8902    i.err_tcp           api_msg.o
    0x0801cd38   0x00000030   Code   RO        10638    i.etharp_cleanup_netif  etharp.o
    0x0801cd68   0x000000f8   Code   RO        10640    i.etharp_find_entry  etharp.o
    0x0801ce60   0x00000028   Code   RO        10641    i.etharp_free_entry  etharp.o
    0x0801ce88   0x000000f0   Code   RO        10643    i.etharp_input      etharp.o
    0x0801cf78   0x00000100   Code   RO        10644    i.etharp_output     etharp.o
    0x0801d078   0x0000006c   Code   RO        10645    i.etharp_output_to_arp_index  etharp.o
    0x0801d0e4   0x0000012c   Code   RO        10646    i.etharp_query      etharp.o
    0x0801d210   0x0000009c   Code   RO        10647    i.etharp_raw        etharp.o
    0x0801d2ac   0x0000000c   Code   RO        10648    i.etharp_request    etharp.o
    0x0801d2b8   0x00000020   Code   RO        10649    i.etharp_request_dst  etharp.o
    0x0801d2d8   0x00000060   Code   RO        10650    i.etharp_tmr        etharp.o
    0x0801d338   0x00000084   Code   RO        10651    i.etharp_update_arp_entry  etharp.o
    0x0801d3bc   0x000000d4   Code   RO         9825    i.ethernet_input    ethernet.o
    0x0801d490   0x00000058   Code   RO         9826    i.ethernet_output   ethernet.o
    0x0801d4e8   0x0000001c   Code   RO         2939    i.ethernet_watchdog  ethernetif.o
    0x0801d504   0x00000028   Code   RO         2940    i.ethernetif_init   ethernetif.o
    0x0801d52c   0x0000003c   Code   RO         2941    i.ethernetif_input  ethernetif.o
    0x0801d568   0x00000002   Code   RO         2942    i.ethernetif_notify_conn_changed  ethernetif.o
    0x0801d56a   0x00000002   PAD
    0x0801d56c   0x0000004c   Code   RO         2943    i.ethernetif_set_link  ethernetif.o
    0x0801d5b8   0x000000b0   Code   RO         2944    i.ethernetif_update_config  ethernetif.o
    0x0801d668   0x00000080   Code   RO         1370    i.f_chdir           ff.o
    0x0801d6e8   0x00000084   Code   RO         1371    i.f_chmod           ff.o
    0x0801d76c   0x0000002a   Code   RO         1372    i.f_close           ff.o
    0x0801d796   0x00000134   Code   RO         1374    i.f_getcwd          ff.o
    0x0801d8ca   0x000000e2   Code   RO         1375    i.f_getfree         ff.o
    0x0801d9ac   0x000002c0   Code   RO         1377    i.f_lseek           ff.o
    0x0801dc6c   0x00000192   Code   RO         1378    i.f_mkdir           ff.o
    0x0801ddfe   0x00000002   PAD
    0x0801de00   0x00000080   Code   RO         1380    i.f_mount           ff.o
    0x0801de80   0x000001f4   Code   RO         1381    i.f_open            ff.o
    0x0801e074   0x00000098   Code   RO         1382    i.f_opendir         ff.o
    0x0801e10c   0x000001c2   Code   RO         1386    i.f_read            ff.o
    0x0801e2ce   0x00000078   Code   RO         1387    i.f_readdir         ff.o
    0x0801e346   0x00000066   Code   RO         1389    i.f_stat            ff.o
    0x0801e3ac   0x000000a8   Code   RO         1390    i.f_sync            ff.o
    0x0801e454   0x000000e6   Code   RO         1392    i.f_unlink          ff.o
    0x0801e53a   0x000001fc   Code   RO         1394    i.f_write           ff.o
    0x0801e736   0x00000002   PAD
    0x0801e738   0x00000034   Code   RO         1963    i.ff_convert        unicode.o
    0x0801e76c   0x0000001a   Code   RO         1903    i.ff_cre_syncobj    syscall.o
    0x0801e786   0x0000000a   Code   RO         1904    i.ff_del_syncobj    syscall.o
    0x0801e790   0x00000004   Code   RO         1905    i.ff_memalloc       syscall.o
    0x0801e794   0x00000004   Code   RO         1906    i.ff_memfree        syscall.o
    0x0801e798   0x00000004   Code   RO         1907    i.ff_rel_grant      syscall.o
    0x0801e79c   0x00000014   Code   RO         1908    i.ff_req_grant      syscall.o
    0x0801e7b0   0x0000008c   Code   RO         1964    i.ff_wtoupper       unicode.o
    0x0801e83c   0x00000068   Code   RO        11259    i.fgsm_close        logsd.o
    0x0801e8a4   0x00000094   Code   RO        11260    i.fgsm_filesize     logsd.o
    0x0801e938   0x00000088   Code   RO        11261    i.fgsm_open         logsd.o
    0x0801e9c0   0x000000cc   Code   RO        11262    i.fgsm_read         logsd.o
    0x0801ea8c   0x00000284   Code   RO         1395    i.find_volume       ff.o
    0x0801ed10   0x0000009a   Code   RO         1396    i.follow_path       ff.o
    0x0801edaa   0x00000002   Code   RO         8531    i.fs_close          fs.o
    0x0801edac   0x00000048   Code   RO         8532    i.fs_open           fs.o
    0x0801edf4   0x00000088   Code   RO         1397    i.gen_numname       ff.o
    0x0801ee7c   0x000000c4   Code   RO         1398    i.get_fat           ff.o
    0x0801ef40   0x00000050   Code   RO         2070    i.get_fattime       fatfs.o
    0x0801ef90   0x000000f4   Code   RO         1399    i.get_fileinfo      ff.o
    0x0801f084   0x00000042   Code   RO         1400    i.get_ldnumber      ff.o
    0x0801f0c6   0x00000002   PAD
    0x0801f0c8   0x00001c90   Code   RO         3166    i.http_server_serve  httpserver-netconn.o
    0x08020d58   0x00000008   Code   RO         8366    i.icmp_dest_unreach  icmp.o
    0x08020d60   0x00000168   Code   RO         8367    i.icmp_input        icmp.o
    0x08020ec8   0x00000078   Code   RO         8368    i.icmp_send_response  icmp.o
    0x08020f40   0x00000008   Code   RO         8369    i.icmp_time_exceeded  icmp.o
    0x08020f48   0x00000010   Code   RO          896    i.inHandlerMode     cmsis_os.o
    0x08020f58   0x00000040   Code   RO         9557    i.ip4_addr_isbroadcast_u32  ip4_addr.o
    0x08020f98   0x0000018c   Code   RO        10383    i.ip4_frag          ip4_frag.o
    0x08021124   0x00000208   Code   RO         9230    i.ip4_input         ip4.o
    0x0802132c   0x00000022   Code   RO         9232    i.ip4_output_if     ip4.o
    0x0802134e   0x00000002   PAD
    0x08021350   0x000000c8   Code   RO         9233    i.ip4_output_if_src  ip4.o
    0x08021418   0x000001a0   Code   RO        10384    i.ip4_reass         ip4_frag.o
    0x080215b8   0x00000068   Code   RO         9234    i.ip4_route         ip4.o
    0x08021620   0x00000006   Code   RO        10385    i.ip_frag_alloc_pbuf_custom_ref  ip4_frag.o
    0x08021626   0x00000008   Code   RO        10386    i.ip_frag_free_pbuf_custom_ref  ip4_frag.o
    0x0802162e   0x00000002   PAD
    0x08021630   0x000000f4   Code   RO        10387    i.ip_reass_chain_frag_into_datagram_and_validate  ip4_frag.o
    0x08021724   0x00000024   Code   RO        10388    i.ip_reass_dequeue_datagram  ip4_frag.o
    0x08021748   0x00000060   Code   RO        10389    i.ip_reass_enqueue_new_datagram  ip4_frag.o
    0x080217a8   0x00000074   Code   RO        10390    i.ip_reass_free_complete_datagram  ip4_frag.o
    0x0802181c   0x00000088   Code   RO        10391    i.ip_reass_remove_oldest_datagram  ip4_frag.o
    0x080218a4   0x0000002c   Code   RO        10392    i.ip_reass_tmr      ip4_frag.o
    0x080218d0   0x00000018   Code   RO        10393    i.ipfrag_free_pbuf_custom  ip4_frag.o
    0x080218e8   0x00000026   Code   RO         1401    i.ld_clust          ff.o
    0x0802190e   0x00000016   Code   RO         1402    i.ld_dword          ff.o
    0x08021924   0x0000000a   Code   RO         1403    i.ld_word           ff.o
    0x0802192e   0x00000016   Code   RO         1404    i.lock_fs           ff.o
    0x08021944   0x00000114   Code   RO         2945    i.low_level_init    ethernetif.o
    0x08021a58   0x000000f4   Code   RO         2946    i.low_level_input   ethernetif.o
    0x08021b4c   0x000000b0   Code   RO         2947    i.low_level_output  ethernetif.o
    0x08021bfc   0x00000018   Code   RO         9484    i.lwip_htonl        def.o
    0x08021c14   0x0000000a   Code   RO         9485    i.lwip_htons        def.o
    0x08021c1e   0x00000022   Code   RO         8464    i.lwip_init         init.o
    0x08021c40   0x0000004a   Code   RO         8903    i.lwip_netconn_do_bind  api_msg.o
    0x08021c8a   0x00000002   PAD
    0x08021c8c   0x00000090   Code   RO         8904    i.lwip_netconn_do_close  api_msg.o
    0x08021d1c   0x00000180   Code   RO         8905    i.lwip_netconn_do_close_internal  api_msg.o
    0x08021e9c   0x000000c0   Code   RO         8906    i.lwip_netconn_do_connect  api_msg.o
    0x08021f5c   0x0000006c   Code   RO         8907    i.lwip_netconn_do_connected  api_msg.o
    0x08021fc8   0x000000b4   Code   RO         8908    i.lwip_netconn_do_delconn  api_msg.o
    0x0802207c   0x000000dc   Code   RO         8911    i.lwip_netconn_do_listen  api_msg.o
    0x08022158   0x0000002c   Code   RO         8912    i.lwip_netconn_do_newconn  api_msg.o
    0x08022184   0x00000058   Code   RO         8913    i.lwip_netconn_do_recv  api_msg.o
    0x080221dc   0x0000007c   Code   RO         8915    i.lwip_netconn_do_write  api_msg.o
    0x08022258   0x00000164   Code   RO         8916    i.lwip_netconn_do_writemore  api_msg.o
    0x080223bc   0x0000003c   Code   RO         2265    i.main              main.o
    0x080223f8   0x0000000c   Code   RO          898    i.makeFreeRtosPriority  cmsis_os.o
    0x08022404   0x00000018   Code   RO         1405    i.mem_cmp           ff.o
    0x0802241c   0x00000012   Code   RO         1406    i.mem_cpy           ff.o
    0x0802242e   0x00000002   PAD
    0x08022430   0x00000064   Code   RO         8408    i.mem_free          mem.o
    0x08022494   0x00000044   Code   RO         8409    i.mem_init          mem.o
    0x080224d8   0x00000124   Code   RO         8410    i.mem_malloc        mem.o
    0x080225fc   0x0000000c   Code   RO         1407    i.mem_set           ff.o
    0x08022608   0x00000114   Code   RO         8411    i.mem_trim          mem.o
    0x0802271c   0x00000018   Code   RO         7369    i.memp_free         memp.o
    0x08022734   0x00000030   Code   RO         7371    i.memp_init         memp.o
    0x08022764   0x00000030   Code   RO         7372    i.memp_init_pool    memp.o
    0x08022794   0x00000018   Code   RO         7373    i.memp_malloc       memp.o
    0x080227ac   0x00000034   Code   RO         1408    i.move_window       ff.o
    0x080227e0   0x00000030   Code   RO        10210    i.netbuf_data       netbuf.o
    0x08022810   0x00000024   Code   RO        10211    i.netbuf_delete     netbuf.o
    0x08022834   0x00000088   Code   RO         7180    i.netconn_accept    api_lib.o
    0x080228bc   0x00000076   Code   RO         8917    i.netconn_alloc     api_msg.o
    0x08022932   0x00000018   Code   RO         7181    i.netconn_apimsg    api_lib.o
    0x0802294a   0x00000002   PAD
    0x0802294c   0x00000030   Code   RO         7182    i.netconn_bind      api_lib.o
    0x0802297c   0x00000006   Code   RO         7183    i.netconn_close     api_lib.o
    0x08022982   0x00000002   PAD
    0x08022984   0x0000002c   Code   RO         7184    i.netconn_close_shutdown  api_lib.o
    0x080229b0   0x00000030   Code   RO         7185    i.netconn_connect   api_lib.o
    0x080229e0   0x00000034   Code   RO         7186    i.netconn_delete    api_lib.o
    0x08022a14   0x000000a0   Code   RO         8918    i.netconn_drain     api_msg.o
    0x08022ab4   0x00000030   Code   RO         8919    i.netconn_free      api_msg.o
    0x08022ae4   0x00000020   Code   RO         7189    i.netconn_listen_with_backlog  api_lib.o
    0x08022b04   0x00000060   Code   RO         7190    i.netconn_new_with_proto_and_callback  api_lib.o
    0x08022b64   0x00000052   Code   RO         7191    i.netconn_recv      api_lib.o
    0x08022bb6   0x00000002   PAD
    0x08022bb8   0x000000d4   Code   RO         7192    i.netconn_recv_data  api_lib.o
    0x08022c8c   0x00000018   Code   RO         7193    i.netconn_recv_tcp_pbuf  api_lib.o
    0x08022ca4   0x00000002   Code   RO         7194    i.netconn_recved    api_lib.o
    0x08022ca6   0x00000002   PAD
    0x08022ca8   0x00000074   Code   RO         7198    i.netconn_write_partly  api_lib.o
    0x08022d1c   0x00000050   Code   RO         8627    i.netif_add         netif.o
    0x08022d6c   0x00000002   Code   RO         8629    i.netif_init        netif.o
    0x08022d6e   0x0000001a   Code   RO         8631    i.netif_issue_reports  netif.o
    0x08022d88   0x0000004c   Code   RO         8633    i.netif_set_addr    netif.o
    0x08022dd4   0x0000000c   Code   RO         8634    i.netif_set_default  netif.o
    0x08022de0   0x0000001a   Code   RO         8635    i.netif_set_down    netif.o
    0x08022dfa   0x0000000e   Code   RO         8636    i.netif_set_gw      netif.o
    0x08022e08   0x00000040   Code   RO         8637    i.netif_set_ipaddr  netif.o
    0x08022e48   0x00000008   Code   RO         8638    i.netif_set_link_callback  netif.o
    0x08022e50   0x0000001a   Code   RO         8639    i.netif_set_link_down  netif.o
    0x08022e6a   0x00000030   Code   RO         8640    i.netif_set_link_up  netif.o
    0x08022e9a   0x0000000e   Code   RO         8641    i.netif_set_netmask  netif.o
    0x08022ea8   0x0000001c   Code   RO         8642    i.netif_set_up      netif.o
    0x08022ec4   0x00000010   Code   RO          900    i.osDelay           cmsis_os.o
    0x08022ed4   0x0000000a   Code   RO          903    i.osKernelStart     cmsis_os.o
    0x08022ede   0x00000018   Code   RO          904    i.osKernelSysTick   cmsis_os.o
    0x08022ef6   0x00000008   Code   RO          912    i.osMessageCreate   cmsis_os.o
    0x08022efe   0x00000018   Code   RO          913    i.osMessageDelete   cmsis_os.o
    0x08022f16   0x00000002   PAD
    0x08022f18   0x00000098   Code   RO          914    i.osMessageGet      cmsis_os.o
    0x08022fb0   0x00000060   Code   RO          916    i.osMessagePut      cmsis_os.o
    0x08023010   0x0000001e   Code   RO          917    i.osMessageWaiting  cmsis_os.o
    0x0802302e   0x00000006   Code   RO          918    i.osMutexCreate     cmsis_os.o
    0x08023034   0x00000050   Code   RO          920    i.osMutexRelease    cmsis_os.o
    0x08023084   0x0000006c   Code   RO          921    i.osMutexWait       cmsis_os.o
    0x080230f0   0x00000028   Code   RO          929    i.osSemaphoreCreate  cmsis_os.o
    0x08023118   0x00000018   Code   RO          930    i.osSemaphoreDelete  cmsis_os.o
    0x08023130   0x00000050   Code   RO          932    i.osSemaphoreRelease  cmsis_os.o
    0x08023180   0x0000006c   Code   RO          933    i.osSemaphoreWait   cmsis_os.o
    0x080231ec   0x00000014   Code   RO          936    i.osSystickHandler  cmsis_os.o
    0x08023200   0x0000002e   Code   RO          937    i.osThreadCreate    cmsis_os.o
    0x0802322e   0x0000000a   Code   RO          940    i.osThreadList      cmsis_os.o
    0x08023238   0x0000000a   Code   RO          946    i.osThreadTerminate  cmsis_os.o
    0x08023242   0x00000138   Code   RO         9641    i.pbuf_alloc        pbuf.o
    0x0802337a   0x0000005c   Code   RO         9642    i.pbuf_alloced_custom  pbuf.o
    0x080233d6   0x00000028   Code   RO         9643    i.pbuf_cat          pbuf.o
    0x080233fe   0x00000012   Code   RO         9645    i.pbuf_clen         pbuf.o
    0x08023410   0x000000a0   Code   RO         9647    i.pbuf_copy         pbuf.o
    0x080234b0   0x0000006c   Code   RO         9648    i.pbuf_copy_partial  pbuf.o
    0x0802351c   0x0000005e   Code   RO         9650    i.pbuf_free         pbuf.o
    0x0802357a   0x00000002   PAD
    0x0802357c   0x0000002c   Code   RO         9651    i.pbuf_free_ooseq   pbuf.o
    0x080235a8   0x00000004   Code   RO         9652    i.pbuf_free_ooseq_callback  pbuf.o
    0x080235ac   0x00000006   Code   RO         9654    i.pbuf_header       pbuf.o
    0x080235b2   0x00000006   Code   RO         9655    i.pbuf_header_force  pbuf.o
    0x080235b8   0x00000074   Code   RO         9656    i.pbuf_header_impl  pbuf.o
    0x0802362c   0x0000002c   Code   RO         9659    i.pbuf_pool_is_empty  pbuf.o
    0x08023658   0x00000054   Code   RO         9661    i.pbuf_realloc      pbuf.o
    0x080236ac   0x0000000c   Code   RO         9662    i.pbuf_ref          pbuf.o
    0x080236b8   0x00000036   Code   RO         8920    i.pcb_new           api_msg.o
    0x080236ee   0x00000002   PAD
    0x080236f0   0x00000084   Code   RO         1409    i.pick_lfn          ff.o
    0x08023774   0x00000054   Code   RO         8412    i.plug_holes        mem.o
    0x080237c8   0x00000064   Code   RO         8921    i.poll_tcp          api_msg.o
    0x0802382c   0x00000070   Code   RO          380    i.prvAddCurrentTaskToDelayedList  tasks.o
    0x0802389c   0x0000008c   Code   RO          381    i.prvAddNewTaskToReadyList  tasks.o
    0x08023928   0x00000054   Code   RO          382    i.prvCheckTasksWaitingTermination  tasks.o
    0x0802397c   0x00000028   Code   RO          200    i.prvCopyDataFromQueue  queue.o
    0x080239a4   0x0000006e   Code   RO          201    i.prvCopyDataToQueue  queue.o
    0x08023a12   0x00000014   Code   RO          383    i.prvDeleteTCB      tasks.o
    0x08023a26   0x00000002   PAD
    0x08023a28   0x0000004c   Code   RO         1304    i.prvHeapInit       heap_4.o
    0x08023a74   0x00000074   Code   RO          384    i.prvIdleTask       tasks.o
    0x08023ae8   0x00000018   Code   RO          202    i.prvInitialiseMutex  queue.o
    0x08023b00   0x00000022   Code   RO          203    i.prvInitialiseNewQueue  queue.o
    0x08023b22   0x00000088   Code   RO          385    i.prvInitialiseNewTask  tasks.o
    0x08023baa   0x00000002   PAD
    0x08023bac   0x00000058   Code   RO          386    i.prvInitialiseTaskLists  tasks.o
    0x08023c04   0x00000054   Code   RO         1305    i.prvInsertBlockIntoFreeList  heap_4.o
    0x08023c58   0x0000001a   Code   RO          204    i.prvIsQueueEmpty   queue.o
    0x08023c72   0x0000001e   Code   RO          205    i.prvIsQueueFull    queue.o
    0x08023c90   0x0000005c   Code   RO          387    i.prvListTasksWithinSingleList  tasks.o
    0x08023cec   0x00000024   Code   RO          388    i.prvResetNextTaskUnblockTime  tasks.o
    0x08023d10   0x0000005a   Code   RO          389    i.prvSearchForNameWithinSingleList  tasks.o
    0x08023d6a   0x00000014   Code   RO          390    i.prvTaskCheckFreeStackSpace  tasks.o
    0x08023d7e   0x00000010   Code   RO          122    i.prvTaskExitError  port.o
    0x08023d8e   0x0000006a   Code   RO          206    i.prvUnlockQueue    queue.o
    0x08023df8   0x00000024   Code   RO          392    i.prvWriteNameToBuffer  tasks.o
    0x08023e1c   0x000000fa   Code   RO         1410    i.put_fat           ff.o
    0x08023f16   0x00000002   PAD
    0x08023f18   0x00000074   Code   RO         1411    i.put_lfn           ff.o
    0x08023f8c   0x00000098   Code   RO         1306    i.pvPortMalloc      heap_4.o
    0x08024024   0x00000018   Code   RO          393    i.pvTaskIncrementMutexHeldCount  tasks.o
    0x0802403c   0x00000024   Code   RO          123    i.pxPortInitialiseStack  port.o
    0x08024060   0x0000006e   Code   RO         8922    i.recv_tcp          api_msg.o
    0x080240ce   0x00000078   Code   RO         1415    i.remove_chain      ff.o
    0x08024146   0x0000005a   Code   RO         8923    i.sent_tcp          api_msg.o
    0x080241a0   0x00000044   Code   RO         8924    i.setup_tcp         api_msg.o
    0x080241e4   0x00000028   Code   RO         1416    i.st_clust          ff.o
    0x0802420c   0x00000010   Code   RO         1417    i.st_dword          ff.o
    0x0802421c   0x00000008   Code   RO         1418    i.st_word           ff.o
    0x08024224   0x00000002   Code   RO         7846    i.stats_init        stats.o
    0x08024226   0x0000001a   Code   RO         1419    i.sum_sfn           ff.o
    0x08024240   0x00000088   Code   RO         1420    i.sync_fs           ff.o
    0x080242c8   0x00000054   Code   RO         1421    i.sync_window       ff.o
    0x0802431c   0x0000005e   Code   RO         7537    i.sys_arch_mbox_fetch  sys_arch.o
    0x0802437a   0x0000002e   Code   RO         7538    i.sys_arch_mbox_tryfetch  sys_arch.o
    0x080243a8   0x00000040   Code   RO         7540    i.sys_arch_sem_wait  sys_arch.o
    0x080243e8   0x0000005c   Code   RO        10738    i.sys_check_timeouts  timeouts.o
    0x08024444   0x00000018   Code   RO         7542    i.sys_init          sys_arch.o
    0x0802445c   0x0000002c   Code   RO         7543    i.sys_mbox_free     sys_arch.o
    0x08024488   0x00000044   Code   RO         7544    i.sys_mbox_new      sys_arch.o
    0x080244cc   0x0000001a   Code   RO         7545    i.sys_mbox_post     sys_arch.o
    0x080244e6   0x00000006   Code   RO         7546    i.sys_mbox_set_invalid  sys_arch.o
    0x080244ec   0x00000024   Code   RO         7547    i.sys_mbox_trypost  sys_arch.o
    0x08024510   0x0000000e   Code   RO         7548    i.sys_mbox_valid    sys_arch.o
    0x0802451e   0x0000000a   Code   RO         7550    i.sys_mutex_lock    sys_arch.o
    0x08024528   0x00000040   Code   RO         7551    i.sys_mutex_new     sys_arch.o
    0x08024568   0x00000006   Code   RO         7552    i.sys_mutex_unlock  sys_arch.o
    0x0802456e   0x00000004   Code   RO         2949    i.sys_now           ethernetif.o
    0x08024572   0x00000002   PAD
    0x08024574   0x00000014   Code   RO         7553    i.sys_sem_free      sys_arch.o
    0x08024588   0x00000050   Code   RO         7554    i.sys_sem_new       sys_arch.o
    0x080245d8   0x00000006   Code   RO         7555    i.sys_sem_set_invalid  sys_arch.o
    0x080245de   0x00000006   Code   RO         7556    i.sys_sem_signal    sys_arch.o
    0x080245e4   0x0000000e   Code   RO         7557    i.sys_sem_valid     sys_arch.o
    0x080245f2   0x00000030   Code   RO         7558    i.sys_thread_new    sys_arch.o
    0x08024622   0x00000002   PAD
    0x08024624   0x0000009c   Code   RO        10740    i.sys_timeout       timeouts.o
    0x080246c0   0x00000030   Code   RO        10741    i.sys_timeouts_init  timeouts.o
    0x080246f0   0x0000003c   Code   RO        10742    i.sys_timeouts_mbox_fetch  timeouts.o
    0x0802472c   0x0000002c   Code   RO        10743    i.sys_timeouts_sleeptime  timeouts.o
    0x08024758   0x000000d4   Code   RO         7883    i.tcp_abandon       tcp.o
    0x0802482c   0x00000006   Code   RO         7884    i.tcp_abort         tcp.o
    0x08024832   0x0000000e   Code   RO         7885    i.tcp_accept        tcp.o
    0x08024840   0x0000000e   Code   RO         7886    i.tcp_accept_null   tcp.o
    0x0802484e   0x00000002   PAD
    0x08024850   0x000000fc   Code   RO         7887    i.tcp_alloc         tcp.o
    0x0802494c   0x00000008   Code   RO         7888    i.tcp_arg           tcp.o
    0x08024954   0x00000094   Code   RO         7889    i.tcp_bind          tcp.o
    0x080249e8   0x00000014   Code   RO         7890    i.tcp_close         tcp.o
    0x080249fc   0x00000168   Code   RO         7891    i.tcp_close_shutdown  tcp.o
    0x08024b64   0x000000f8   Code   RO         7892    i.tcp_connect       tcp.o
    0x08024c5c   0x000000a8   Code   RO         7716    i.tcp_create_segment  tcp_out.o
    0x08024d04   0x00000026   Code   RO         7894    i.tcp_eff_send_mss_impl  tcp.o
    0x08024d2a   0x00000002   PAD
    0x08024d2c   0x000000d4   Code   RO         7717    i.tcp_enqueue_flags  tcp_out.o
    0x08024e00   0x0000000a   Code   RO         7895    i.tcp_err           tcp.o
    0x08024e0a   0x00000002   PAD
    0x08024e0c   0x00000058   Code   RO         7896    i.tcp_fasttmr       tcp.o
    0x08024e64   0x00000030   Code   RO         9136    i.tcp_getoptbyte    tcp_in.o
    0x08024e94   0x00000002   Code   RO         7897    i.tcp_init          tcp.o
    0x08024e96   0x00000002   PAD
    0x08024e98   0x00000408   Code   RO         9137    i.tcp_input         tcp_in.o
    0x080252a0   0x00000060   Code   RO         7718    i.tcp_keepalive     tcp_out.o
    0x08025300   0x00000048   Code   RO         7898    i.tcp_kill_prio     tcp.o
    0x08025348   0x0000003c   Code   RO         7899    i.tcp_kill_state    tcp.o
    0x08025384   0x00000034   Code   RO         7900    i.tcp_kill_timewait  tcp.o
    0x080253b8   0x00000020   Code   RO         7901    i.tcp_listen_closed  tcp.o
    0x080253d8   0x000000f8   Code   RO         9138    i.tcp_listen_input  tcp_in.o
    0x080254d0   0x0000008c   Code   RO         7902    i.tcp_listen_with_backlog  tcp.o
    0x0802555c   0x00000050   Code   RO         7903    i.tcp_netif_ip_addr_changed  tcp.o
    0x080255ac   0x00000022   Code   RO         7904    i.tcp_netif_ip_addr_changed_pcblist  tcp.o
    0x080255ce   0x00000006   Code   RO         7905    i.tcp_new           tcp.o
    0x080255d4   0x00000058   Code   RO         7907    i.tcp_new_port      tcp.o
    0x0802562c   0x00000010   Code   RO         7908    i.tcp_next_iss      tcp.o
    0x0802563c   0x0000007c   Code   RO         9139    i.tcp_oos_insert_segment  tcp_in.o
    0x080256b8   0x000001d0   Code   RO         7719    i.tcp_output        tcp_out.o
    0x08025888   0x0000006c   Code   RO         7720    i.tcp_output_alloc_header  tcp_out.o
    0x080258f4   0x000000b4   Code   RO         7721    i.tcp_output_segment  tcp_out.o
    0x080259a8   0x00000074   Code   RO         9140    i.tcp_parseopt      tcp_in.o
    0x08025a1c   0x00000052   Code   RO         7722    i.tcp_pbuf_prealloc  tcp_out.o
    0x08025a6e   0x00000042   Code   RO         7909    i.tcp_pcb_purge     tcp.o
    0x08025ab0   0x00000050   Code   RO         7910    i.tcp_pcb_remove    tcp.o
    0x08025b00   0x00000008   Code   RO         7911    i.tcp_poll          tcp.o
    0x08025b08   0x0000043c   Code   RO         9141    i.tcp_process       tcp_in.o
    0x08025f44   0x00000072   Code   RO         7912    i.tcp_process_refused_data  tcp.o
    0x08025fb6   0x00000002   PAD
    0x08025fb8   0x00000724   Code   RO         9142    i.tcp_receive       tcp_in.o
    0x080266dc   0x0000000a   Code   RO         7913    i.tcp_recv          tcp.o
    0x080266e6   0x00000026   Code   RO         7914    i.tcp_recv_null     tcp.o
    0x0802670c   0x00000046   Code   RO         7915    i.tcp_recved        tcp.o
    0x08026752   0x00000014   Code   RO         7916    i.tcp_remove_listener  tcp.o
    0x08026766   0x00000050   Code   RO         7723    i.tcp_rexmit        tcp_out.o
    0x080267b6   0x00000062   Code   RO         7724    i.tcp_rexmit_fast   tcp_out.o
    0x08026818   0x0000002e   Code   RO         7725    i.tcp_rexmit_rto    tcp_out.o
    0x08026846   0x00000002   PAD
    0x08026848   0x00000094   Code   RO         7726    i.tcp_rst           tcp_out.o
    0x080268dc   0x00000026   Code   RO         7917    i.tcp_seg_copy      tcp.o
    0x08026902   0x0000001e   Code   RO         7918    i.tcp_seg_free      tcp.o
    0x08026920   0x00000012   Code   RO         7919    i.tcp_segs_free     tcp.o
    0x08026932   0x0000006e   Code   RO         7727    i.tcp_send_empty_ack  tcp_out.o
    0x080269a0   0x00000048   Code   RO         7728    i.tcp_send_fin      tcp_out.o
    0x080269e8   0x00000008   Code   RO         7920    i.tcp_sent          tcp.o
    0x080269f0   0x00000062   Code   RO         7922    i.tcp_shutdown      tcp.o
    0x08026a52   0x00000002   PAD
    0x08026a54   0x00000294   Code   RO         7923    i.tcp_slowtmr       tcp.o
    0x08026ce8   0x00000034   Code   RO        10745    i.tcp_timer_needed  timeouts.o
    0x08026d1c   0x00000068   Code   RO         9143    i.tcp_timewait_input  tcp_in.o
    0x08026d84   0x00000020   Code   RO         7924    i.tcp_tmr           tcp.o
    0x08026da4   0x00000010   Code   RO         9144    i.tcp_trigger_input_pcb_close  tcp_in.o
    0x08026db4   0x00000036   Code   RO         7926    i.tcp_update_rcv_ann_wnd  tcp.o
    0x08026dea   0x00000002   PAD
    0x08026dec   0x000002c8   Code   RO         7729    i.tcp_write         tcp_out.o
    0x080270b4   0x0000005c   Code   RO         7730    i.tcp_write_checks  tcp_out.o
    0x08027110   0x000000d0   Code   RO         7731    i.tcp_zero_window_probe  tcp_out.o
    0x080271e0   0x0000005c   Code   RO        10284    i.tcpip_callback_with_block  tcpip.o
    0x0802723c   0x0000004c   Code   RO        10287    i.tcpip_init        tcpip.o
    0x08027288   0x00000050   Code   RO        10288    i.tcpip_inpkt       tcpip.o
    0x080272d8   0x00000020   Code   RO        10289    i.tcpip_input       tcpip.o
    0x080272f8   0x00000020   Code   RO        10290    i.tcpip_send_msg_wait_sem  tcpip.o
    0x08027318   0x00000038   Code   RO        10746    i.tcpip_tcp_timer   timeouts.o
    0x08027350   0x00000070   Code   RO        10291    i.tcpip_thread      tcpip.o
    0x080273c0   0x00000018   Code   RO         1422    i.unlock_fs         ff.o
    0x080273d8   0x00000024   Code   RO         1259    i.uxListRemove      list.o
    0x080273fc   0x00000012   Code   RO          209    i.uxQueueMessagesWaiting  queue.o
    0x0802740e   0x00000004   Code   RO          210    i.uxQueueMessagesWaitingFromISR  queue.o
    0x08027412   0x00000002   PAD
    0x08027414   0x000000ac   Code   RO          396    i.uxTaskGetSystemState  tasks.o
    0x080274c0   0x00000016   Code   RO         1260    i.vListInitialise   list.o
    0x080274d6   0x00000006   Code   RO         1261    i.vListInitialiseItem  list.o
    0x080274dc   0x00000030   Code   RO         1262    i.vListInsert       list.o
    0x0802750c   0x00000018   Code   RO         1263    i.vListInsertEnd    list.o
    0x08027524   0x0000001c   Code   RO          125    i.vPortEnterCritical  port.o
    0x08027540   0x00000018   Code   RO          126    i.vPortExitCritical  port.o
    0x08027558   0x00000040   Code   RO         1307    i.vPortFree         heap_4.o
    0x08027598   0x00000020   Code   RO          127    i.vPortSetupTimerInterrupt  port.o
    0x080275b8   0x00000014   Code   RO          213    i.vQueueDelete      queue.o
    0x080275cc   0x00000028   Code   RO          215    i.vQueueUnregisterQueue  queue.o
    0x080275f4   0x00000034   Code   RO          401    i.vTaskDelay        tasks.o
    0x08027628   0x00000098   Code   RO          402    i.vTaskDelete       tasks.o
    0x080276c0   0x00000078   Code   RO          404    i.vTaskGetInfo      tasks.o
    0x08027738   0x000000c0   Code   RO          405    i.vTaskGetRunTimeStats  tasks.o
    0x080277f8   0x000000bc   Code   RO          406    i.vTaskList         tasks.o
    0x080278b4   0x0000000c   Code   RO          407    i.vTaskMissedYield  tasks.o
    0x080278c0   0x00000020   Code   RO          409    i.vTaskPlaceOnEventList  tasks.o
    0x080278e0   0x00000088   Code   RO          411    i.vTaskPriorityInherit  tasks.o
    0x08027968   0x00000010   Code   RO          415    i.vTaskSetTimeOutState  tasks.o
    0x08027978   0x00000058   Code   RO          416    i.vTaskStartScheduler  tasks.o
    0x080279d0   0x00000010   Code   RO          418    i.vTaskSuspendAll   tasks.o
    0x080279e0   0x00000064   Code   RO          419    i.vTaskSwitchContext  tasks.o
    0x08027a44   0x00000040   Code   RO         1423    i.validate          ff.o
    0x08027a84   0x0000000c   Code   RO         1309    i.xPortGetFreeHeapSize  heap_4.o
    0x08027a90   0x00000040   Code   RO          128    i.xPortStartScheduler  port.o
    0x08027ad0   0x0000002c   Code   RO          129    i.xPortSysTickHandler  port.o
    0x08027afc   0x00000018   Code   RO          216    i.xQueueCreateMutex  queue.o
    0x08027b14   0x00000032   Code   RO          217    i.xQueueGenericCreate  queue.o
    0x08027b46   0x00000002   PAD
    0x08027b48   0x0000013c   Code   RO          218    i.xQueueGenericReceive  queue.o
    0x08027c84   0x00000078   Code   RO          219    i.xQueueGenericReset  queue.o
    0x08027cfc   0x000000f8   Code   RO          220    i.xQueueGenericSend  queue.o
    0x08027df4   0x00000066   Code   RO          221    i.xQueueGenericSendFromISR  queue.o
    0x08027e5a   0x00000056   Code   RO          222    i.xQueueGiveFromISR  queue.o
    0x08027eb0   0x00000066   Code   RO          226    i.xQueueReceiveFromISR  queue.o
    0x08027f16   0x00000002   PAD
    0x08027f18   0x00000050   Code   RO          420    i.xTaskCheckForTimeOut  tasks.o
    0x08027f68   0x00000060   Code   RO          421    i.xTaskCreate       tasks.o
    0x08027fc8   0x00000070   Code   RO          425    i.xTaskGetHandle    tasks.o
    0x08028038   0x0000001c   Code   RO          426    i.xTaskGetSchedulerState  tasks.o
    0x08028054   0x0000000c   Code   RO          427    i.xTaskGetTickCount  tasks.o
    0x08028060   0x0000000c   Code   RO          428    i.xTaskGetTickCountFromISR  tasks.o
    0x0802806c   0x000000b8   Code   RO          429    i.xTaskIncrementTick  tasks.o
    0x08028124   0x00000070   Code   RO          432    i.xTaskPriorityDisinherit  tasks.o
    0x08028194   0x00000068   Code   RO          433    i.xTaskRemoveFromEventList  tasks.o
    0x080281fc   0x000000b4   Code   RO          435    i.xTaskResumeAll    tasks.o
    0x080282b0   0x00000118   Code   RO        10964    i.zapros_M          modbus_master.o
    0x080283c8   0x00000084   Code   RO        10965    i.zapros_M10        modbus_master.o
    0x0802844c   0x000000c0   Code   RO        10966    i.zapros_T          modbus_master.o
    0x0802850c   0x000000aa   Data   RO         1424    .constdata          ff.o
    0x080285b6   0x000003ae   Data   RO         1965    .constdata          unicode.o
    0x08028964   0x00000014   Data   RO         2003    .constdata          sd_diskio.o
    0x08028978   0x00000104   Data   RO         2517    .constdata          freertos.o
    0x08028a7c   0x00000014   Data   RO         2736    .constdata          lwip.o
    0x08028a90   0x00000014   Data   RO         2951    .constdata          ethernetif.o
    0x08028aa4   0x00000010   Data   RO         7137    .constdata          system_stm32f4xx.o
    0x08028ab4   0x00000008   Data   RO         7138    .constdata          system_stm32f4xx.o
    0x08028abc   0x00000010   Data   RO         7399    .constdata          memp.o
    0x08028acc   0x00000010   Data   RO         7400    .constdata          memp.o
    0x08028adc   0x00000010   Data   RO         7401    .constdata          memp.o
    0x08028aec   0x00000010   Data   RO         7402    .constdata          memp.o
    0x08028afc   0x00000010   Data   RO         7403    .constdata          memp.o
    0x08028b0c   0x00000010   Data   RO         7404    .constdata          memp.o
    0x08028b1c   0x00000010   Data   RO         7405    .constdata          memp.o
    0x08028b2c   0x00000010   Data   RO         7406    .constdata          memp.o
    0x08028b3c   0x00000010   Data   RO         7407    .constdata          memp.o
    0x08028b4c   0x00000010   Data   RO         7408    .constdata          memp.o
    0x08028b5c   0x00000010   Data   RO         7409    .constdata          memp.o
    0x08028b6c   0x00000010   Data   RO         7410    .constdata          memp.o
    0x08028b7c   0x00000030   Data   RO         7411    .constdata          memp.o
    0x08028bac   0x0000000c   Data   RO         7559    .constdata          sys_arch.o
    0x08028bb8   0x00000054   Data   RO         7927    .constdata          tcp.o
    0x08028c0c   0x000003c6   Data   RO         8533    .constdata          fs.o
    0x08028fd2   0x00002361   Data   RO         8534    .constdata          fs.o
    0x0802b333   0x000026a1   Data   RO         8535    .constdata          fs.o
    0x0802d9d4   0x000004fc   Data   RO         8536    .constdata          fs.o
    0x0802ded0   0x0003299a   Data   RO         8537    .constdata          fs.o
    0x0806086a   0x0001533f   Data   RO         8538    .constdata          fs.o
    0x08075ba9   0x0000193f   Data   RO         8539    .constdata          fs.o
    0x080774e8   0x00000014   Data   RO         8540    .constdata          fs.o
    0x080774fc   0x00000014   Data   RO         8541    .constdata          fs.o
    0x08077510   0x00000014   Data   RO         8542    .constdata          fs.o
    0x08077524   0x00000014   Data   RO         8543    .constdata          fs.o
    0x08077538   0x00000014   Data   RO         8544    .constdata          fs.o
    0x0807754c   0x00000014   Data   RO         8545    .constdata          fs.o
    0x08077560   0x00000014   Data   RO         8546    .constdata          fs.o
    0x08077574   0x00000004   Data   RO         9564    .constdata          ip4_addr.o
    0x08077578   0x00000006   Data   RO         9827    .constdata          ethernet.o
    0x0807757e   0x00000006   Data   RO         9828    .constdata          ethernet.o
    0x08077584   0x00000018   Data   RO        10747    .constdata          timeouts.o
    0x0807759c   0x0000000f   Data   RO        10969    .constdata          modbus_master.o
    0x080775ab   0x00000001   PAD
    0x080775ac   0x000000ec   Data   RO        11159    .constdata          ftp.o
    0x08077698   0x00000081   Data   RO        12543    .constdata          mc_w.l(ctype_o.o)
    0x08077719   0x00000003   PAD
    0x0807771c   0x00000004   Data   RO        12544    .constdata          mc_w.l(ctype_o.o)
    0x08077720   0x0000009e   Data   RO         2518    .conststring        freertos.o
    0x080777be   0x00000002   PAD
    0x080777c0   0x00000008   Data   RO         2737    .conststring        lwip.o
    0x080777c8   0x00000006   Data   RO         2952    .conststring        ethernetif.o
    0x080777ce   0x00000002   PAD
    0x080777d0   0x0000775c   Data   RO         3168    .conststring        httpserver-netconn.o
    0x0807ef2c   0x00000075   Data   RO         7928    .conststring        tcp.o
    0x0807efa1   0x00000003   PAD
    0x0807efa4   0x0000000d   Data   RO        10970    .conststring        modbus_master.o
    0x0807efb1   0x00000003   PAD
    0x0807efb4   0x0000040d   Data   RO        11160    .conststring        ftp.o
    0x0807f3c1   0x00000003   PAD
    0x0807f3c4   0x00000044   Data   RO        11265    .conststring        logsd.o
    0x0807f408   0x0000008e   Data   RO        11430    .conststring        event.o
    0x0807f496   0x00000002   PAD
    0x0807f498   0x00000020   Data   RO        12588    Region$$Table       anon$$obj.o


    Execution Region RW_IRAM1 (Base: 0x20000000, Size: 0x0001c980, Max: 0x00020000, ABSOLUTE, COMPRESSED[0x00000220])

    Base Addr    Size         Type   Attr      Idx    E Section Name        Object

    0x20000000   0x00000004   Data   RW          130    .data               port.o
    0x20000004   0x00000044   Data   RW          438    .data               tasks.o
    0x20000048   0x00000018   Data   RW         1312    .data               heap_4.o
    0x20000060   0x00000008   Data   RW         1425    .data               ff.o
    0x20000068   0x00000001   Data   RW         2004    .data               sd_diskio.o
    0x20000069   0x00000005   Data   RW         2073    .data               fatfs.o
    0x2000006e   0x00000002   PAD
    0x20000070   0x00000004   Data   RW         2270    .data               main.o
    0x20000074   0x00000004   Data   RW         2271    .data               main.o
    0x20000078   0x00000004   Data   RW         2272    .data               main.o
    0x2000007c   0x00000004   Data   RW         2273    .data               main.o
    0x20000080   0x00000004   Data   RW         2274    .data               main.o
    0x20000084   0x00000001   Data   RW         2275    .data               main.o
    0x20000085   0x00000003   PAD
    0x20000088   0x000000b4   Data   RW         2519    .data               freertos.o
    0x2000013c   0x00000001   Data   RW         2521    .data               freertos.o
    0x2000013d   0x00000003   PAD
    0x20000140   0x00000020   Data   RW         2738    .data               lwip.o
    0x20000160   0x00000008   Data   RW         2820    .data               stm32f4xx_it.o
    0x20000168   0x0000000a   Data   RW         2953    .data               ethernetif.o
    0x20000172   0x00000002   PAD
    0x20000174   0x00000080   Data   RW         3171    .data               httpserver-netconn.o
    0x200001f4   0x00000004   Data   RW         4488    .data               stm32f4xx_hal.o
    0x200001f8   0x00000004   Data   RW         7139    .data               system_stm32f4xx.o
    0x200001fc   0x00000004   Data   RW         7412    .data               memp.o
    0x20000200   0x00000004   Data   RW         7413    .data               memp.o
    0x20000204   0x00000004   Data   RW         7414    .data               memp.o
    0x20000208   0x00000004   Data   RW         7415    .data               memp.o
    0x2000020c   0x00000004   Data   RW         7416    .data               memp.o
    0x20000210   0x00000004   Data   RW         7417    .data               memp.o
    0x20000214   0x00000004   Data   RW         7418    .data               memp.o
    0x20000218   0x00000004   Data   RW         7419    .data               memp.o
    0x2000021c   0x00000004   Data   RW         7420    .data               memp.o
    0x20000220   0x00000004   Data   RW         7421    .data               memp.o
    0x20000224   0x00000004   Data   RW         7422    .data               memp.o
    0x20000228   0x00000004   Data   RW         7423    .data               memp.o
    0x2000022c   0x00000004   Data   RW         7561    .data               sys_arch.o
    0x20000230   0x00000020   Data   RW         7929    .data               tcp.o
    0x20000250   0x00000010   Data   RW         8414    .data               mem.o
    0x20000260   0x0000000c   Data   RW         8643    .data               netif.o
    0x2000026c   0x00000001   Data   RW         8925    .data               api_msg.o
    0x2000026d   0x00000003   PAD
    0x20000270   0x00000024   Data   RW         9146    .data               tcp_in.o
    0x20000294   0x00000002   Data   RW         9235    .data               ip4.o
    0x20000296   0x00000001   Data   RW         9669    .data               pbuf.o
    0x20000297   0x00000001   PAD
    0x20000298   0x00000010   Data   RW        10293    .data               tcpip.o
    0x200002a8   0x00000008   Data   RW        10394    .data               ip4_frag.o
    0x200002b0   0x00000001   Data   RW        10653    .data               etharp.o
    0x200002b1   0x00000003   PAD
    0x200002b4   0x0000000c   Data   RW        10748    .data               timeouts.o
    0x200002c0   0x00000024   Data   RW        10971    .data               modbus_master.o
    0x200002e4   0x00000008   Data   RW        11117    .data               modbus_slave.o
    0x200002ec   0x00000070   Data   RW        11163    .data               ftp.o
    0x2000035c   0x00000228   Data   RW        11266    .data               logsd.o
    0x20000584   0x00000001   Data   RW        11267    .data               logsd.o
    0x20000585   0x00000003   PAD
    0x20000588   0x00000008   Data   RW        11431    .data               event.o
    0x20000590   0x00000004   Data   RW        12181    .data               mc_w.l(strtok_r.o)
    0x20000594   0x00000004   Data   RW        12510    .data               mc_w.l(errno.o)
    0x20000598   0x00000040   Zero   RW          227    .bss                queue.o
    0x200005d8   0x000000f0   Zero   RW          437    .bss                tasks.o
    0x200006c8   0x00010000   Zero   RW         1311    .bss                heap_4.o
    0x200106c8   0x0000000c   Zero   RW         1792    .bss                ff_gen_drv.o
    0x200106d4   0x00000260   Zero   RW         2266    .bss                main.o
    0x20010934   0x000001b8   Zero   RW         2267    .bss                main.o
    0x20010aec   0x000000dc   Zero   RW         2268    .bss                main.o
    0x20010bc8   0x00000052   Zero   RW         2515    .bss                freertos.o
    0x20010c1a   0x0000012c   Zero   RW         2516    .bss                freertos.o
    0x20010d46   0x00000002   PAD
    0x20010d48   0x00000034   Zero   RW         2735    .bss                lwip.o
    0x20010d7c   0x000030e8   Zero   RW         2950    .bss                ethernetif.o
    0x20013e64   0x00000d7c   Zero   RW         3167    .bss                httpserver-netconn.o
    0x20014be0   0x00000020   Zero   RW         3658    .bss                stm32f4xx_hal_flash.o
    0x20014c00   0x00000963   Zero   RW         7375    .bss                memp.o
    0x20015563   0x00000001   PAD
    0x20015564   0x0000000a   Zero   RW         7376    .bss                memp.o
    0x2001556e   0x000001a7   Zero   RW         7377    .bss                memp.o
    0x20015715   0x00000001   PAD
    0x20015716   0x0000000a   Zero   RW         7378    .bss                memp.o
    0x20015720   0x00000103   Zero   RW         7379    .bss                memp.o
    0x20015823   0x00000001   PAD
    0x20015824   0x0000000a   Zero   RW         7380    .bss                memp.o
    0x2001582e   0x000000a3   Zero   RW         7381    .bss                memp.o
    0x200158d1   0x00000001   PAD
    0x200158d2   0x0000000a   Zero   RW         7382    .bss                memp.o
    0x200158dc   0x0000016b   Zero   RW         7383    .bss                memp.o
    0x20015a47   0x00000001   PAD
    0x20015a48   0x0000000a   Zero   RW         7384    .bss                memp.o
    0x20015a52   0x000000e3   Zero   RW         7385    .bss                memp.o
    0x20015b35   0x00000001   PAD
    0x20015b36   0x0000000a   Zero   RW         7386    .bss                memp.o
    0x20015b40   0x000002a3   Zero   RW         7387    .bss                memp.o
    0x20015de3   0x00000001   PAD
    0x20015de4   0x0000000a   Zero   RW         7388    .bss                memp.o
    0x20015dee   0x00000083   Zero   RW         7389    .bss                memp.o
    0x20015e71   0x00000001   PAD
    0x20015e72   0x0000000a   Zero   RW         7390    .bss                memp.o
    0x20015e7c   0x00000083   Zero   RW         7391    .bss                memp.o
    0x20015eff   0x00000001   PAD
    0x20015f00   0x0000000a   Zero   RW         7392    .bss                memp.o
    0x20015f0a   0x00000033   Zero   RW         7393    .bss                memp.o
    0x20015f3d   0x00000001   PAD
    0x20015f3e   0x0000000a   Zero   RW         7394    .bss                memp.o
    0x20015f48   0x00000103   Zero   RW         7395    .bss                memp.o
    0x2001604b   0x00000001   PAD
    0x2001604c   0x0000000a   Zero   RW         7396    .bss                memp.o
    0x20016056   0x00002603   Zero   RW         7397    .bss                memp.o
    0x20018659   0x00000001   PAD
    0x2001865a   0x0000000a   Zero   RW         7398    .bss                memp.o
    0x20018664   0x000000e0   Zero   RW         7847    .bss                stats.o
    0x20018744   0x00000018   Zero   RW         8222    .bss                ip.o
    0x2001875c   0x00000e23   Zero   RW         8413    .bss                mem.o
    0x2001957f   0x00000001   PAD
    0x20019580   0x00000010   Zero   RW         9145    .bss                tcp_in.o
    0x20019590   0x00000168   Zero   RW        10652    .bss                etharp.o
    0x200196f8   0x00001623   Zero   RW        10967    .bss                modbus_master.o
    0x2001ad1b   0x0000012c   Zero   RW        11116    .bss                modbus_slave.o
    0x2001ae47   0x00000001   PAD
    0x2001ae48   0x00000348   Zero   RW        11158    .bss                ftp.o
    0x2001b190   0x00000cd0   Zero   RW        11264    .bss                logsd.o
    0x2001be60   0x00000484   Zero   RW        11429    .bss                event.o
    0x2001c2e4   0x00000298   Zero   RW        11896    .bss                usbh_conf.o
    0x2001c57c   0x00000004   PAD
    0x2001c580   0x00000400   Zero   RW         7170    STACK               startup_stm32f407xx.o


==============================================================================

Image component sizes


      Code (inc. data)   RO Data    RW Data    ZI Data      Debug   Object Name

       922         52          0          0          0      30303   api_lib.o
      3090         72          0          1          0      25878   api_msg.o
       160         26          0          0          0       3768   bsp_driver_sd.o
       920         30          0          0          0      22874   cmsis_os.o
        34          0          0          0          0       1066   def.o
       152         26          0          0          0       3597   diskio.o
      1668         86          0          1        360      12047   etharp.o
       300         14         12          0          0       2618   ethernet.o
      1378         98         26         10      12520       9676   ethernetif.o
      3184        320        142          8       1156       7877   event.o
         0          0          0          0          0      20706   event_groups.o
       108         14          0          5          0       1627   fatfs.o
      9300         80        170          8          0      66861   ff.o
        70          6          0          0         12       3563   ff_gen_drv.o
     10156        802        418        181        382      73148   freertos.o
        74          6     321896          0          0       4018   fs.o
      4016        564       1273        112        840      25803   ftp.o
       388         30          0         24      65536       4846   heap_4.o
     11600       2434      30556        128       3452      29206   httpserver-netconn.o
       496         14          0          0          0       3782   icmp.o
        34          0          0          0          0        544   init.o
         0          0          0          0         24       2962   ip.o
       858         38          0          2          0       5004   ip4.o
        64          0          4          0          0       6766   ip4_addr.o
      1522         52          0          8          0      10970   ip4_frag.o
       136          0          0          0          0       3442   list.o
     11498       2046         68        553       3280      39260   logsd.o
       236         30         28         32         52       5412   lwip.o
      1514        270          0         21       1268      43340   main.o
       820         46          0         16       3619       5617   mem.o
       212         18        240         48      14936      20013   memp.o
      4712        880         28         36       5667      34100   modbus_master.o
       504         48          0          8        300       3114   modbus_slave.o
        84          0          0          0          0       1826   netbuf.o
       424         16          0         12          0      11159   netif.o
      1140         30          0          1          0      12680   pbuf.o
       430         56          0          4          0      10488   port.o
      1500         18          0          0         64      20433   queue.o
       264         36         20          1          0       8688   sd_diskio.o
        36          8        392          0       1024        784   startup_stm32f407xx.o
         2          0          0          0        224       5318   stats.o
       148         22          0          4          0       4267   stm32f4xx_hal.o
       244         14          0          0          0      31623   stm32f4xx_hal_cortex.o
        36          0          0          0          0       1095   stm32f4xx_hal_dma.o
      2772         78          0          0          0      18963   stm32f4xx_hal_eth.o
       516         66          0          0         32       5866   stm32f4xx_hal_flash.o
        92          6          0          0          0        725   stm32f4xx_hal_flash_ex.o
       504         52          0          0          0       3714   stm32f4xx_hal_gpio.o
      1758          4          0          0          0       6520   stm32f4xx_hal_hcd.o
        94          0          0          0          0       1695   stm32f4xx_hal_iwdg.o
       784         64          0          0          0      17019   stm32f4xx_hal_msp.o
      1528         68          0          0          0       6044   stm32f4xx_hal_rcc.o
       352         22          0          0          0       1452   stm32f4xx_hal_rcc_ex.o
       948         24          0          0          0       7194   stm32f4xx_hal_rtc.o
        24          0          0          0          0       1695   stm32f4xx_hal_rtc_ex.o
      3392         16          0          0          0      19566   stm32f4xx_hal_sd.o
       958         52          0          0          0      10609   stm32f4xx_hal_tim.o
        84          0          0          0          0       2254   stm32f4xx_hal_tim_ex.o
      1488         14          0          0          0       7751   stm32f4xx_hal_uart.o
       916        186          0          8          0      16553   stm32f4xx_it.o
      1692         50          0          0          0      23395   stm32f4xx_ll_sdmmc.o
       770          8          0          0          0       8195   stm32f4xx_ll_usb.o
       676         46         12          4          0      17524   sys_arch.o
        68          0          0          0          0       4331   syscall.o
        84         18         24          4          0       1099   system_stm32f4xx.o
      3278        338          0         68        240     800744   tasks.o
      3344        124        201         32          0      38817   tcp.o
      4600        134          0         36         16      20151   tcp_in.o
      2876         44          0          0          0      16615   tcp_out.o
       424         56          0         16          0       7121   tcpip.o
       536         72         24         12          0       6896   timeouts.o
         0          0          0          0          0       7908   timers.o
       192         22        942          0          0       2323   unicode.o
       120          0          0          0        664       3760   usbh_conf.o
       180          0          0          0          0      11184   usbh_core.o
        24          0          0          0          0        996   usbh_pipes.o

    ----------------------------------------------------------------------
    109612       9866     356524       1424     115688    1740848   Object Totals
         0          0         32          0          0          0   (incl. Generated)
       104          0         16         20         20          0   (incl. Padding)

    ----------------------------------------------------------------------

      Code (inc. data)   RO Data    RW Data    ZI Data      Debug   Library Member Name

        56         12          0          0          0        132   atof.o
        86          0          0          0          0          0   __dczerorl2.o
        28          0          0          0          0         68   _chval.o
        64          0          0          0          0         84   _sgetc.o
       158          0          0          0          0         92   _strtoul.o
        26          0          0          0          0         80   atoi.o
         8          4        133          0          0         68   ctype_o.o
         0          0          0          0          0          0   entry.o
         0          0          0          0          0          0   entry10a.o
         0          0          0          0          0          0   entry11a.o
         8          4          0          0          0          0   entry2.o
         4          0          0          0          0          0   entry5.o
         0          0          0          0          0          0   entry7b.o
         0          0          0          0          0          0   entry8b.o
         8          4          0          0          0          0   entry9a.o
        32         16          0          4          0        204   errno.o
        30          0          0          0          0          0   handlers.o
        36          8          0          0          0         68   init.o
        18          0          0          0          0         76   isspace_o.o
         0          0          0          0          0          0   iusefp.o
        30          0          0          0          0         68   llshl.o
        36          0          0          0          0         68   llsshr.o
        32          0          0          0          0         68   llushr.o
        26          0          0          0          0         80   memcmp.o
        36          0          0          0          0         68   memcpya.o
        36          0          0          0          0        108   memseta.o
      2342         94          0          0          0        744   printfa.o
       838         12          0          0          0        216   scanf_fp.o
        42          0          0          0          0         84   strcasecmp.o
        24          0          0          0          0         68   strcat.o
        20          0          0          0          0         68   strchr.o
        28          0          0          0          0         76   strcmp.o
        18          0          0          0          0         68   strcpy.o
        14          0          0          0          0         68   strlen.o
        30          0          0          0          0         80   strncmp.o
        24          0          0          0          0         76   strncpy.o
        36          0          0          0          0         80   strstr.o
       156         14          0          0          0        120   strtod.o
        68          4          0          4          0         96   strtok_r.o
       112          0          0          0          0         88   strtol.o
        12          0          0          0          0         68   tolower.o
        44          0          0          0          0         80   uidiv.o
        98          0          0          0          0         92   uldiv.o
        48          0          0          0          0         68   cdrcmple.o
        56          0          0          0          0         88   d2f.o
       334          0          0          0          0        148   dadd.o
       222          0          0          0          0        100   ddiv.o
       186          0          0          0          0        176   depilogue.o
        48          0          0          0          0         68   dfixul.o
        24          0          0          0          0         76   dfltul.o
       228          0          0          0          0         96   dmul.o
        38          0          0          0          0         68   f2d.o
       110          0          0          0          0        168   fepilogue.o

    ----------------------------------------------------------------------
      5976        176        136          8          0       4560   Library Totals
        18          4          3          0          0          0   (incl. Padding)

    ----------------------------------------------------------------------

      Code (inc. data)   RO Data    RW Data    ZI Data      Debug   Library Name

        56         12          0          0          0        132   m_wm.l
      4608        160        133          8          0       3372   mc_w.l
      1294          0          0          0          0       1056   mf_w.l

    ----------------------------------------------------------------------
      5976        176        136          8          0       4560   Library Totals

    ----------------------------------------------------------------------

==============================================================================


      Code (inc. data)   RO Data    RW Data    ZI Data      Debug   

    115588      10042     356660       1432     115688    1674196   Grand Totals
    115588      10042     356660        544     115688    1674196   ELF Image Totals (compressed)
    115588      10042     356660        544          0          0   ROM Totals

==============================================================================

    Total RO  Size (Code + RO Data)               472248 ( 461.18kB)
    Total RW  Size (RW Data + ZI Data)            117120 ( 114.38kB)
    Total ROM Size (Code + RO Data + RW Data)     472792 ( 461.71kB)

==============================================================================

